213.238.175.29 - - [02/Feb/2015:05:57:10 +0100] "GET /livredor/index.php3?rub=ajouter HTTP/1.1" 200 2452 www.divebartheband.com "-" "Mozilla/4.0 (compatible; MSIE 6.0; Windows NT 5.1; SV1)" "-"
213.238.175.29 - - [02/Feb/2015:05:57:10 +0100] "GET /contacts.php?rub=voir&deb=1504 HTTP/1.1" 200 4869 www.divebartheband.com "-" "Mozilla/4.0 (compatible; MSIE 6.0; Windows NT 5.1; SV1)" "-"
213.238.175.29 - - [02/Feb/2015:05:57:10 +0100] "GET / HTTP/1.1" 200 1598 www.divebartheband.com "-" "Mozilla/4.0 (compatible; MSIE 6.0; Windows NT 5.1; SV1)" "-"
213.238.175.29 - - [02/Feb/2015:05:57:11 +0100] "GET /livredor/contacts.php HTTP/1.1" 404 823 www.divebartheband.com "-" "Mozilla/4.0 (compatible; MSIE 6.0; Windows NT 5.1; SV1)" "-"
213.238.175.29 - - [02/Feb/2015:05:57:11 +0100] "GET /livredor/index.php3?rub=voir&deb=8 HTTP/1.1" 200 19019 www.divebartheband.com "-" "Mozilla/4.0 (compatible; MSIE 6.0; Windows NT 5.1; SV1)" "-"
213.238.175.29 - - [02/Feb/2015:05:57:11 +0100] "GET /livredor/index.php3?rub=voir&deb=44688 HTTP/1.1" 200 6826 www.divebartheband.com "-" "Mozilla/4.0 (compatible; MSIE 6.0; Windows NT 5.1; SV1)" "-"
213.238.175.29 - - [02/Feb/2015:05:57:11 +0100] "GET / HTTP/1.1" 200 1598 divebartheband.com "-" "Mozilla/4.0 (compatible; MSIE 6.0; Windows NT 5.1; SV1)" "-"
213.238.175.29 - - [02/Feb/2015:05:57:11 +0100] "GET /Photos.html HTTP/1.1" 301 249 www.divebartheband.com "-" "Mozilla/4.0 (compatible; MSIE 6.0; Windows NT 5.1; SV1)" "-"
213.238.175.29 - - [02/Feb/2015:05:57:11 +0100] "GET /photos.html HTTP/1.1" 200 2430 www.divebartheband.com "-" "Mozilla/4.0 (compatible; MSIE 6.0; Windows NT 5.1; SV1)" "-"
213.238.175.29 - - [02/Feb/2015:05:57:12 +0100] "GET /videos.html HTTP/1.1" 200 2935 www.divebartheband.com "-" "Mozilla/4.0 (compatible; MSIE 6.0; Windows NT 5.1; SV1)" "-"
213.238.175.29 - - [02/Feb/2015:05:57:12 +0100] "GET /news.html HTTP/1.1" 200 3449 www.divebartheband.com "-" "Mozilla/4.0 (compatible; MSIE 6.0; Windows NT 5.1; SV1)" "-"
213.238.175.29 - - [02/Feb/2015:05:57:12 +0100] "GET /contacts.html HTTP/1.1" 300 423 www.divebartheband.com "-" "Mozilla/4.0 (compatible; MSIE 6.0; Windows NT 5.1; SV1)" "-"
213.238.175.29 - - [02/Feb/2015:05:57:12 +0100] "GET /contacts.php?rub=voir HTTP/1.1" 200 4869 www.divebartheband.com "-" "Mozilla/4.0 (compatible; MSIE 6.0; Windows NT 5.1; SV1)" "-"
46.161.41.34 - - [02/Feb/2015:06:00:20 +0100] "GET /contacts.php HTTP/1.1" 200 4869 divebartheband.com "-" "Mozilla/4.0 (compatible; MSIE 6.0; Windows NT 5.1; SV1)" "-"
46.161.41.34 - - [02/Feb/2015:06:00:21 +0100] "POST /livredor/index.php3?rub=ajouter HTTP/1.1" 200 25262 divebartheband.com "http://divebartheband.com/contacts.php" "Mozilla/4.0 (compatible; MSIE 6.0; Windows NT 5.1; SV1)" "-"
46.161.41.34 - - [02/Feb/2015:06:00:42 +0100] "GET /contacts.php HTTP/1.1" 200 4869 www.dive-hall.com "-" "Mozilla/4.0 (compatible; MSIE 6.0; Windows NT 5.1; SV1)" "-"
46.161.41.34 - - [02/Feb/2015:06:00:42 +0100] "POST /livredor/index.php3?rub=ajouter HTTP/1.1" 200 25262 www.dive-hall.com "http://www.dive-hall.com/contacts.php" "Mozilla/4.0 (compatible; MSIE 6.0; Windows NT 5.1; SV1)" "-"
188.165.15.169 - - [02/Feb/2015:06:03:08 +0100] "GET /contacts.php?rub=voir&deb=23976 HTTP/1.1" 200 4869 divebartheband.com "-" "Mozilla/5.0 (compatible; AhrefsBot/5.0; +http://ahrefs.com/robot/)" "-"
208.115.113.92 - - [02/Feb/2015:06:06:52 +0100] "GET /contacts.php?rub=voir&deb=36904 HTTP/1.1" 200 4869 divebartheband.com "-" "Mozilla/5.0 (compatible; DotBot/1.1; http://www.opensiteexplorer.org/dotbot, help@moz.com)" "-"
208.115.113.92 - - [02/Feb/2015:06:06:55 +0100] "GET /contacts.php?rub=voir&deb=28608 HTTP/1.1" 200 4869 divebartheband.com "-" "Mozilla/5.0 (compatible; DotBot/1.1; http://www.opensiteexplorer.org/dotbot, help@moz.com)" "-"
188.165.15.97 - - [02/Feb/2015:06:10:00 +0100] "GET /contacts.php?rub=voir&deb=9568 HTTP/1.1" 200 4869 divebartheband.com "-" "Mozilla/5.0 (compatible; AhrefsBot/5.0; +http://ahrefs.com/robot/)" "-"
62.210.129.223 - - [02/Feb/2015:06:12:53 +0100] "GET /contacts.php?rub=voir&deb=33624 HTTP/1.1" 200 4869 www.divebartheband.com "http://www.divebartheband.com/contacts.php?rub=voir&deb=33624" "Mozilla/4.0 (compatible; MSIE 6.0; Windows NT 5.1; SV1)" "-"
91.207.6.138 - - [02/Feb/2015:06:13:30 +0100] "POST /livredor/index.php3?rub=ajouter HTTP/1.1" 200 25262 www.dive-hall.com "http://www.dive-hall.com/contacts.php" "Mozilla/5.0 (compatible; Konqueror/3.0; i686 Linux; 20020502)" "-"
213.238.175.29 - - [02/Feb/2015:06:15:24 +0100] "GET /contacts.php?rub=voir&deb=3376 HTTP/1.1" 200 4869 www.divebartheband.com "-" "Mozilla/4.0 (compatible; MSIE 6.0; Windows NT 5.1; SV1)" "-"
213.238.175.29 - - [02/Feb/2015:06:15:24 +0100] "POST /livredor/index.php3?rub=ajouter HTTP/1.1" 200 25262 www.divebartheband.com "http://www.divebartheband.com/contacts.php?rub=voir&deb=3376" "Mozilla/4.0 (compatible; MSIE 6.0; Windows NT 5.1; SV1)" "-"
213.238.175.29 - - [02/Feb/2015:06:15:25 +0100] "GET /livredor/index.php3?rub=ajouter HTTP/1.1" 200 2452 www.divebartheband.com "-" "Mozilla/4.0 (compatible; MSIE 6.0; Windows NT 5.1; SV1)" "-"
213.238.175.29 - - [02/Feb/2015:06:15:25 +0100] "GET /contacts.php?rub=voir&deb=3376 HTTP/1.1" 200 4869 www.divebartheband.com "-" "Mozilla/4.0 (compatible; MSIE 6.0; Windows NT 5.1; SV1)" "-"
213.238.175.29 - - [02/Feb/2015:06:15:25 +0100] "GET / HTTP/1.1" 200 1598 www.divebartheband.com "-" "Mozilla/4.0 (compatible; MSIE 6.0; Windows NT 5.1; SV1)" "-"
213.238.175.29 - - [02/Feb/2015:06:15:25 +0100] "GET /livredor/contacts.php HTTP/1.1" 404 823 www.divebartheband.com "-" "Mozilla/4.0 (compatible; MSIE 6.0; Windows NT 5.1; SV1)" "-"
213.238.175.29 - - [02/Feb/2015:06:15:25 +0100] "GET /livredor/index.php3?rub=voir&deb=8 HTTP/1.1" 200 19019 www.divebartheband.com "-" "Mozilla/4.0 (compatible; MSIE 6.0; Windows NT 5.1; SV1)" "-"
213.238.175.29 - - [02/Feb/2015:06:15:26 +0100] "GET /livredor/index.php3?rub=voir&deb=44688 HTTP/1.1" 200 6826 www.divebartheband.com "-" "Mozilla/4.0 (compatible; MSIE 6.0; Windows NT 5.1; SV1)" "-"
213.238.175.29 - - [02/Feb/2015:06:15:26 +0100] "GET / HTTP/1.1" 200 1598 divebartheband.com "-" "Mozilla/4.0 (compatible; MSIE 6.0; Windows NT 5.1; SV1)" "-"
213.238.175.29 - - [02/Feb/2015:06:15:26 +0100] "GET /Photos.html HTTP/1.1" 301 249 www.divebartheband.com "-" "Mozilla/4.0 (compatible; MSIE 6.0; Windows NT 5.1; SV1)" "-"
213.238.175.29 - - [02/Feb/2015:06:15:26 +0100] "GET /photos.html HTTP/1.1" 200 2430 www.divebartheband.com "-" "Mozilla/4.0 (compatible; MSIE 6.0; Windows NT 5.1; SV1)" "-"
213.238.175.29 - - [02/Feb/2015:06:15:26 +0100] "GET /videos.html HTTP/1.1" 200 2935 www.divebartheband.com "-" "Mozilla/4.0 (compatible; MSIE 6.0; Windows NT 5.1; SV1)" "-"
213.238.175.29 - - [02/Feb/2015:06:15:27 +0100] "GET /news.html HTTP/1.1" 200 3449 www.divebartheband.com "-" "Mozilla/4.0 (compatible; MSIE 6.0; Windows NT 5.1; SV1)" "-"
213.238.175.29 - - [02/Feb/2015:06:15:27 +0100] "GET /contacts.html HTTP/1.1" 300 423 www.divebartheband.com "-" "Mozilla/4.0 (compatible; MSIE 6.0; Windows NT 5.1; SV1)" "-"
213.238.175.29 - - [02/Feb/2015:06:15:27 +0100] "GET /contacts.php?rub=voir HTTP/1.1" 200 4869 www.divebartheband.com "-" "Mozilla/4.0 (compatible; MSIE 6.0; Windows NT 5.1; SV1)" "-"
86.106.137.4 - - [02/Feb/2015:06:16:08 +0100] "POST /livredor/index.php3?rub=ajouter HTTP/1.1" 200 25262 divebartheband.com "http://divebartheband.com/contacts.php" "Mozilla/4.0 (compatible; MSIE 6.0; Windows NT 5.1; SV1)" "-"
194.247.12.106 - - [02/Feb/2015:06:16:16 +0100] "POST /livredor/index.php3?rub=ajouter HTTP/1.0" 200 25262 www.dive-hall.com "http://www.dive-hall.com/contacts.php" "Mozilla/4.0 (compatible; MSIE 6.0; Windows NT 5.1; SV1)" "-"
194.247.12.106 - - [02/Feb/2015:06:16:24 +0100] "POST /livredor/index.php3?rub=ajouter HTTP/1.0" 200 19361 divebartheband.com "http://divebartheband.com/contacts.php" "Mozilla/4.0 (compatible; MSIE 6.0; Windows NT 5.1; SV1)" "-"
213.238.175.29 - - [02/Feb/2015:06:16:38 +0100] "GET /contacts.php?rub=voir&deb=3608 HTTP/1.1" 200 4869 www.dive-hall.com "-" "Mozilla/4.0 (compatible; MSIE 6.0; Windows NT 5.1; SV1)" "-"
213.238.175.29 - - [02/Feb/2015:06:16:38 +0100] "POST /livredor/index.php3?rub=ajouter HTTP/1.1" 200 25262 www.dive-hall.com "http://www.dive-hall.com/contacts.php?rub=voir&deb=3608" "Mozilla/4.0 (compatible; MSIE 6.0; Windows NT 5.1; SV1)" "-"
213.238.175.29 - - [02/Feb/2015:06:16:39 +0100] "GET /livredor/index.php3?rub=ajouter HTTP/1.1" 200 2452 www.dive-hall.com "-" "Mozilla/4.0 (compatible; MSIE 6.0; Windows NT 5.1; SV1)" "-"
213.238.175.29 - - [02/Feb/2015:06:16:39 +0100] "GET /contacts.php?rub=voir&deb=3608 HTTP/1.1" 200 4869 www.dive-hall.com "-" "Mozilla/4.0 (compatible; MSIE 6.0; Windows NT 5.1; SV1)" "-"
213.238.175.29 - - [02/Feb/2015:06:16:39 +0100] "GET / HTTP/1.1" 200 1598 www.dive-hall.com "-" "Mozilla/4.0 (compatible; MSIE 6.0; Windows NT 5.1; SV1)" "-"
213.238.175.29 - - [02/Feb/2015:06:16:39 +0100] "GET /livredor/contacts.php HTTP/1.1" 404 823 www.dive-hall.com "-" "Mozilla/4.0 (compatible; MSIE 6.0; Windows NT 5.1; SV1)" "-"
213.238.175.29 - - [02/Feb/2015:06:16:39 +0100] "GET /livredor/index.php3?rub=voir&deb=8 HTTP/1.1" 200 19019 www.dive-hall.com "-" "Mozilla/4.0 (compatible; MSIE 6.0; Windows NT 5.1; SV1)" "-"
213.238.175.29 - - [02/Feb/2015:06:16:40 +0100] "GET /livredor/index.php3?rub=voir&deb=44688 HTTP/1.1" 200 6826 www.dive-hall.com "-" "Mozilla/4.0 (compatible; MSIE 6.0; Windows NT 5.1; SV1)" "-"
213.238.175.29 - - [02/Feb/2015:06:16:40 +0100] "GET /Photos.html HTTP/1.1" 301 244 www.dive-hall.com "-" "Mozilla/4.0 (compatible; MSIE 6.0; Windows NT 5.1; SV1)" "-"
213.238.175.29 - - [02/Feb/2015:06:16:40 +0100] "GET /photos.html HTTP/1.1" 200 2430 www.dive-hall.com "-" "Mozilla/4.0 (compatible; MSIE 6.0; Windows NT 5.1; SV1)" "-"
213.238.175.29 - - [02/Feb/2015:06:16:40 +0100] "GET /videos.html HTTP/1.1" 200 2935 www.dive-hall.com "-" "Mozilla/4.0 (compatible; MSIE 6.0; Windows NT 5.1; SV1)" "-"
213.238.175.29 - - [02/Feb/2015:06:16:40 +0100] "GET /news.html HTTP/1.1" 200 3449 www.dive-hall.com "-" "Mozilla/4.0 (compatible; MSIE 6.0; Windows NT 5.1; SV1)" "-"
213.238.175.29 - - [02/Feb/2015:06:16:40 +0100] "GET /contacts.html HTTP/1.1" 300 423 www.dive-hall.com "-" "Mozilla/4.0 (compatible; MSIE 6.0; Windows NT 5.1; SV1)" "-"
213.238.175.29 - - [02/Feb/2015:06:16:41 +0100] "GET /contacts.php?rub=voir HTTP/1.1" 200 4869 www.dive-hall.com "-" "Mozilla/4.0 (compatible; MSIE 6.0; Windows NT 5.1; SV1)" "-"
213.238.175.29 - - [02/Feb/2015:06:17:30 +0100] "GET /contacts.php?rub=voir&deb=11776 HTTP/1.1" 200 4869 www.divebartheband.com "-" "Mozilla/4.0 (compatible; MSIE 6.0; Windows NT 5.1; SV1)" "-"
213.238.175.29 - - [02/Feb/2015:06:17:30 +0100] "POST /livredor/index.php3?rub=ajouter HTTP/1.1" 200 25262 www.divebartheband.com "http://www.divebartheband.com/contacts.php?rub=voir&deb=11776" "Mozilla/4.0 (compatible; MSIE 6.0; Windows NT 5.1; SV1)" "-"
213.238.175.29 - - [02/Feb/2015:06:17:31 +0100] "GET /livredor/index.php3?rub=ajouter HTTP/1.1" 200 2452 www.divebartheband.com "-" "Mozilla/4.0 (compatible; MSIE 6.0; Windows NT 5.1; SV1)" "-"
213.238.175.29 - - [02/Feb/2015:06:17:31 +0100] "GET /contacts.php?rub=voir&deb=11776 HTTP/1.1" 200 4869 www.divebartheband.com "-" "Mozilla/4.0 (compatible; MSIE 6.0; Windows NT 5.1; SV1)" "-"
213.238.175.29 - - [02/Feb/2015:06:17:31 +0100] "GET / HTTP/1.1" 200 1598 www.divebartheband.com "-" "Mozilla/4.0 (compatible; MSIE 6.0; Windows NT 5.1; SV1)" "-"
213.238.175.29 - - [02/Feb/2015:06:17:31 +0100] "GET /livredor/contacts.php HTTP/1.1" 404 823 www.divebartheband.com "-" "Mozilla/4.0 (compatible; MSIE 6.0; Windows NT 5.1; SV1)" "-"
213.238.175.29 - - [02/Feb/2015:06:17:32 +0100] "GET /livredor/index.php3?rub=voir&deb=8 HTTP/1.1" 200 19019 www.divebartheband.com "-" "Mozilla/4.0 (compatible; MSIE 6.0; Windows NT 5.1; SV1)" "-"
213.238.175.29 - - [02/Feb/2015:06:17:32 +0100] "GET /livredor/index.php3?rub=voir&deb=44688 HTTP/1.1" 200 6826 www.divebartheband.com "-" "Mozilla/4.0 (compatible; MSIE 6.0; Windows NT 5.1; SV1)" "-"
213.238.175.29 - - [02/Feb/2015:06:17:32 +0100] "GET / HTTP/1.1" 200 1598 divebartheband.com "-" "Mozilla/4.0 (compatible; MSIE 6.0; Windows NT 5.1; SV1)" "-"
213.238.175.29 - - [02/Feb/2015:06:17:32 +0100] "GET /Photos.html HTTP/1.1" 301 249 www.divebartheband.com "-" "Mozilla/4.0 (compatible; MSIE 6.0; Windows NT 5.1; SV1)" "-"
213.238.175.29 - - [02/Feb/2015:06:17:32 +0100] "GET /photos.html HTTP/1.1" 200 2430 www.divebartheband.com "-" "Mozilla/4.0 (compatible; MSIE 6.0; Windows NT 5.1; SV1)" "-"
213.238.175.29 - - [02/Feb/2015:06:17:32 +0100] "GET /videos.html HTTP/1.1" 200 2935 www.divebartheband.com "-" "Mozilla/4.0 (compatible; MSIE 6.0; Windows NT 5.1; SV1)" "-"
213.238.175.29 - - [02/Feb/2015:06:17:33 +0100] "GET /news.html HTTP/1.1" 200 3449 www.divebartheband.com "-" "Mozilla/4.0 (compatible; MSIE 6.0; Windows NT 5.1; SV1)" "-"
213.238.175.29 - - [02/Feb/2015:06:17:33 +0100] "GET /contacts.html HTTP/1.1" 300 423 www.divebartheband.com "-" "Mozilla/4.0 (compatible; MSIE 6.0; Windows NT 5.1; SV1)" "-"
213.238.175.29 - - [02/Feb/2015:06:17:33 +0100] "GET /contacts.php?rub=voir HTTP/1.1" 200 4869 www.divebartheband.com "-" "Mozilla/4.0 (compatible; MSIE 6.0; Windows NT 5.1; SV1)" "-"
46.161.41.34 - - [02/Feb/2015:06:23:11 +0100] "GET /contacts.php HTTP/1.1" 200 4869 divebartheband.com "-" "Mozilla/4.0 (compatible; MSIE 6.0; Windows NT 5.1; SV1)" "-"
46.161.41.34 - - [02/Feb/2015:06:23:11 +0100] "POST /livredor/index.php3?rub=ajouter HTTP/1.1" 200 25262 divebartheband.com "http://divebartheband.com/contacts.php" "Mozilla/4.0 (compatible; MSIE 6.0; Windows NT 5.1; SV1)" "-"
46.161.41.34 - - [02/Feb/2015:06:23:18 +0100] "GET /contacts.php HTTP/1.1" 200 4869 www.dive-hall.com "-" "Mozilla/4.0 (compatible; MSIE 6.0; Windows NT 5.1; SV1)" "-"
46.161.41.34 - - [02/Feb/2015:06:23:19 +0100] "POST /livredor/index.php3?rub=ajouter HTTP/1.1" 200 25262 www.dive-hall.com "http://www.dive-hall.com/contacts.php" "Mozilla/4.0 (compatible; MSIE 6.0; Windows NT 5.1; SV1)" "-"
118.97.95.182 - - [02/Feb/2015:06:26:52 +0100] "POST /livredor/index.php3?rub=ajouter HTTP/1.0" 200 25262 divebartheband.com "http://divebartheband.com/contacts.php" "Mozilla/4.0 (compatible; MSIE 6.0; Windows NT 5.1; SV1)" "172.17.164.194"
188.165.15.176 - - [02/Feb/2015:06:27:05 +0100] "GET /contacts.php?rub=voir&deb=44552 HTTP/1.1" 200 4869 dive-hall.com "-" "Mozilla/5.0 (compatible; AhrefsBot/5.0; +http://ahrefs.com/robot/)" "-"
188.165.15.204 - - [02/Feb/2015:06:27:20 +0100] "GET /contacts.php?rub=voir&deb=32848 HTTP/1.1" 200 4869 divebartheband.com "-" "Mozilla/5.0 (compatible; AhrefsBot/5.0; +http://ahrefs.com/robot/)" "-"
118.97.95.182 - - [02/Feb/2015:06:27:25 +0100] "POST /livredor/index.php3?rub=ajouter HTTP/1.0" 200 25262 www.dive-hall.com "http://www.dive-hall.com/contacts.php" "Mozilla/4.0 (compatible; MSIE 6.0; Windows NT 5.1; SV1)" "172.17.164.194"
91.207.6.138 - - [02/Feb/2015:06:29:20 +0100] "POST /livredor/index.php3?rub=ajouter HTTP/1.1" 200 25262 www.dive-hall.com "http://www.dive-hall.com/contacts.php" "Mozilla/5.0 (Macintosh; U; Intel Mac OS X 10_5_6; en-us) AppleWebKit/528.16 (KHTML, like Gecko) Fluid/0.9.6 Safari/528.16" "-"
188.165.15.129 - - [02/Feb/2015:06:30:40 +0100] "GET /contacts.php?rub=voir&deb=25192 HTTP/1.1" 200 4869 divebartheband.com "-" "Mozilla/5.0 (compatible; AhrefsBot/5.0; +http://ahrefs.com/robot/)" "-"
188.165.15.13 - - [02/Feb/2015:06:32:02 +0100] "GET /contacts.php?rub=voir&deb=15424 HTTP/1.1" 200 4869 www.dive-hall.com "-" "Mozilla/5.0 (compatible; AhrefsBot/5.0; +http://ahrefs.com/robot/)" "-"
66.249.79.62 - - [02/Feb/2015:06:33:14 +0100] "GET /robots.txt HTTP/1.1" 404 823 divebartheband.com "-" "Mozilla/5.0 (compatible; Googlebot/2.1; +http://www.google.com/bot.html)" "-"
66.249.79.54 - - [02/Feb/2015:06:33:14 +0100] "GET / HTTP/1.1" 200 1598 divebartheband.com "-" "Mozilla/5.0 (compatible; Googlebot/2.1; +http://www.google.com/bot.html)" "-"
117.169.1.64 - - [02/Feb/2015:06:35:21 +0100] "GET /contacts.php HTTP/1.1" 200 4869 www.dive-hall.com "-" "Mozilla/5.0 (Windows; U; MSIE 7.0; Windows NT 6.0; en-US)" "-"
211.141.130.56 - - [02/Feb/2015:06:35:26 +0100] "POST /livredor/index.php3?rub=ajouter HTTP/1.1" 200 25262 www.dive-hall.com "http://www.dive-hall.com/contacts.php" "Mozilla/5.0 (Windows; U; MSIE 7.0; Windows NT 6.0; en-US)" "-"
86.106.137.4 - - [02/Feb/2015:06:35:31 +0100] "POST /livredor/index.php3?rub=ajouter HTTP/1.1" 200 25262 www.dive-hall.com "http://www.dive-hall.com/contacts.php" "Mozilla/4.0 (compatible; MSIE 6.0; Windows NT 5.1; SV1)" "-"
204.12.197.106 - - [02/Feb/2015:06:35:51 +0100] "GET /contacts.php?rub=voir&deb=1880 HTTP/1.0" 200 4869 divebartheband.com "http://divebartheband.com/contacts.php?rub=voir&deb=1880" "Mozilla/5.0 (Windows NT 5.2; WOW64; rv:33.0) Gecko/20100101 Firefox/33.0" "-"
58.22.70.23 - - [02/Feb/2015:06:37:14 +0100] "GET /contacts.php?rub=voir&deb=43840 HTTP/1.1" 200 4869 www.divebartheband.com "-" "Mozilla/4.0 (compatible; MSIE 6.0; Windows NT 5.1; SV1; TencentTraveler ; Mozilla/4.0 (compatible; MSIE 6.0; Windows NT 5.1; SV1) ; .NET CLR 2.0.50727)" "-"
58.22.70.23 - - [02/Feb/2015:06:37:16 +0100] "POST /livredor/index.php3?rub=ajouter HTTP/1.1" 200 25262 www.divebartheband.com "http://www.divebartheband.com/contacts.php?rub=voir&deb=43840" "Mozilla/4.0 (compatible; MSIE 6.0; Windows NT 5.1; SV1; Mozilla/4.0 (compatible; MSIE 6.0; Windows NT 5.1; SV1) )" "-"
58.22.70.23 - - [02/Feb/2015:06:37:21 +0100] "GET /contacts.php?rub=voir&deb=43840 HTTP/1.1" 200 4869 www.divebartheband.com "-" "Mozilla/4.0 (compatible; MSIE 6.0; Windows NT 5.1; SV1; TencentTraveler ; Mozilla/4.0 (compatible; MSIE 6.0; Windows NT 5.1; SV1) ; .NET CLR 2.0.50727)" "-"
27.153.239.235 - - [02/Feb/2015:06:43:03 +0100] "GET /contacts.php?rub=voir&deb=43840 HTTP/1.1" 200 4869 www.divebartheband.com "-" "Mozilla/4.0 (compatible; MSIE 6.0; Windows NT 5.1; SV1; TencentTraveler ; Mozilla/4.0 (compatible; MSIE 6.0; Windows NT 5.1; SV1) ; .NET CLR 2.0.50727)" "-"
27.153.239.235 - - [02/Feb/2015:06:43:08 +0100] "POST /livredor/index.php3?rub=ajouter HTTP/1.1" 200 25262 www.divebartheband.com "http://www.divebartheband.com/contacts.php?rub=voir&deb=43840" "Mozilla/4.0 (compatible; MSIE 6.0; Windows NT 5.1; SV1; Mozilla/4.0 (compatible; MSIE 6.0; Windows NT 5.1; SV1) )" "-"
27.153.239.235 - - [02/Feb/2015:06:43:11 +0100] "GET /contacts.php?rub=voir&deb=43840 HTTP/1.1" 200 4869 www.divebartheband.com "-" "Mozilla/4.0 (compatible; MSIE 6.0; Windows NT 5.1; SV1; TencentTraveler ; Mozilla/4.0 (compatible; MSIE 6.0; Windows NT 5.1; SV1) ; .NET CLR 2.0.50727)" "-"
118.97.95.182 - - [02/Feb/2015:06:43:37 +0100] "POST /livredor/index.php3?rub=ajouter HTTP/1.0" 200 25262 www.dive-hall.com "http://www.dive-hall.com/contacts.php" "Mozilla/4.0 (compatible; MSIE 6.0; Windows NT 5.1; SV1)" "172.17.164.194"
91.207.6.138 - - [02/Feb/2015:06:45:03 +0100] "POST /livredor/index.php3?rub=ajouter HTTP/1.1" 200 25262 www.dive-hall.com "http://www.dive-hall.com/contacts.php" "Mozilla/5.0 (X11; U; Linux i686; en-US; rv:1.9b4pre) Gecko/2008022304 Minefield/3.0b4pre" "-"
46.161.41.34 - - [02/Feb/2015:06:45:35 +0100] "GET /contacts.php HTTP/1.1" 200 4869 divebartheband.com "-" "Mozilla/4.0 (compatible; MSIE 6.0; Windows NT 5.1; SV1)" "-"
46.161.41.34 - - [02/Feb/2015:06:45:35 +0100] "POST /livredor/index.php3?rub=ajouter HTTP/1.1" 200 25262 divebartheband.com "http://divebartheband.com/contacts.php" "Mozilla/4.0 (compatible; MSIE 6.0; Windows NT 5.1; SV1)" "-"
46.161.41.34 - - [02/Feb/2015:06:45:36 +0100] "GET /contacts.php HTTP/1.1" 200 4869 www.dive-hall.com "-" "Mozilla/4.0 (compatible; MSIE 6.0; Windows NT 5.1; SV1)" "-"
46.161.41.34 - - [02/Feb/2015:06:45:39 +0100] "POST /livredor/index.php3?rub=ajouter HTTP/1.1" 200 25262 www.dive-hall.com "http://www.dive-hall.com/contacts.php" "Mozilla/4.0 (compatible; MSIE 6.0; Windows NT 5.1; SV1)" "-"
159.104.6.90 - - [02/Feb/2015:06:47:26 +0100] "POST /livredor/index.php3?rub=ajouter HTTP/1.0" 200 25262 divebartheband.com "http://divebartheband.com/contacts.php" "Mozilla/4.0 (compatible; MSIE 6.0; Windows NT 5.1; SV1)" "-"
159.104.6.90 - - [02/Feb/2015:06:47:35 +0100] "POST /livredor/index.php3?rub=ajouter HTTP/1.0" 200 25262 www.dive-hall.com "http://www.dive-hall.com/contacts.php" "Mozilla/4.0 (compatible; MSIE 6.0; Windows NT 5.1; SV1)" "-"
107.150.49.242 - - [02/Feb/2015:06:54:01 +0100] "GET /contacts.php?rub=voir&deb=7112 HTTP/1.0" 200 4869 www.divebartheband.com "http://www.divebartheband.com/contacts.php?rub=voir&deb=7112" "Mozilla/5.0 (Windows NT 6.3; WOW64) AppleWebKit/537.36 (KHTML, like Gecko) Chrome/39.0.2171.71 Safari/537.36" "-"
192.151.144.242 - - [02/Feb/2015:06:54:37 +0100] "GET /contacts.php?rub=voir&deb=2288 HTTP/1.0" 200 4869 www.dive-hall.com "http://www.dive-hall.com/contacts.php?rub=voir&deb=2288" "Mozilla/5.0 (Windows NT 6.1; WOW64) AppleWebKit/537.36 (KHTML, like Gecko) Chrome/39.0.2171.71 Safari/537.36" "-"
188.165.15.202 - - [02/Feb/2015:06:55:39 +0100] "GET /contacts.php?rub=voir&deb=27296 HTTP/1.1" 200 4869 www.dive-hall.com "-" "Mozilla/5.0 (compatible; AhrefsBot/5.0; +http://ahrefs.com/robot/)" "-"
91.207.6.138 - - [02/Feb/2015:07:01:26 +0100] "POST /livredor/index.php3?rub=ajouter HTTP/1.1" 200 25262 www.dive-hall.com "http://www.dive-hall.com/contacts.php" "Mozilla/4.0 (compatible; MSIE 7.0; Windows NT 6.0; WOW64; Mozilla/4.0 (compatible; MSIE 6.0; Windows NT 5.1; SV1) ; SLCC1; .NET CLR 2.0.50727; .NET CLR 3.0.04506; Media Center PC 5.0; .NET CLR 3.5.21022; GreenBrowser)" "-"
188.165.15.110 - - [02/Feb/2015:07:04:04 +0100] "GET /contacts.php?rub=voir&deb=12432 HTTP/1.1" 200 4869 www.divebartheband.com "-" "Mozilla/5.0 (compatible; AhrefsBot/5.0; +http://ahrefs.com/robot/)" "-"
46.161.41.34 - - [02/Feb/2015:07:07:49 +0100] "GET /contacts.php HTTP/1.1" 200 4869 divebartheband.com "-" "Mozilla/4.0 (compatible; MSIE 6.0; Windows NT 5.1; SV1)" "-"
46.161.41.34 - - [02/Feb/2015:07:07:49 +0100] "POST /livredor/index.php3?rub=ajouter HTTP/1.1" 200 25262 divebartheband.com "http://divebartheband.com/contacts.php" "Mozilla/4.0 (compatible; MSIE 6.0; Windows NT 5.1; SV1)" "-"
46.161.41.34 - - [02/Feb/2015:07:08:05 +0100] "GET /contacts.php HTTP/1.1" 200 4869 www.dive-hall.com "-" "Mozilla/4.0 (compatible; MSIE 6.0; Windows NT 5.1; SV1)" "-"
46.161.41.34 - - [02/Feb/2015:07:08:05 +0100] "POST /livredor/index.php3?rub=ajouter HTTP/1.1" 200 25262 www.dive-hall.com "http://www.dive-hall.com/contacts.php" "Mozilla/4.0 (compatible; MSIE 6.0; Windows NT 5.1; SV1)" "-"
118.97.95.182 - - [02/Feb/2015:07:09:36 +0100] "POST /livredor/index.php3?rub=ajouter HTTP/1.0" 200 25262 divebartheband.com "http://divebartheband.com/contacts.php" "Mozilla/4.0 (compatible; MSIE 6.0; Windows NT 5.1; SV1)" "172.17.164.194"
118.97.95.182 - - [02/Feb/2015:07:09:38 +0100] "POST /livredor/index.php3?rub=ajouter HTTP/1.0" 200 25262 www.dive-hall.com "http://www.dive-hall.com/contacts.php" "Mozilla/4.0 (compatible; MSIE 6.0; Windows NT 5.1; SV1)" "172.17.164.194"
188.165.15.211 - - [02/Feb/2015:07:11:46 +0100] "GET /contacts.php?rub=voir&deb=16752 HTTP/1.1" 200 4869 divebartheband.com "-" "Mozilla/5.0 (compatible; AhrefsBot/5.0; +http://ahrefs.com/robot/)" "-"
119.28.3.200 - - [02/Feb/2015:07:13:08 +0100] "POST /livredor/index.php3?rub=ajouter HTTP/1.0" 200 25262 www.dive-hall.com "http://www.dive-hall.com/contacts.php" "Mozilla/4.0 (compatible; MSIE 6.0; Windows NT 5.1; SV1)" "-"
157.55.39.205 - - [02/Feb/2015:07:18:07 +0100] "GET / HTTP/1.1" 200 1598 divebartheband.com "-" "Mozilla/5.0 (compatible; bingbot/2.0; +http://www.bing.com/bingbot.htm)" "-"
91.207.6.138 - - [02/Feb/2015:07:18:50 +0100] "POST /livredor/index.php3?rub=ajouter HTTP/1.1" 200 25262 www.dive-hall.com "http://www.dive-hall.com/contacts.php" "Mozilla/5.0 (Macintosh; U; PPC; en-US; rv:1.2b) Gecko/20021016" "-"
117.169.1.49 - - [02/Feb/2015:07:21:55 +0100] "GET /contacts.php HTTP/1.1" 200 4869 www.dive-hall.com "-" "Mozilla/5.0 (Windows; U; MSIE 7.0; Windows NT 6.0; en-US)" "-"
117.169.1.49 - - [02/Feb/2015:07:21:57 +0100] "POST /livredor/index.php3?rub=ajouter HTTP/1.1" 200 25262 www.dive-hall.com "http://www.dive-hall.com/contacts.php" "Mozilla/5.0 (Windows; U; MSIE 7.0; Windows NT 6.0; en-US)" "-"
117.169.1.176 - - [02/Feb/2015:07:22:07 +0100] "GET /contacts.php HTTP/1.1" 200 4869 www.dive-hall.com "-" "Mozilla/4.0 (compatible; MSIE 6.0; Windows NT 5.1; SV1)" "-"
117.169.1.176 - - [02/Feb/2015:07:22:09 +0100] "POST /livredor/index.php3?rub=ajouter HTTP/1.1" 200 25262 www.dive-hall.com "http://www.dive-hall.com/contacts.php" "Mozilla/4.0 (compatible; MSIE 6.0; Windows NT 5.1; SV1)" "-"
188.165.15.240 - - [02/Feb/2015:07:27:53 +0100] "GET /contacts.php?rub=voir&deb=35792 HTTP/1.1" 200 4869 divebartheband.com "-" "Mozilla/5.0 (compatible; AhrefsBot/5.0; +http://ahrefs.com/robot/)" "-"
188.165.15.44 - - [02/Feb/2015:07:28:30 +0100] "GET /contacts.php?rub=voir&deb=16200 HTTP/1.1" 200 4869 www.dive-hall.com "-" "Mozilla/5.0 (compatible; AhrefsBot/5.0; +http://ahrefs.com/robot/)" "-"
118.97.95.182 - - [02/Feb/2015:07:28:34 +0100] "POST /livredor/index.php3?rub=ajouter HTTP/1.0" 200 25262 www.dive-hall.com "http://www.dive-hall.com/contacts.php" "Mozilla/4.0 (compatible; MSIE 6.0; Windows NT 5.1; SV1)" "172.17.164.194"
46.161.41.34 - - [02/Feb/2015:07:29:49 +0100] "GET /contacts.php HTTP/1.1" 200 4869 divebartheband.com "-" "Mozilla/4.0 (compatible; MSIE 6.0; Windows NT 5.1; SV1)" "-"
46.161.41.34 - - [02/Feb/2015:07:29:49 +0100] "POST /livredor/index.php3?rub=ajouter HTTP/1.1" 200 25262 divebartheband.com "http://divebartheband.com/contacts.php" "Mozilla/4.0 (compatible; MSIE 6.0; Windows NT 5.1; SV1)" "-"
46.161.41.34 - - [02/Feb/2015:07:30:01 +0100] "GET /contacts.php HTTP/1.1" 200 4869 www.dive-hall.com "-" "Mozilla/4.0 (compatible; MSIE 6.0; Windows NT 5.1; SV1)" "-"
46.161.41.34 - - [02/Feb/2015:07:30:01 +0100] "POST /livredor/index.php3?rub=ajouter HTTP/1.1" 200 25262 www.dive-hall.com "http://www.dive-hall.com/contacts.php" "Mozilla/4.0 (compatible; MSIE 6.0; Windows NT 5.1; SV1)" "-"
194.247.12.106 - - [02/Feb/2015:07:30:23 +0100] "POST /livredor/index.php3?rub=ajouter HTTP/1.0" 200 25262 divebartheband.com "http://divebartheband.com/contacts.php" "Mozilla/4.0 (compatible; MSIE 6.0; Windows NT 5.1; SV1)" "-"
118.97.95.182 - - [02/Feb/2015:07:30:39 +0100] "POST /livredor/index.php3?rub=ajouter HTTP/1.0" 200 25262 divebartheband.com "http://divebartheband.com/contacts.php" "Mozilla/4.0 (compatible; MSIE 6.0; Windows NT 5.1; SV1)" "172.17.164.194"
77.37.231.208 - - [02/Feb/2015:07:32:45 +0100] "GET / HTTP/1.1" 200 1598 dive-hall.com "-" "Mozilla/5.0 (Windows NT 5.1; rv:31.0) Gecko/20100101 Firefox/31.0" "-"
77.37.231.208 - - [02/Feb/2015:07:32:51 +0100] "GET / HTTP/1.1" 200 1598 divebartheband.com "-" "Mozilla/5.0 (Windows NT 5.1; rv:31.0) Gecko/20100101 Firefox/31.0" "-"
188.165.15.97 - - [02/Feb/2015:07:40:06 +0100] "GET /contacts.php?rub=voir&deb=43480 HTTP/1.1" 200 4869 divebartheband.com "-" "Mozilla/5.0 (compatible; AhrefsBot/5.0; +http://ahrefs.com/robot/)" "-"
118.97.95.182 - - [02/Feb/2015:07:46:15 +0100] "POST /livredor/index.php3?rub=ajouter HTTP/1.0" 200 25262 divebartheband.com "http://divebartheband.com/contacts.php" "Mozilla/4.0 (compatible; MSIE 6.0; Windows NT 5.1; SV1)" "172.17.164.194"
91.207.6.138 - - [02/Feb/2015:07:46:19 +0100] "POST /livredor/index.php3?rub=ajouter HTTP/1.1" 200 25262 www.dive-hall.com "http://www.dive-hall.com/contacts.php" "Mozilla/5.0 (Windows; U; Windows NT 6.0; en-US) AppleWebKit/525.13 (KHTML, like Gecko) Chrome/0.2.149.29 Safari/525.13" "-"
119.28.3.200 - - [02/Feb/2015:07:46:59 +0100] "POST /livredor/index.php3?rub=ajouter HTTP/1.0" 200 25262 www.dive-hall.com "http://www.dive-hall.com/contacts.php" "Mozilla/4.0 (compatible; MSIE 6.0; Windows NT 5.1; SV1)" "-"
183.252.52.21 - - [02/Feb/2015:07:49:23 +0100] "GET /contacts.php?rub=voir&deb=43840 HTTP/1.1" 200 4869 www.divebartheband.com "-" "Mozilla/4.0 (compatible; MSIE 6.0; Windows NT 5.1; SV1; TencentTraveler ; Mozilla/4.0 (compatible; MSIE 6.0; Windows NT 5.1; SV1) ; .NET CLR 2.0.50727)" "-"
183.252.52.21 - - [02/Feb/2015:07:49:28 +0100] "POST /livredor/index.php3?rub=ajouter HTTP/1.1" 200 25262 www.divebartheband.com "http://www.divebartheband.com/contacts.php?rub=voir&deb=43840" "Mozilla/4.0 (compatible; MSIE 6.0; Windows NT 5.1; SV1; Mozilla/4.0 (compatible; MSIE 6.0; Windows NT 5.1; SV1) )" "-"
183.252.52.21 - - [02/Feb/2015:07:49:36 +0100] "GET /contacts.php?rub=voir&deb=43840 HTTP/1.1" 200 4869 www.divebartheband.com "-" "Mozilla/4.0 (compatible; MSIE 6.0; Windows NT 5.1; SV1; TencentTraveler ; Mozilla/4.0 (compatible; MSIE 6.0; Windows NT 5.1; SV1) ; .NET CLR 2.0.50727)" "-"
188.165.15.13 - - [02/Feb/2015:07:49:51 +0100] "GET /contacts.php?rub=voir&deb=18096 HTTP/1.1" 200 4869 www.dive-hall.com "-" "Mozilla/5.0 (compatible; AhrefsBot/5.0; +http://ahrefs.com/robot/)" "-"
194.247.12.106 - - [02/Feb/2015:07:50:42 +0100] "POST /livredor/index.php3?rub=ajouter HTTP/1.0" 200 25262 www.dive-hall.com "http://www.dive-hall.com/contacts.php" "Mozilla/4.0 (compatible; MSIE 6.0; Windows NT 5.1; SV1)" "-"
118.97.95.182 - - [02/Feb/2015:07:51:44 +0100] "POST /livredor/index.php3?rub=ajouter HTTP/1.0" 200 25262 divebartheband.com "http://divebartheband.com/contacts.php" "Mozilla/4.0 (compatible; MSIE 6.0; Windows NT 5.1; SV1)" "172.17.164.194"
182.52.42.227 - - [02/Feb/2015:07:51:48 +0100] "GET /contacts.php?rub=voir&deb=27824 HTTP/1.1" 200 4869 www.divebartheband.com "http://www.divebartheband.com/" "Mozilla/5.0 (Windows NT 6.1; WOW64) AppleWebKit/537.36 (KHTML, like Gecko) Chrome/34.0.1847.116 Safari/537.36" "-"
46.161.41.34 - - [02/Feb/2015:07:52:09 +0100] "GET /contacts.php HTTP/1.1" 200 4869 www.dive-hall.com "-" "Mozilla/4.0 (compatible; MSIE 6.0; Windows NT 5.1; SV1)" "-"
46.161.41.34 - - [02/Feb/2015:07:52:09 +0100] "GET /contacts.php HTTP/1.1" 200 4869 divebartheband.com "-" "Mozilla/4.0 (compatible; MSIE 6.0; Windows NT 5.1; SV1)" "-"
46.161.41.34 - - [02/Feb/2015:07:52:10 +0100] "POST /livredor/index.php3?rub=ajouter HTTP/1.1" 200 25262 divebartheband.com "http://divebartheband.com/contacts.php" "Mozilla/4.0 (compatible; MSIE 6.0; Windows NT 5.1; SV1)" "-"
188.165.15.121 - - [02/Feb/2015:07:52:41 +0100] "GET /contacts.php?rub=voir&deb=29400 HTTP/1.1" 200 4869 www.dive-hall.com "-" "Mozilla/5.0 (compatible; AhrefsBot/5.0; +http://ahrefs.com/robot/)" "-"
118.97.95.182 - - [02/Feb/2015:07:55:51 +0100] "POST /livredor/index.php3?rub=ajouter HTTP/1.0" 200 25262 www.dive-hall.com "http://www.dive-hall.com/contacts.php" "Mozilla/4.0 (compatible; MSIE 6.0; Windows NT 5.1; SV1)" "172.17.164.194"
119.28.3.200 - - [02/Feb/2015:07:56:09 +0100] "POST /livredor/index.php3?rub=ajouter HTTP/1.0" 200 25262 divebartheband.com "http://divebartheband.com/contacts.php" "Mozilla/4.0 (compatible; MSIE 6.0; Windows NT 5.1; SV1)" "-"
118.97.95.182 - - [02/Feb/2015:08:02:11 +0100] "POST /livredor/index.php3?rub=ajouter HTTP/1.0" 200 25262 www.dive-hall.com "http://www.dive-hall.com/contacts.php" "Mozilla/4.0 (compatible; MSIE 6.0; Windows NT 5.1; SV1)" "172.17.164.194"
91.207.6.138 - - [02/Feb/2015:08:03:24 +0100] "POST /livredor/index.php3?rub=ajouter HTTP/1.1" 200 25262 www.dive-hall.com "http://www.dive-hall.com/contacts.php" "Mozilla/5.0 (Windows; U; Windows NT 5.1; en-US; rv:1.8.1.4) Gecko/20070416 BonEcho/2.0.0.4" "-"
118.97.95.182 - - [02/Feb/2015:08:05:26 +0100] "POST /livredor/index.php3?rub=ajouter HTTP/1.0" 200 25262 www.dive-hall.com "http://www.dive-hall.com/contacts.php" "Mozilla/4.0 (compatible; MSIE 6.0; Windows NT 5.1; SV1)" "172.17.164.194"
118.97.95.182 - - [02/Feb/2015:08:09:09 +0100] "POST /livredor/index.php3?rub=ajouter HTTP/1.0" 200 25262 divebartheband.com "http://divebartheband.com/contacts.php" "Mozilla/4.0 (compatible; MSIE 6.0; Windows NT 5.1; SV1)" "172.17.164.194"
159.104.6.90 - - [02/Feb/2015:08:11:36 +0100] "POST /livredor/index.php3?rub=ajouter HTTP/1.0" 200 25262 divebartheband.com "http://divebartheband.com/contacts.php" "Mozilla/4.0 (compatible; MSIE 6.0; Windows NT 5.1; SV1)" "-"
188.165.15.211 - - [02/Feb/2015:08:11:53 +0100] "GET /contacts.php?rub=voir&deb=7176 HTTP/1.1" 200 4869 divebartheband.com "-" "Mozilla/5.0 (compatible; AhrefsBot/5.0; +http://ahrefs.com/robot/)" "-"
188.165.15.121 - - [02/Feb/2015:08:13:14 +0100] "GET /contacts.php?rub=voir&deb=37528 HTTP/1.1" 200 4869 www.dive-hall.com "-" "Mozilla/5.0 (compatible; AhrefsBot/5.0; +http://ahrefs.com/robot/)" "-"
46.161.41.34 - - [02/Feb/2015:08:14:26 +0100] "GET /contacts.php HTTP/1.1" 200 4869 divebartheband.com "-" "Mozilla/4.0 (compatible; MSIE 6.0; Windows NT 5.1; SV1)" "-"
46.161.41.34 - - [02/Feb/2015:08:14:26 +0100] "POST /livredor/index.php3?rub=ajouter HTTP/1.1" 200 25262 divebartheband.com "http://divebartheband.com/contacts.php" "Mozilla/4.0 (compatible; MSIE 6.0; Windows NT 5.1; SV1)" "-"
46.161.41.34 - - [02/Feb/2015:08:14:52 +0100] "GET /contacts.php HTTP/1.1" 200 4869 www.dive-hall.com "-" "Mozilla/4.0 (compatible; MSIE 6.0; Windows NT 5.1; SV1)" "-"
46.161.41.34 - - [02/Feb/2015:08:14:52 +0100] "POST /livredor/index.php3?rub=ajouter HTTP/1.1" 200 25262 www.dive-hall.com "http://www.dive-hall.com/contacts.php" "Mozilla/4.0 (compatible; MSIE 6.0; Windows NT 5.1; SV1)" "-"
91.207.6.138 - - [02/Feb/2015:08:19:36 +0100] "POST /livredor/index.php3?rub=ajouter HTTP/1.1" 200 25262 www.dive-hall.com "http://www.dive-hall.com/contacts.php" "Opera/7.51 (Linux) [en]" "-"
117.26.212.87 - - [02/Feb/2015:08:19:55 +0100] "GET /contacts.php?rub=voir&deb=25416 HTTP/1.0" 200 4869 www.divebartheband.com "http://www.divebartheband.com/contacts.php?rub=voir&deb=25416" "Mozilla/5.0 (Windows NT 6.3; WOW64) AppleWebKit/537.36 (KHTML, like Gecko) Chrome/36.0.1985.143 Safari/537.36 OPR/23.0.1522.77" "-"
188.165.15.204 - - [02/Feb/2015:08:21:50 +0100] "GET /contacts.php?rub=voir&deb=37560 HTTP/1.1" 200 4869 divebartheband.com "-" "Mozilla/5.0 (compatible; AhrefsBot/5.0; +http://ahrefs.com/robot/)" "-"
188.165.15.240 - - [02/Feb/2015:08:22:49 +0100] "GET /contacts.php?rub=voir&deb=42816 HTTP/1.1" 200 4869 divebartheband.com "-" "Mozilla/5.0 (compatible; AhrefsBot/5.0; +http://ahrefs.com/robot/)" "-"
85.214.41.45 - - [02/Feb/2015:08:22:56 +0100] "GET /contacts.php?rub=voir&deb=27824 HTTP/1.1" 200 4869 www.divebartheband.com "http://www.divebartheband.com/" "Mozilla/5.0 (Windows NT 6.1; WOW64) AppleWebKit/537.36 (KHTML, like Gecko) Chrome/34.0.1847.116 Safari/537.36" "-"
117.169.1.25 - - [02/Feb/2015:08:25:18 +0100] "GET /contacts.php HTTP/1.1" 200 4869 www.dive-hall.com "-" "Mozilla/4.0 (compatible; MSIE 6.0; Windows NT 5.1; SV1)" "-"
117.169.1.25 - - [02/Feb/2015:08:25:19 +0100] "POST /livredor/index.php3?rub=ajouter HTTP/1.1" 200 25262 www.dive-hall.com "http://www.dive-hall.com/contacts.php" "Mozilla/4.0 (compatible; MSIE 6.0; Windows NT 5.1; SV1)" "-"
208.115.113.92 - - [02/Feb/2015:08:25:41 +0100] "GET /robots.txt HTTP/1.1" 404 823 divebartheband.com "-" "Mozilla/5.0 (compatible; DotBot/1.1; http://www.opensiteexplorer.org/dotbot, help@moz.com)" "-"
188.165.15.29 - - [02/Feb/2015:08:26:00 +0100] "GET /contacts.php?rub=voir&deb=24288 HTTP/1.1" 200 4869 www.dive-hall.com "-" "Mozilla/5.0 (compatible; AhrefsBot/5.0; +http://ahrefs.com/robot/)" "-"
86.106.137.4 - - [02/Feb/2015:08:26:51 +0100] "POST /livredor/index.php3?rub=ajouter HTTP/1.1" 200 25262 divebartheband.com "http://divebartheband.com/contacts.php" "Mozilla/4.0 (compatible; MSIE 6.0; Windows NT 5.1; SV1)" "-"
188.165.15.240 - - [02/Feb/2015:08:27:04 +0100] "GET /contacts.php?rub=voir&deb=19968 HTTP/1.1" 200 4869 divebartheband.com "-" "Mozilla/5.0 (compatible; AhrefsBot/5.0; +http://ahrefs.com/robot/)" "-"
159.104.6.90 - - [02/Feb/2015:08:29:42 +0100] "POST /livredor/index.php3?rub=ajouter HTTP/1.0" 200 25262 www.dive-hall.com "http://www.dive-hall.com/contacts.php" "Mozilla/4.0 (compatible; MSIE 6.0; Windows NT 5.1; SV1)" "-"
188.165.15.13 - - [02/Feb/2015:08:31:27 +0100] "GET /contacts.php?rub=voir&deb=25160 HTTP/1.1" 200 4869 www.dive-hall.com "-" "Mozilla/5.0 (compatible; AhrefsBot/5.0; +http://ahrefs.com/robot/)" "-"
188.165.15.121 - - [02/Feb/2015:08:32:46 +0100] "GET /contacts.php?rub=voir&deb=7544 HTTP/1.1" 200 4869 www.dive-hall.com "-" "Mozilla/5.0 (compatible; AhrefsBot/5.0; +http://ahrefs.com/robot/)" "-"
219.93.183.102 - - [02/Feb/2015:08:34:02 +0100] "POST /livredor/index.php3?rub=ajouter HTTP/1.1" 200 25262 www.dive-hall.com "http://www.dive-hall.com/contacts.php" "Mozilla/4.0 (compatible; MSIE 6.0; Windows NT 5.1; SV1)" "-"
91.207.6.138 - - [02/Feb/2015:08:35:48 +0100] "POST /livredor/index.php3?rub=ajouter HTTP/1.1" 200 25262 www.dive-hall.com "http://www.dive-hall.com/contacts.php" "Mozilla/5.0 (X11; U; Linux i686 (x86_64); en-US) AppleWebKit/532.0 (KHTML, like Gecko) Chrome/4.0.202.2 Safari/532.0" "-"
204.12.197.106 - - [02/Feb/2015:08:37:40 +0100] "GET /contacts.php?rub=voir&deb=56 HTTP/1.0" 200 4869 www.divebartheband.com "http://www.divebartheband.com/contacts.php?rub=voir&deb=56" "Mozilla/5.0 (Windows NT 6.1; WOW64) AppleWebKit/537.36 (KHTML, like Gecko) Chrome/39.0.2171.71 Safari/537.36" "-"
120.40.156.13 - - [02/Feb/2015:08:37:43 +0100] "GET /contacts.php?rub=voir&deb=24736 HTTP/1.1" 200 4869 www.dive-hall.com "-" "Mozilla/4.0 (compatible; MSIE 6.0; Windows NT 5.1; SV1)" "-"
120.40.156.13 - - [02/Feb/2015:08:37:44 +0100] "POST /livredor/index.php3?rub=ajouter HTTP/1.1" 200 25262 www.dive-hall.com "http://www.dive-hall.com/contacts.php?rub=voir&deb=24736" "Mozilla/4.0 (compatible; MSIE 6.0; Windows NT 5.1; SV1; Mozilla/4.0 (compatible; MSIE 6.0; Windows NT 5.1; SV1) )" "-"
46.161.41.34 - - [02/Feb/2015:08:37:45 +0100] "GET /contacts.php HTTP/1.1" 200 4869 www.dive-hall.com "-" "Mozilla/4.0 (compatible; MSIE 6.0; Windows NT 5.1; SV1)" "-"
46.161.41.34 - - [02/Feb/2015:08:37:46 +0100] "POST /livredor/index.php3?rub=ajouter HTTP/1.1" 200 25262 www.dive-hall.com "http://www.dive-hall.com/contacts.php" "Mozilla/4.0 (compatible; MSIE 6.0; Windows NT 5.1; SV1)" "-"
120.40.156.13 - - [02/Feb/2015:08:37:50 +0100] "GET /contacts.php?rub=voir&deb=24736 HTTP/1.1" 200 4869 www.dive-hall.com "-" "Mozilla/4.0 (compatible; MSIE 6.0; Windows NT 5.1; SV1; Mozilla/4.0 (compatible; MSIE 6.0; Windows NT 5.1; SV1) )" "-"
118.97.95.182 - - [02/Feb/2015:08:43:31 +0100] "POST /livredor/index.php3?rub=ajouter HTTP/1.0" 200 25262 divebartheband.com "http://divebartheband.com/contacts.php" "Mozilla/4.0 (compatible; MSIE 6.0; Windows NT 5.1; SV1)" "172.17.164.194"
66.249.79.7 - - [02/Feb/2015:08:44:41 +0100] "GET /robots.txt HTTP/1.1" 404 823 www.dive-hall.com "-" "Mozilla/5.0 (compatible; Googlebot/2.1; +http://www.google.com/bot.html)" "-"
66.249.79.154 - - [02/Feb/2015:08:44:41 +0100] "GET /contacts.php?rub=voir&deb=41128 HTTP/1.1" 200 4869 www.dive-hall.com "-" "Mozilla/5.0 (iPhone; CPU iPhone OS 6_0 like Mac OS X) AppleWebKit/536.26 (KHTML, like Gecko) Version/6.0 Mobile/10A5376e Safari/8536.25 (compatible; Googlebot/2.1; +http://www.google.com/bot.html)" "-"
194.247.12.106 - - [02/Feb/2015:08:47:36 +0100] "POST /livredor/index.php3?rub=ajouter HTTP/1.0" 200 19361 www.dive-hall.com "http://www.dive-hall.com/contacts.php" "Mozilla/4.0 (compatible; MSIE 6.0; Windows NT 5.1; SV1)" "-"
188.165.15.205 - - [02/Feb/2015:08:50:40 +0100] "GET /contacts.php?rub=voir&deb=30144 HTTP/1.1" 200 4869 divebartheband.com "-" "Mozilla/5.0 (compatible; AhrefsBot/5.0; +http://ahrefs.com/robot/)" "-"
91.207.6.138 - - [02/Feb/2015:08:51:41 +0100] "POST /livredor/index.php3?rub=ajouter HTTP/1.1" 200 25262 www.dive-hall.com "http://www.dive-hall.com/contacts.php" "Opera/9.26 (Windows NT 5.1; U; MEGAUPLOAD 2.0; en)" "-"
188.165.15.32 - - [02/Feb/2015:08:54:25 +0100] "GET /contacts.php?rub=voir&deb=27952 HTTP/1.1" 200 4869 divebartheband.com "-" "Mozilla/5.0 (compatible; AhrefsBot/5.0; +http://ahrefs.com/robot/)" "-"
219.93.183.102 - - [02/Feb/2015:08:57:57 +0100] "POST /livredor/index.php3?rub=ajouter HTTP/1.1" 200 25262 www.dive-hall.com "http://www.dive-hall.com/contacts.php" "Mozilla/4.0 (compatible; MSIE 6.0; Windows NT 5.1; SV1)" "-"
119.28.3.200 - - [02/Feb/2015:08:59:08 +0100] "POST /livredor/index.php3?rub=ajouter HTTP/1.0" 200 25262 divebartheband.com "http://divebartheband.com/contacts.php" "Mozilla/4.0 (compatible; MSIE 6.0; Windows NT 5.1; SV1)" "-"
46.161.41.34 - - [02/Feb/2015:09:01:12 +0100] "GET /contacts.php HTTP/1.1" 200 4869 www.dive-hall.com "-" "Mozilla/4.0 (compatible; MSIE 6.0; Windows NT 5.1; SV1)" "-"
46.161.41.34 - - [02/Feb/2015:09:01:12 +0100] "POST /livredor/index.php3?rub=ajouter HTTP/1.1" 200 25262 www.dive-hall.com "http://www.dive-hall.com/contacts.php" "Mozilla/4.0 (compatible; MSIE 6.0; Windows NT 5.1; SV1)" "-"
91.207.6.138 - - [02/Feb/2015:09:07:15 +0100] "POST /livredor/index.php3?rub=ajouter HTTP/1.1" 200 25262 www.dive-hall.com "http://www.dive-hall.com/contacts.php" "Mozilla/4.0 (compatible; MSIE 6.0b; Windows NT 4.0)" "-"
118.97.95.182 - - [02/Feb/2015:09:11:29 +0100] "POST /livredor/index.php3?rub=ajouter HTTP/1.0" 200 25262 www.dive-hall.com "http://www.dive-hall.com/contacts.php" "Mozilla/4.0 (compatible; MSIE 6.0; Windows NT 5.1; SV1)" "172.17.164.194"
194.247.12.106 - - [02/Feb/2015:09:11:35 +0100] "POST /livredor/index.php3?rub=ajouter HTTP/1.0" 200 19310 divebartheband.com "http://divebartheband.com/contacts.php" "Mozilla/4.0 (compatible; MSIE 6.0; Windows NT 5.1; SV1)" "-"
119.28.3.200 - - [02/Feb/2015:09:12:12 +0100] "POST /livredor/index.php3?rub=ajouter HTTP/1.0" 200 25262 www.dive-hall.com "http://www.dive-hall.com/contacts.php" "Mozilla/4.0 (compatible; MSIE 6.0; Windows NT 5.1; SV1)" "-"
183.203.208.171 - - [02/Feb/2015:09:14:04 +0100] "GET /web/ui/page/error.html HTTP/1.1" 404 823 www.dive-hall.com "-" "Mozilla/4.0 (compatible; MSIE 6.0; Windows NT 5.1; SV1)" "-"
58.252.167.103 - - [02/Feb/2015:09:14:18 +0100] "GET /contacts.php HTTP/1.1" 200 4869 www.dive-hall.com "-" "Mozilla/4.0 (compatible; MSIE 6.0; Windows NT 5.1; SV1)" "-"
114.80.182.132 - - [02/Feb/2015:09:15:16 +0100] "POST /livredor/index.php3?rub=ajouter HTTP/1.0" 200 25262 www.dive-hall.com "http://www.dive-hall.com/contacts.php" "Mozilla/4.0 (compatible; MSIE 6.0; Windows NT 5.1; SV1)" "-"
118.97.95.182 - - [02/Feb/2015:09:15:18 +0100] "POST /livredor/index.php3?rub=ajouter HTTP/1.0" 200 25262 divebartheband.com "http://divebartheband.com/contacts.php" "Mozilla/4.0 (compatible; MSIE 6.0; Windows NT 5.1; SV1)" "172.17.164.194"
140.138.143.184 - - [02/Feb/2015:09:16:04 +0100] "GET /contacts.php HTTP/1.1" 200 4869 www.dive-hall.com "-" "Mozilla/5.0 (Windows; U; MSIE 7.0; Windows NT 6.0; en-US)" "-"
140.138.143.184 - - [02/Feb/2015:09:16:08 +0100] "POST /livredor/index.php3?rub=ajouter HTTP/1.1" 200 25262 www.dive-hall.com "http://www.dive-hall.com/contacts.php" "Mozilla/5.0 (Windows; U; MSIE 7.0; Windows NT 6.0; en-US)" "-"
119.28.3.200 - - [02/Feb/2015:09:16:47 +0100] "POST /livredor/index.php3?rub=ajouter HTTP/1.0" 200 25262 www.dive-hall.com "http://www.dive-hall.com/contacts.php" "Mozilla/4.0 (compatible; MSIE 6.0; Windows NT 5.1; SV1)" "-"
213.135.234.6 - - [02/Feb/2015:09:17:47 +0100] "POST /livredor/index.php3?rub=ajouter HTTP/1.1" 200 25262 divebartheband.com "http://divebartheband.com/contacts.php" "Mozilla/4.0 (compatible; MSIE 6.0; Windows NT 5.1; SV1)" "-"
91.207.6.138 - - [02/Feb/2015:09:22:50 +0100] "POST /livredor/index.php3?rub=ajouter HTTP/1.1" 200 25262 www.dive-hall.com "http://www.dive-hall.com/contacts.php" "Mozilla/5.0 (X11; U; FreeBSD i386; rv:1.8.1.12) Gecko/0 Kazehakase/0.4.9" "-"
188.165.15.204 - - [02/Feb/2015:09:23:51 +0100] "GET /contacts.php?rub=voir&deb=28968 HTTP/1.1" 200 4869 divebartheband.com "-" "Mozilla/5.0 (compatible; AhrefsBot/5.0; +http://ahrefs.com/robot/)" "-"
46.161.41.34 - - [02/Feb/2015:09:23:52 +0100] "GET /contacts.php HTTP/1.1" 200 4869 divebartheband.com "-" "Mozilla/4.0 (compatible; MSIE 6.0; Windows NT 5.1; SV1)" "-"
46.161.41.34 - - [02/Feb/2015:09:23:52 +0100] "POST /livredor/index.php3?rub=ajouter HTTP/1.1" 200 25262 divebartheband.com "http://divebartheband.com/contacts.php" "Mozilla/4.0 (compatible; MSIE 6.0; Windows NT 5.1; SV1)" "-"
46.161.41.34 - - [02/Feb/2015:09:24:04 +0100] "GET /contacts.php HTTP/1.1" 200 4869 www.dive-hall.com "-" "Mozilla/4.0 (compatible; MSIE 6.0; Windows NT 5.1; SV1)" "-"
46.161.41.34 - - [02/Feb/2015:09:24:04 +0100] "POST /livredor/index.php3?rub=ajouter HTTP/1.1" 200 25262 www.dive-hall.com "http://www.dive-hall.com/contacts.php" "Mozilla/4.0 (compatible; MSIE 6.0; Windows NT 5.1; SV1)" "-"
118.97.95.182 - - [02/Feb/2015:09:24:22 +0100] "POST /livredor/index.php3?rub=ajouter HTTP/1.0" 200 25262 www.dive-hall.com "http://www.dive-hall.com/contacts.php" "Mozilla/4.0 (compatible; MSIE 6.0; Windows NT 5.1; SV1)" "172.17.164.194"
118.97.95.182 - - [02/Feb/2015:09:25:17 +0100] "POST /livredor/index.php3?rub=ajouter HTTP/1.0" 200 25262 divebartheband.com "http://divebartheband.com/contacts.php" "Mozilla/4.0 (compatible; MSIE 6.0; Windows NT 5.1; SV1)" "172.17.164.194"
188.165.15.121 - - [02/Feb/2015:09:27:48 +0100] "GET /contacts.php?rub=voir&deb=16528 HTTP/1.1" 200 4869 www.dive-hall.com "-" "Mozilla/5.0 (compatible; AhrefsBot/5.0; +http://ahrefs.com/robot/)" "-"
123.125.71.105 - - [02/Feb/2015:09:31:43 +0100] "GET / HTTP/1.1" 200 1598 www.divebartheband.com "-" "Mozilla/5.0 (compatible; Baiduspider/2.0; +http://www.baidu.com/search/spider.html)" "-"
220.181.108.148 - - [02/Feb/2015:09:33:27 +0100] "GET / HTTP/1.1" 200 1598 www.divebartheband.com "-" "Mozilla/5.0 (compatible; Baiduspider/2.0; +http://www.baidu.com/search/spider.html)" "-"
118.97.95.182 - - [02/Feb/2015:09:36:08 +0100] "POST /livredor/index.php3?rub=ajouter HTTP/1.0" 200 25262 www.dive-hall.com "http://www.dive-hall.com/contacts.php" "Mozilla/4.0 (compatible; MSIE 6.0; Windows NT 5.1; SV1)" "172.17.164.194"
37.59.101.107 - - [02/Feb/2015:09:36:14 +0100] "POST /livredor/index.php3?rub=ajouter HTTP/1.1" 200 25262 divebartheband.com "http://divebartheband.com/contacts.php" "Mozilla/4.0 (compatible; MSIE 6.0; Windows NT 5.1; SV1)" "-"
188.165.15.176 - - [02/Feb/2015:09:36:37 +0100] "GET /contacts.php?rub=voir&deb=39552 HTTP/1.1" 200 4869 www.dive-hall.com "-" "Mozilla/5.0 (compatible; AhrefsBot/5.0; +http://ahrefs.com/robot/)" "-"
118.97.95.182 - - [02/Feb/2015:09:36:39 +0100] "POST /livredor/index.php3?rub=ajouter HTTP/1.0" 200 25262 divebartheband.com "http://divebartheband.com/contacts.php" "Mozilla/4.0 (compatible; MSIE 6.0; Windows NT 5.1; SV1)" "172.17.164.194"
188.165.15.205 - - [02/Feb/2015:09:36:52 +0100] "GET /contacts.php?rub=voir&deb=12328 HTTP/1.1" 200 4869 divebartheband.com "-" "Mozilla/5.0 (compatible; AhrefsBot/5.0; +http://ahrefs.com/robot/)" "-"
108.61.188.26 - - [02/Feb/2015:09:36:58 +0100] "GET /contacts.php?rub=voir&deb=24480 HTTP/1.1" 200 4869 www.divebartheband.com "-" "-" "-"
194.247.12.106 - - [02/Feb/2015:09:37:55 +0100] "POST /livredor/index.php3?rub=ajouter HTTP/1.0" 200 25262 www.dive-hall.com "http://www.dive-hall.com/contacts.php" "Mozilla/4.0 (compatible; MSIE 6.0; Windows NT 5.1; SV1)" "-"
91.207.6.138 - - [02/Feb/2015:09:38:55 +0100] "POST /livredor/index.php3?rub=ajouter HTTP/1.1" 200 25262 www.dive-hall.com "http://www.dive-hall.com/contacts.php" "Mozilla/4.75 [en] (X11; U; OpenBSD 2.8 i386)" "-"
188.165.15.55 - - [02/Feb/2015:09:39:32 +0100] "GET /contacts.php?rub=voir&deb=14976 HTTP/1.1" 200 4869 www.dive-hall.com "-" "Mozilla/5.0 (compatible; AhrefsBot/5.0; +http://ahrefs.com/robot/)" "-"
119.28.3.200 - - [02/Feb/2015:09:40:54 +0100] "POST /livredor/index.php3?rub=ajouter HTTP/1.0" 200 25262 divebartheband.com "http://divebartheband.com/contacts.php" "Mozilla/4.0 (compatible; MSIE 6.0; Windows NT 5.1; SV1)" "-"
188.165.15.129 - - [02/Feb/2015:09:41:50 +0100] "GET /contacts.php?rub=voir&deb=43432 HTTP/1.1" 200 4869 www.dive-hall.com "-" "Mozilla/5.0 (compatible; AhrefsBot/5.0; +http://ahrefs.com/robot/)" "-"
188.165.15.13 - - [02/Feb/2015:09:43:22 +0100] "GET /contacts.php?rub=voir&deb=21128 HTTP/1.1" 200 4869 www.dive-hall.com "-" "Mozilla/5.0 (compatible; AhrefsBot/5.0; +http://ahrefs.com/robot/)" "-"
188.165.15.32 - - [02/Feb/2015:09:44:45 +0100] "GET /contacts.php?rub=voir&deb=18256 HTTP/1.1" 200 4869 divebartheband.com "-" "Mozilla/5.0 (compatible; AhrefsBot/5.0; +http://ahrefs.com/robot/)" "-"
91.200.12.69 - - [02/Feb/2015:09:46:02 +0100] "GET /contacts.php?rub=voir&deb=43840 HTTP/1.1" 200 4869 www.divebartheband.com "http://www.divebartheband.com/" "Mozilla/5.0 (X11; Ubuntu; Linux i686; rv:22.0) Gecko/20100101 Firefox/22.0" "-"
91.200.12.69 - - [02/Feb/2015:09:46:02 +0100] "GET /contacts.html HTTP/1.1" 300 582 www.divebartheband.com "http://www.divebartheband.com/contacts.php?rub=voir&deb=43840" "Mozilla/5.0 (X11; Ubuntu; Linux i686; rv:22.0) Gecko/20100101 Firefox/22.0" "-"
46.161.41.34 - - [02/Feb/2015:09:46:57 +0100] "GET /contacts.php HTTP/1.1" 200 4869 divebartheband.com "-" "Mozilla/4.0 (compatible; MSIE 6.0; Windows NT 5.1; SV1)" "-"
46.161.41.34 - - [02/Feb/2015:09:46:58 +0100] "POST /livredor/index.php3?rub=ajouter HTTP/1.1" 200 25262 divebartheband.com "http://divebartheband.com/contacts.php" "Mozilla/4.0 (compatible; MSIE 6.0; Windows NT 5.1; SV1)" "-"
188.165.15.29 - - [02/Feb/2015:09:47:00 +0100] "GET /contacts.php?rub=voir&deb=9456 HTTP/1.1" 200 4869 www.dive-hall.com "-" "Mozilla/5.0 (compatible; AhrefsBot/5.0; +http://ahrefs.com/robot/)" "-"
188.165.15.44 - - [02/Feb/2015:09:47:06 +0100] "GET /contacts.php?rub=voir&deb=19224 HTTP/1.1" 200 4869 www.dive-hall.com "-" "Mozilla/5.0 (compatible; AhrefsBot/5.0; +http://ahrefs.com/robot/)" "-"
46.161.41.34 - - [02/Feb/2015:09:47:14 +0100] "GET /contacts.php HTTP/1.1" 200 4869 www.dive-hall.com "-" "Mozilla/4.0 (compatible; MSIE 6.0; Windows NT 5.1; SV1)" "-"
