46.161.41.34 - - [02/Feb/2015:09:47:15 +0100] "POST /livredor/index.php3?rub=ajouter HTTP/1.1" 200 25262 www.dive-hall.com "http://www.dive-hall.com/contacts.php" "Mozilla/4.0 (compatible; MSIE 6.0; Windows NT 5.1; SV1)" "-"
157.55.39.205 - - [02/Feb/2015:09:47:29 +0100] "GET / HTTP/1.1" 200 1598 www.divebartheband.com "-" "Mozilla/5.0 (compatible; bingbot/2.0; +http://www.bing.com/bingbot.htm)" "-"
188.165.15.204 - - [02/Feb/2015:09:48:06 +0100] "GET /contacts.php?rub=voir&deb=27672 HTTP/1.1" 200 4869 divebartheband.com "-" "Mozilla/5.0 (compatible; AhrefsBot/5.0; +http://ahrefs.com/robot/)" "-"
188.165.15.36 - - [02/Feb/2015:09:49:52 +0100] "GET /contacts.php?rub=voir&deb=14952 HTTP/1.1" 200 4869 www.dive-hall.com "-" "Mozilla/5.0 (compatible; AhrefsBot/5.0; +http://ahrefs.com/robot/)" "-"
118.97.95.182 - - [02/Feb/2015:09:51:15 +0100] "POST /livredor/index.php3?rub=ajouter HTTP/1.0" 200 25262 www.dive-hall.com "http://www.dive-hall.com/contacts.php" "Mozilla/4.0 (compatible; MSIE 6.0; Windows NT 5.1; SV1)" "172.17.164.194"
192.151.144.242 - - [02/Feb/2015:09:51:38 +0100] "GET /contacts.php?rub=voir&deb=8192 HTTP/1.0" 200 4869 www.divebartheband.com "http://www.divebartheband.com/contacts.php?rub=voir&deb=8192" "Mozilla/5.0 (Windows NT 6.1; WOW64) AppleWebKit/537.36 (KHTML, like Gecko) Chrome/38.0.2125.111 Safari/537.36" "-"
194.247.12.106 - - [02/Feb/2015:09:53:26 +0100] "POST /livredor/index.php3?rub=ajouter HTTP/1.0" 200 25262 divebartheband.com "http://divebartheband.com/contacts.php" "Mozilla/4.0 (compatible; MSIE 6.0; Windows NT 5.1; SV1)" "-"
119.28.3.200 - - [02/Feb/2015:09:55:21 +0100] "POST /livredor/index.php3?rub=ajouter HTTP/1.0" 200 25262 divebartheband.com "http://divebartheband.com/contacts.php" "Mozilla/4.0 (compatible; MSIE 6.0; Windows NT 5.1; SV1)" "-"
118.97.95.182 - - [02/Feb/2015:09:56:17 +0100] "POST /livredor/index.php3?rub=ajouter HTTP/1.0" 200 25262 www.dive-hall.com "http://www.dive-hall.com/contacts.php" "Mozilla/4.0 (compatible; MSIE 6.0; Windows NT 5.1; SV1)" "172.17.164.194"
91.207.6.138 - - [02/Feb/2015:09:57:45 +0100] "POST /livredor/index.php3?rub=ajouter HTTP/1.1" 200 25262 www.dive-hall.com "http://www.dive-hall.com/contacts.php" "Mozilla/5.0 (X11; U; Linux; cs-CZ) AppleWebKit/523.15 (KHTML, like Gecko, Safari/419.3) Arora/0.4 (Change: 333 41e3bc6)" "-"
188.165.15.176 - - [02/Feb/2015:10:03:41 +0100] "GET /contacts.php?rub=voir&deb=19144 HTTP/1.1" 200 4869 www.dive-hall.com "-" "Mozilla/5.0 (compatible; AhrefsBot/5.0; +http://ahrefs.com/robot/)" "-"
188.165.15.55 - - [02/Feb/2015:10:05:01 +0100] "GET /contacts.php?rub=voir&deb=8328 HTTP/1.1" 200 4869 www.dive-hall.com "-" "Mozilla/5.0 (compatible; AhrefsBot/5.0; +http://ahrefs.com/robot/)" "-"
208.115.113.92 - - [02/Feb/2015:10:05:45 +0100] "GET /contacts.php?rub=voir&deb=1240 HTTP/1.1" 200 4869 divebartheband.com "-" "Mozilla/5.0 (compatible; DotBot/1.1; http://www.opensiteexplorer.org/dotbot, help@moz.com)" "-"
208.115.113.92 - - [02/Feb/2015:10:05:48 +0100] "GET /contacts.php?rub=voir&deb=44064 HTTP/1.1" 200 4869 divebartheband.com "-" "Mozilla/5.0 (compatible; DotBot/1.1; http://www.opensiteexplorer.org/dotbot, help@moz.com)" "-"
92.222.98.237 - - [02/Feb/2015:10:06:51 +0100] "HEAD /contacts.php?rub=voir&deb=13896 HTTP/1.0" 200 - www.divebartheband.com "-" "Mozilla/5.0 (Windows; U; Windows NT 5.1; pl; rv:1.9.1.3) Gecko/20090824 Firefox/3.5.3" "-"
46.161.41.34 - - [02/Feb/2015:10:09:47 +0100] "GET /contacts.php HTTP/1.1" 200 4869 divebartheband.com "-" "Mozilla/4.0 (compatible; MSIE 6.0; Windows NT 5.1; SV1)" "-"
46.161.41.34 - - [02/Feb/2015:10:09:47 +0100] "POST /livredor/index.php3?rub=ajouter HTTP/1.1" 200 25262 divebartheband.com "http://divebartheband.com/contacts.php" "Mozilla/4.0 (compatible; MSIE 6.0; Windows NT 5.1; SV1)" "-"
46.161.41.34 - - [02/Feb/2015:10:09:50 +0100] "GET /contacts.php HTTP/1.1" 200 4869 www.dive-hall.com "-" "Mozilla/4.0 (compatible; MSIE 6.0; Windows NT 5.1; SV1)" "-"
46.161.41.34 - - [02/Feb/2015:10:09:50 +0100] "POST /livredor/index.php3?rub=ajouter HTTP/1.1" 200 25262 www.dive-hall.com "http://www.dive-hall.com/contacts.php" "Mozilla/4.0 (compatible; MSIE 6.0; Windows NT 5.1; SV1)" "-"
79.53.17.158 - - [02/Feb/2015:10:11:13 +0100] "GET / HTTP/1.1" 200 1598 dive-hall.com "http://semalt.semalt.com/crawler.php?u=http://dive-hall.com" "Mozilla/5.0 (Windows NT 6.1; WOW64) AppleWebKit/537.36 (KHTML, like Gecko) Chrome/36.0.1985.143 Safari/537.36" "-"
79.53.17.158 - - [02/Feb/2015:10:11:13 +0100] "GET /images/logo_only.png HTTP/1.1" 200 169723 dive-hall.com "http://dive-hall.com/" "Mozilla/5.0 (Windows NT 6.1; WOW64) AppleWebKit/537.36 (KHTML, like Gecko) Chrome/36.0.1985.143 Safari/537.36" "-"
79.53.17.158 - - [02/Feb/2015:10:11:13 +0100] "GET /images/pagepromo0.png HTTP/1.1" 200 2261487 dive-hall.com "http://dive-hall.com/" "Mozilla/5.0 (Windows NT 6.1; WOW64) AppleWebKit/537.36 (KHTML, like Gecko) Chrome/36.0.1985.143 Safari/537.36" "-"
118.97.95.182 - - [02/Feb/2015:10:11:41 +0100] "POST /livredor/index.php3?rub=ajouter HTTP/1.0" 200 25262 divebartheband.com "http://divebartheband.com/contacts.php" "Mozilla/4.0 (compatible; MSIE 6.0; Windows NT 5.1; SV1)" "172.17.164.194"
91.207.6.138 - - [02/Feb/2015:10:13:09 +0100] "POST /livredor/index.php3?rub=ajouter HTTP/1.1" 200 25262 www.dive-hall.com "http://www.dive-hall.com/contacts.php" "Mozilla/4.0 (compatible; MSIE 7.0; Windows NT 6.0; Trident/4.0; Maxthon; SLCC1; .NET CLR 1.1.4322; .NET CLR 2.0.50727)" "-"
118.97.95.182 - - [02/Feb/2015:10:13:14 +0100] "POST /livredor/index.php3?rub=ajouter HTTP/1.0" 200 25262 www.dive-hall.com "http://www.dive-hall.com/contacts.php" "Mozilla/4.0 (compatible; MSIE 6.0; Windows NT 5.1; SV1)" "172.17.164.194"
188.165.15.176 - - [02/Feb/2015:10:17:02 +0100] "GET /contacts.php?rub=voir&deb=13480 HTTP/1.1" 200 4869 www.dive-hall.com "-" "Mozilla/5.0 (compatible; AhrefsBot/5.0; +http://ahrefs.com/robot/)" "-"
194.247.12.106 - - [02/Feb/2015:10:18:54 +0100] "POST /livredor/index.php3?rub=ajouter HTTP/1.0" 200 24729 divebartheband.com "http://divebartheband.com/contacts.php" "Mozilla/4.0 (compatible; MSIE 6.0; Windows NT 5.1; SV1)" "-"
194.247.12.106 - - [02/Feb/2015:10:19:04 +0100] "POST /livredor/index.php3?rub=ajouter HTTP/1.0" 200 25262 www.dive-hall.com "http://www.dive-hall.com/contacts.php" "Mozilla/4.0 (compatible; MSIE 6.0; Windows NT 5.1; SV1)" "-"
59.61.79.124 - - [02/Feb/2015:10:19:29 +0100] "GET /contacts.php HTTP/1.1" 200 4869 www.dive-hall.com "-" "Mozilla/4.0 (compatible; MSIE 6.0; Windows NT 5.1; SV1)" "-"
59.61.79.124 - - [02/Feb/2015:10:19:32 +0100] "POST /livredor/index.php3?rub=ajouter HTTP/1.1" 200 25262 www.dive-hall.com "http://www.dive-hall.com/contacts.php" "Mozilla/4.0 (compatible; MSIE 6.0; Windows NT 5.1; SV1)" "-"
219.93.183.102 - - [02/Feb/2015:10:24:34 +0100] "POST /livredor/index.php3?rub=ajouter HTTP/1.1" 200 25262 www.dive-hall.com "http://www.dive-hall.com/contacts.php" "Mozilla/4.0 (compatible; MSIE 6.0; Windows NT 5.1; SV1)" "-"
188.165.15.169 - - [02/Feb/2015:10:24:41 +0100] "GET /contacts.php?rub=voir&deb=296 HTTP/1.1" 200 4869 divebartheband.com "-" "Mozilla/5.0 (compatible; AhrefsBot/5.0; +http://ahrefs.com/robot/)" "-"
194.247.12.106 - - [02/Feb/2015:10:26:23 +0100] "POST /livredor/index.php3?rub=ajouter HTTP/1.0" 200 25262 divebartheband.com "http://divebartheband.com/contacts.php" "Mozilla/4.0 (compatible; MSIE 6.0; Windows NT 5.1; SV1)" "-"
91.207.6.138 - - [02/Feb/2015:10:28:54 +0100] "POST /livredor/index.php3?rub=ajouter HTTP/1.1" 200 25262 www.dive-hall.com "http://www.dive-hall.com/contacts.php" "Mozilla/5.0 (X11; U; Linux x86_64; fi-FI; rv:1.8.1.1) Gecko/20060601 Firefox/2.0.0.1 (Ubuntu-edgy)" "-"
46.161.41.34 - - [02/Feb/2015:10:31:52 +0100] "GET /contacts.php HTTP/1.1" 200 4869 divebartheband.com "-" "Mozilla/4.0 (compatible; MSIE 6.0; Windows NT 5.1; SV1)" "-"
46.161.41.34 - - [02/Feb/2015:10:31:52 +0100] "POST /livredor/index.php3?rub=ajouter HTTP/1.1" 200 25262 divebartheband.com "http://divebartheband.com/contacts.php" "Mozilla/4.0 (compatible; MSIE 6.0; Windows NT 5.1; SV1)" "-"
46.161.41.34 - - [02/Feb/2015:10:32:03 +0100] "GET /contacts.php HTTP/1.1" 200 4869 www.dive-hall.com "-" "Mozilla/4.0 (compatible; MSIE 6.0; Windows NT 5.1; SV1)" "-"
46.161.41.34 - - [02/Feb/2015:10:32:04 +0100] "POST /livredor/index.php3?rub=ajouter HTTP/1.1" 200 25262 www.dive-hall.com "http://www.dive-hall.com/contacts.php" "Mozilla/4.0 (compatible; MSIE 6.0; Windows NT 5.1; SV1)" "-"
118.97.95.182 - - [02/Feb/2015:10:33:38 +0100] "POST /livredor/index.php3?rub=ajouter HTTP/1.0" 200 25262 www.dive-hall.com "http://www.dive-hall.com/contacts.php" "Mozilla/4.0 (compatible; MSIE 6.0; Windows NT 5.1; SV1)" "172.17.164.194"
118.97.95.182 - - [02/Feb/2015:10:33:50 +0100] "POST /livredor/index.php3?rub=ajouter HTTP/1.0" 200 25262 divebartheband.com "http://divebartheband.com/contacts.php" "Mozilla/4.0 (compatible; MSIE 6.0; Windows NT 5.1; SV1)" "172.17.164.194"
118.97.95.182 - - [02/Feb/2015:10:38:12 +0100] "POST /livredor/index.php3?rub=ajouter HTTP/1.0" 200 25262 www.dive-hall.com "http://www.dive-hall.com/contacts.php" "Mozilla/4.0 (compatible; MSIE 6.0; Windows NT 5.1; SV1)" "172.17.164.194"
118.97.95.182 - - [02/Feb/2015:10:40:12 +0100] "POST /livredor/index.php3?rub=ajouter HTTP/1.0" 200 25262 divebartheband.com "http://divebartheband.com/contacts.php" "Mozilla/4.0 (compatible; MSIE 6.0; Windows NT 5.1; SV1)" "172.17.164.194"
64.71.194.61 - - [02/Feb/2015:10:41:05 +0100] "GET /contacts.php?rub=voir&deb=26616 HTTP/1.1" 200 4869 www.divebartheband.com "-" "Mozilla/5.0 (Windows NT 6.1; rv:17.0) Gecko/20100101 Firefox/17.0" "-"
188.165.15.36 - - [02/Feb/2015:10:41:41 +0100] "GET /contacts.php?rub=voir&deb=38312 HTTP/1.1" 200 4869 www.dive-hall.com "-" "Mozilla/5.0 (compatible; AhrefsBot/5.0; +http://ahrefs.com/robot/)" "-"
180.76.6.158 - - [02/Feb/2015:10:42:05 +0100] "GET /contacts.php?rub=voir&deb=24448 HTTP/1.1" 200 4869 www.dive-hall.com "-" "Mozilla/5.0 (compatible; Baiduspider/2.0; +http://www.baidu.com/search/spider.html)" "-"
188.165.15.44 - - [02/Feb/2015:10:44:09 +0100] "GET /contacts.php?rub=voir&deb=37344 HTTP/1.1" 200 4869 www.dive-hall.com "-" "Mozilla/5.0 (compatible; AhrefsBot/5.0; +http://ahrefs.com/robot/)" "-"
91.207.6.138 - - [02/Feb/2015:10:44:44 +0100] "POST /livredor/index.php3?rub=ajouter HTTP/1.1" 200 25262 www.dive-hall.com "http://www.dive-hall.com/contacts.php" "Mozilla/5.0 (X11; U; Linux i686; pl; rv:1.8.1.2) Gecko/20070220 Firefox/2.0.0.2" "-"
188.165.15.204 - - [02/Feb/2015:10:45:02 +0100] "GET /contacts.php?rub=voir&deb=4816 HTTP/1.1" 200 4869 www.dive-hall.com "-" "Mozilla/5.0 (compatible; AhrefsBot/5.0; +http://ahrefs.com/robot/)" "-"
118.97.95.182 - - [02/Feb/2015:10:46:55 +0100] "POST /livredor/index.php3?rub=ajouter HTTP/1.0" 200 25262 divebartheband.com "http://divebartheband.com/contacts.php" "Mozilla/4.0 (compatible; MSIE 6.0; Windows NT 5.1; SV1)" "172.17.164.194"
188.165.15.55 - - [02/Feb/2015:10:46:59 +0100] "GET /contacts.php?rub=voir&deb=15848 HTTP/1.1" 200 4869 www.dive-hall.com "-" "Mozilla/5.0 (compatible; AhrefsBot/5.0; +http://ahrefs.com/robot/)" "-"
194.247.12.106 - - [02/Feb/2015:10:47:18 +0100] "POST /livredor/index.php3?rub=ajouter HTTP/1.0" 200 19430 www.dive-hall.com "http://www.dive-hall.com/contacts.php" "Mozilla/4.0 (compatible; MSIE 6.0; Windows NT 5.1; SV1)" "-"
188.165.15.97 - - [02/Feb/2015:10:47:36 +0100] "GET /contacts.php?rub=voir&deb=7984 HTTP/1.1" 200 4869 divebartheband.com "-" "Mozilla/5.0 (compatible; AhrefsBot/5.0; +http://ahrefs.com/robot/)" "-"
219.93.183.102 - - [02/Feb/2015:10:47:50 +0100] "POST /livredor/index.php3?rub=ajouter HTTP/1.1" 200 25262 www.dive-hall.com "http://www.dive-hall.com/contacts.php" "Mozilla/4.0 (compatible; MSIE 6.0; Windows NT 5.1; SV1)" "-"
119.28.3.200 - - [02/Feb/2015:10:48:05 +0100] "POST /livredor/index.php3?rub=ajouter HTTP/1.0" 200 25262 divebartheband.com "http://divebartheband.com/contacts.php" "Mozilla/4.0 (compatible; MSIE 6.0; Windows NT 5.1; SV1)" "-"
188.165.15.110 - - [02/Feb/2015:10:50:29 +0100] "GET /contacts.php?rub=voir&deb=35840 HTTP/1.1" 200 4869 divebartheband.com "-" "Mozilla/5.0 (compatible; AhrefsBot/5.0; +http://ahrefs.com/robot/)" "-"
188.165.15.13 - - [02/Feb/2015:10:52:53 +0100] "GET /contacts.php?rub=voir&deb=5528 HTTP/1.1" 200 4869 www.dive-hall.com "-" "Mozilla/5.0 (compatible; AhrefsBot/5.0; +http://ahrefs.com/robot/)" "-"
188.165.15.55 - - [02/Feb/2015:10:53:58 +0100] "GET /contacts.php?rub=voir&deb=14328 HTTP/1.1" 200 4869 www.dive-hall.com "-" "Mozilla/5.0 (compatible; AhrefsBot/5.0; +http://ahrefs.com/robot/)" "-"
46.161.41.34 - - [02/Feb/2015:10:54:09 +0100] "GET /contacts.php HTTP/1.1" 200 4869 divebartheband.com "-" "Mozilla/4.0 (compatible; MSIE 6.0; Windows NT 5.1; SV1)" "-"
46.161.41.34 - - [02/Feb/2015:10:54:11 +0100] "POST /livredor/index.php3?rub=ajouter HTTP/1.1" 200 25262 divebartheband.com "http://divebartheband.com/contacts.php" "Mozilla/4.0 (compatible; MSIE 6.0; Windows NT 5.1; SV1)" "-"
46.161.41.34 - - [02/Feb/2015:10:54:45 +0100] "GET /contacts.php HTTP/1.1" 200 4869 www.dive-hall.com "-" "Mozilla/4.0 (compatible; MSIE 6.0; Windows NT 5.1; SV1)" "-"
46.161.41.34 - - [02/Feb/2015:10:54:45 +0100] "POST /livredor/index.php3?rub=ajouter HTTP/1.1" 200 25262 www.dive-hall.com "http://www.dive-hall.com/contacts.php" "Mozilla/4.0 (compatible; MSIE 6.0; Windows NT 5.1; SV1)" "-"
58.22.70.85 - - [02/Feb/2015:10:55:36 +0100] "GET /contacts.php?rub=voir&deb=43840 HTTP/1.1" 200 4869 www.divebartheband.com "-" "Mozilla/4.0 (compatible; MSIE 6.0; Windows NT 5.1; SV1; TencentTraveler ; Mozilla/4.0 (compatible; MSIE 6.0; Windows NT 5.1; SV1) ; .NET CLR 2.0.50727)" "-"
58.22.70.85 - - [02/Feb/2015:10:55:40 +0100] "POST /livredor/index.php3?rub=ajouter HTTP/1.1" 200 25262 www.divebartheband.com "http://www.divebartheband.com/contacts.php?rub=voir&deb=43840" "Mozilla/4.0 (compatible; MSIE 6.0; Windows NT 5.1; SV1; Mozilla/4.0 (compatible; MSIE 6.0; Windows NT 5.1; SV1) )" "-"
58.22.70.85 - - [02/Feb/2015:10:55:43 +0100] "GET /contacts.php?rub=voir&deb=43840 HTTP/1.1" 200 4869 www.divebartheband.com "-" "Mozilla/4.0 (compatible; MSIE 6.0; Windows NT 5.1; SV1; TencentTraveler ; Mozilla/4.0 (compatible; MSIE 6.0; Windows NT 5.1; SV1) ; .NET CLR 2.0.50727)" "-"
82.119.125.42 - - [02/Feb/2015:10:56:47 +0100] "GET /contacts.php HTTP/1.1" 200 4869 www.dive-hall.com "-" "Mozilla/5.0 (Windows; U; Windows NT 6.1; en-US; rv:1.9.2b1) Gecko/20091014 Firefox/3.6b1 GTB5" "-"
82.119.125.42 - - [02/Feb/2015:10:56:47 +0100] "POST /livredor/index.php3?rub=ajouter HTTP/1.1" 200 25262 www.dive-hall.com "http://www.dive-hall.com/contacts.php" "Mozilla/5.0 (Windows; U; Windows NT 6.1; en-US; rv:1.9.2b1) Gecko/20091014 Firefox/3.6b1 GTB5" "-"
113.207.130.182 - - [02/Feb/2015:10:58:40 +0100] "GET /contacts.php HTTP/1.0" 200 4869 www.dive-hall.com "-" "Mozilla/5.0 (Windows; U; MSIE 7.0; Windows NT 6.0; en-US)" "-"
113.207.130.182 - - [02/Feb/2015:10:58:43 +0100] "POST /livredor/index.php3?rub=ajouter HTTP/1.0" 200 25262 www.dive-hall.com "http://www.dive-hall.com/contacts.php" "Mozilla/5.0 (Windows; U; MSIE 7.0; Windows NT 6.0; en-US)" "-"
188.165.15.13 - - [02/Feb/2015:10:59:17 +0100] "GET /contacts.php?rub=voir&deb=18088 HTTP/1.1" 200 4869 www.dive-hall.com "-" "Mozilla/5.0 (compatible; AhrefsBot/5.0; +http://ahrefs.com/robot/)" "-"
91.207.6.138 - - [02/Feb/2015:11:01:02 +0100] "POST /livredor/index.php3?rub=ajouter HTTP/1.1" 200 25262 www.dive-hall.com "http://www.dive-hall.com/contacts.php" "Mozilla/4.0 (compatible; MSIE 7.0; Windows NT 5.1; Trident/4.0; .NET CLR 1.0.3705; .NET CLR 1.1.4322; .NET CLR 2.0.50727; .NET CLR 3.0.04506.648; .NET CLR 3.5.21022; .NET CLR 3.0.4506.2152; .NET CLR 3.5.30729; Lunascape 6.1.7.21880)" "-"
118.97.95.182 - - [02/Feb/2015:11:01:25 +0100] "POST /livredor/index.php3?rub=ajouter HTTP/1.0" 200 25262 www.dive-hall.com "http://www.dive-hall.com/contacts.php" "Mozilla/4.0 (compatible; MSIE 6.0; Windows NT 5.1; SV1)" "172.17.164.194"
183.222.155.122 - - [02/Feb/2015:11:01:44 +0100] "GET /contacts.php HTTP/1.1" 200 4869 www.dive-hall.com "-" "Mozilla/4.0 (compatible; MSIE 6.0; Windows NT 5.1; SV1)" "-"
159.104.6.90 - - [02/Feb/2015:11:01:44 +0100] "POST /livredor/index.php3?rub=ajouter HTTP/1.0" 200 25262 divebartheband.com "http://divebartheband.com/contacts.php" "Mozilla/4.0 (compatible; MSIE 6.0; Windows NT 5.1; SV1)" "-"
219.93.183.102 - - [02/Feb/2015:11:02:19 +0100] "POST /livredor/index.php3?rub=ajouter HTTP/1.1" 200 25262 www.dive-hall.com "http://www.dive-hall.com/contacts.php" "Mozilla/4.0 (compatible; MSIE 6.0; Windows NT 5.1; SV1)" "-"
118.97.95.182 - - [02/Feb/2015:11:03:42 +0100] "POST /livredor/index.php3?rub=ajouter HTTP/1.0" 200 25262 divebartheband.com "http://divebartheband.com/contacts.php" "Mozilla/4.0 (compatible; MSIE 6.0; Windows NT 5.1; SV1)" "172.17.164.194"
219.93.183.103 - - [02/Feb/2015:11:07:30 +0100] "POST /livredor/index.php3?rub=ajouter HTTP/1.1" 200 25262 www.dive-hall.com "http://www.dive-hall.com/contacts.php" "Mozilla/4.0 (compatible; MSIE 6.0; Windows NT 5.1; SV1)" "-"
188.165.15.204 - - [02/Feb/2015:11:10:33 +0100] "GET /contacts.php?rub=voir&deb=27584 HTTP/1.1" 200 4869 www.dive-hall.com "-" "Mozilla/5.0 (compatible; AhrefsBot/5.0; +http://ahrefs.com/robot/)" "-"
194.247.12.106 - - [02/Feb/2015:11:11:01 +0100] "POST /livredor/index.php3?rub=ajouter HTTP/1.0" 200 25262 divebartheband.com "http://divebartheband.com/contacts.php" "Mozilla/4.0 (compatible; MSIE 6.0; Windows NT 5.1; SV1)" "-"
188.165.15.110 - - [02/Feb/2015:11:11:44 +0100] "GET /contacts.php?rub=voir&deb=22328 HTTP/1.1" 200 4869 divebartheband.com "-" "Mozilla/5.0 (compatible; AhrefsBot/5.0; +http://ahrefs.com/robot/)" "-"
180.76.5.73 - - [02/Feb/2015:11:12:04 +0100] "GET /contacts.php?rub=voir&deb=24568 HTTP/1.1" 200 4869 www.dive-hall.com "-" "Mozilla/5.0 (compatible; Baiduspider/2.0; +http://www.baidu.com/search/spider.html)" "-"
195.154.167.95 - - [02/Feb/2015:11:14:59 +0100] "GET /contacts.php?rub=voir&deb=3920 HTTP/1.0" 200 4869 www.divebartheband.com "-" "Mozilla/5.0 (Windows NT 6.1; WOW64; rv:12.0) Gecko/20100101 Firefox/12.0" "-"
46.161.41.34 - - [02/Feb/2015:11:17:29 +0100] "GET /contacts.php HTTP/1.1" 200 4869 www.dive-hall.com "-" "Mozilla/4.0 (compatible; MSIE 6.0; Windows NT 5.1; SV1)" "-"
46.161.41.34 - - [02/Feb/2015:11:17:30 +0100] "POST /livredor/index.php3?rub=ajouter HTTP/1.1" 200 25262 www.dive-hall.com "http://www.dive-hall.com/contacts.php" "Mozilla/4.0 (compatible; MSIE 6.0; Windows NT 5.1; SV1)" "-"
91.207.6.138 - - [02/Feb/2015:11:17:33 +0100] "POST /livredor/index.php3?rub=ajouter HTTP/1.1" 200 25262 www.dive-hall.com "http://www.dive-hall.com/contacts.php" "Mozilla/5.0 (Macintosh; U; PPC Mac OS; en-en) AppleWebKit/412 (KHTML, like Gecko) Safari/412" "-"
46.161.41.34 - - [02/Feb/2015:11:21:05 +0100] "GET /contacts.php HTTP/1.1" 200 4869 divebartheband.com "-" "Mozilla/4.0 (compatible; MSIE 6.0; Windows NT 5.1; SV1)" "-"
46.161.41.34 - - [02/Feb/2015:11:21:06 +0100] "POST /livredor/index.php3?rub=ajouter HTTP/1.1" 200 25262 divebartheband.com "http://divebartheband.com/contacts.php" "Mozilla/4.0 (compatible; MSIE 6.0; Windows NT 5.1; SV1)" "-"
188.165.15.44 - - [02/Feb/2015:11:21:21 +0100] "GET /contacts.php?rub=voir&deb=19944 HTTP/1.1" 200 4869 www.dive-hall.com "-" "Mozilla/5.0 (compatible; AhrefsBot/5.0; +http://ahrefs.com/robot/)" "-"
182.118.20.201 - - [02/Feb/2015:11:21:55 +0100] "GET /robots.txt HTTP/1.1" 404 823 www.dive-hall.com "http://www.dive-hall.com/robots.txt" "Mozilla/5.0 (compatible; MSIE 9.0; Windows NT 6.1; Trident/5.0); 360Spider(compatible; HaosouSpider; http://www.haosou.com/help/help_3_2.html)" "-"
188.165.15.205 - - [02/Feb/2015:11:25:36 +0100] "GET /contacts.php?rub=voir&deb=36200 HTTP/1.1" 200 4869 divebartheband.com "-" "Mozilla/5.0 (compatible; AhrefsBot/5.0; +http://ahrefs.com/robot/)" "-"
121.205.248.149 - - [02/Feb/2015:11:27:11 +0100] "GET /contacts.php?rub=voir&deb=43840 HTTP/1.1" 200 4869 www.divebartheband.com "-" "Mozilla/4.0 (compatible; MSIE 6.0; Windows NT 5.1; SV1; TencentTraveler ; Mozilla/4.0 (compatible; MSIE 6.0; Windows NT 5.1; SV1) ; .NET CLR 2.0.50727)" "-"
121.205.248.149 - - [02/Feb/2015:11:27:13 +0100] "POST /livredor/index.php3?rub=ajouter HTTP/1.1" 200 25262 www.divebartheband.com "http://www.divebartheband.com/contacts.php?rub=voir&deb=43840" "Mozilla/4.0 (compatible; MSIE 6.0; Windows NT 5.1; SV1; Mozilla/4.0 (compatible; MSIE 6.0; Windows NT 5.1; SV1) )" "-"
121.205.248.149 - - [02/Feb/2015:11:27:32 +0100] "GET /contacts.php?rub=voir&deb=43840 HTTP/1.1" 200 4869 www.divebartheband.com "-" "Mozilla/4.0 (compatible; MSIE 6.0; Windows NT 5.1; SV1; TencentTraveler ; Mozilla/4.0 (compatible; MSIE 6.0; Windows NT 5.1; SV1) ; .NET CLR 2.0.50727)" "-"
188.165.15.44 - - [02/Feb/2015:11:27:49 +0100] "GET /contacts.php?rub=voir&deb=40584 HTTP/1.1" 200 4869 www.dive-hall.com "-" "Mozilla/5.0 (compatible; AhrefsBot/5.0; +http://ahrefs.com/robot/)" "-"
188.165.15.129 - - [02/Feb/2015:11:31:16 +0100] "GET /contacts.php?rub=voir&deb=9144 HTTP/1.1" 200 4869 www.dive-hall.com "-" "Mozilla/5.0 (compatible; AhrefsBot/5.0; +http://ahrefs.com/robot/)" "-"
118.97.95.182 - - [02/Feb/2015:11:31:26 +0100] "POST /livredor/index.php3?rub=ajouter HTTP/1.0" 200 25262 www.dive-hall.com "http://www.dive-hall.com/contacts.php" "Mozilla/4.0 (compatible; MSIE 6.0; Windows NT 5.1; SV1)" "172.17.164.194"
118.97.95.182 - - [02/Feb/2015:11:31:30 +0100] "POST /livredor/index.php3?rub=ajouter HTTP/1.0" 200 25262 divebartheband.com "http://divebartheband.com/contacts.php" "Mozilla/4.0 (compatible; MSIE 6.0; Windows NT 5.1; SV1)" "172.17.164.194"
188.165.15.121 - - [02/Feb/2015:11:31:44 +0100] "GET /contacts.php?rub=voir&deb=9296 HTTP/1.1" 200 4869 www.dive-hall.com "-" "Mozilla/5.0 (compatible; AhrefsBot/5.0; +http://ahrefs.com/robot/)" "-"
91.207.6.138 - - [02/Feb/2015:11:33:55 +0100] "POST /livredor/index.php3?rub=ajouter HTTP/1.1" 200 25262 www.dive-hall.com "http://www.dive-hall.com/contacts.php" "Mozilla/5.0 (X11; U; Linux x86_64; nb-NO; rv:1.9.2.13) Gecko/20101206 Ubuntu/10.04 (lucid) Firefox/3.6.13" "-"
188.165.15.204 - - [02/Feb/2015:11:36:19 +0100] "GET /contacts.php?rub=voir&deb=31840 HTTP/1.1" 200 4869 divebartheband.com "-" "Mozilla/5.0 (compatible; AhrefsBot/5.0; +http://ahrefs.com/robot/)" "-"
68.171.106.165 - - [02/Feb/2015:11:36:25 +0100] "GET /contacts.php?rub=voir&deb=27824 HTTP/1.1" 200 4869 www.divebartheband.com "http://www.divebartheband.com/" "Mozilla/5.0 (Windows NT 6.1; WOW64) AppleWebKit/537.36 (KHTML, like Gecko) Chrome/34.0.1847.116 Safari/537.36" "-"
188.165.15.240 - - [02/Feb/2015:11:36:30 +0100] "GET /contacts.php?rub=voir&deb=21816 HTTP/1.1" 200 4869 divebartheband.com "-" "Mozilla/5.0 (compatible; AhrefsBot/5.0; +http://ahrefs.com/robot/)" "-"
188.165.15.23 - - [02/Feb/2015:11:36:46 +0100] "GET /contacts.php?rub=voir&deb=272 HTTP/1.1" 200 4869 divebartheband.com "-" "Mozilla/5.0 (compatible; AhrefsBot/5.0; +http://ahrefs.com/robot/)" "-"
188.165.15.44 - - [02/Feb/2015:11:39:56 +0100] "GET /contacts.php?rub=voir&deb=22728 HTTP/1.1" 200 4869 www.dive-hall.com "-" "Mozilla/5.0 (compatible; AhrefsBot/5.0; +http://ahrefs.com/robot/)" "-"
46.161.41.34 - - [02/Feb/2015:11:40:38 +0100] "GET /contacts.php HTTP/1.1" 200 4869 divebartheband.com "-" "Mozilla/4.0 (compatible; MSIE 6.0; Windows NT 5.1; SV1)" "-"
46.161.41.34 - - [02/Feb/2015:11:40:39 +0100] "POST /livredor/index.php3?rub=ajouter HTTP/1.1" 200 25262 divebartheband.com "http://divebartheband.com/contacts.php" "Mozilla/4.0 (compatible; MSIE 6.0; Windows NT 5.1; SV1)" "-"
46.161.41.34 - - [02/Feb/2015:11:40:44 +0100] "GET /contacts.php HTTP/1.1" 200 4869 www.dive-hall.com "-" "Mozilla/4.0 (compatible; MSIE 6.0; Windows NT 5.1; SV1)" "-"
46.161.41.34 - - [02/Feb/2015:11:40:45 +0100] "POST /livredor/index.php3?rub=ajouter HTTP/1.1" 200 25262 www.dive-hall.com "http://www.dive-hall.com/contacts.php" "Mozilla/4.0 (compatible; MSIE 6.0; Windows NT 5.1; SV1)" "-"
85.214.41.45 - - [02/Feb/2015:11:41:44 +0100] "GET /contacts.php?rub=voir&deb=27824 HTTP/1.1" 200 4869 www.divebartheband.com "http://www.divebartheband.com/" "Mozilla/5.0 (Windows NT 6.1; WOW64) AppleWebKit/537.36 (KHTML, like Gecko) Chrome/34.0.1847.116 Safari/537.36" "-"
188.165.15.29 - - [02/Feb/2015:11:44:07 +0100] "GET /contacts.php?rub=voir&deb=8136 HTTP/1.1" 200 4869 www.dive-hall.com "-" "Mozilla/5.0 (compatible; AhrefsBot/5.0; +http://ahrefs.com/robot/)" "-"
188.165.15.29 - - [02/Feb/2015:11:44:47 +0100] "GET /contacts.php?rub=voir&deb=40720 HTTP/1.1" 200 4869 www.dive-hall.com "-" "Mozilla/5.0 (compatible; AhrefsBot/5.0; +http://ahrefs.com/robot/)" "-"
91.207.6.138 - - [02/Feb/2015:11:51:04 +0100] "POST /livredor/index.php3?rub=ajouter HTTP/1.1" 200 25262 www.dive-hall.com "http://www.dive-hall.com/contacts.php" "Mozilla/5.0 (X11; U; Linux x86_64; en-US; rv:1.9.0.1) Gecko/2008072610 Firefox/2.0.0.12" "-"
188.165.15.32 - - [02/Feb/2015:11:51:13 +0100] "GET /contacts.php?rub=voir&deb=17704 HTTP/1.1" 200 4869 divebartheband.com "-" "Mozilla/5.0 (compatible; AhrefsBot/5.0; +http://ahrefs.com/robot/)" "-"
188.165.15.97 - - [02/Feb/2015:11:52:42 +0100] "GET /contacts.php?rub=voir&deb=18456 HTTP/1.1" 200 4869 divebartheband.com "-" "Mozilla/5.0 (compatible; AhrefsBot/5.0; +http://ahrefs.com/robot/)" "-"
27.153.219.58 - - [02/Feb/2015:11:55:41 +0100] "GET /contacts.php?rub=voir&deb=24104 HTTP/1.1" 200 4869 www.divebartheband.com "-" "Mozilla/4.0 (compatible; MSIE 6.0; Windows NT 5.1; SV1; Mozilla/4.0 (compatible; MSIE 6.0; Windows NT 5.1; SV1) ; .NET CLR 1.0.3705)" "-"
188.165.15.44 - - [02/Feb/2015:11:57:42 +0100] "GET /contacts.php?rub=voir&deb=24976 HTTP/1.1" 200 4869 www.dive-hall.com "-" "Mozilla/5.0 (compatible; AhrefsBot/5.0; +http://ahrefs.com/robot/)" "-"
188.165.15.13 - - [02/Feb/2015:11:59:27 +0100] "GET /contacts.php?rub=voir&deb=34720 HTTP/1.1" 200 4869 www.dive-hall.com "-" "Mozilla/5.0 (compatible; AhrefsBot/5.0; +http://ahrefs.com/robot/)" "-"
46.161.41.34 - - [02/Feb/2015:12:03:38 +0100] "GET /contacts.php HTTP/1.1" 200 4869 divebartheband.com "-" "Mozilla/4.0 (compatible; MSIE 6.0; Windows NT 5.1; SV1)" "-"
46.161.41.34 - - [02/Feb/2015:12:03:38 +0100] "POST /livredor/index.php3?rub=ajouter HTTP/1.1" 200 25262 divebartheband.com "http://divebartheband.com/contacts.php" "Mozilla/4.0 (compatible; MSIE 6.0; Windows NT 5.1; SV1)" "-"
46.161.41.34 - - [02/Feb/2015:12:03:49 +0100] "GET /contacts.php HTTP/1.1" 200 4869 www.dive-hall.com "-" "Mozilla/4.0 (compatible; MSIE 6.0; Windows NT 5.1; SV1)" "-"
46.161.41.34 - - [02/Feb/2015:12:03:49 +0100] "POST /livredor/index.php3?rub=ajouter HTTP/1.1" 200 25262 www.dive-hall.com "http://www.dive-hall.com/contacts.php" "Mozilla/4.0 (compatible; MSIE 6.0; Windows NT 5.1; SV1)" "-"
213.133.97.216 - - [02/Feb/2015:12:05:40 +0100] "GET / HTTP/1.1" 200 1598 dive-hall.com "-" "Mozilla/5.0 (Windows NT 6.1; rv:25.0) Gecko/20100101 Firefox/25.0" "-"
194.247.12.106 - - [02/Feb/2015:12:06:00 +0100] "POST /livredor/index.php3?rub=ajouter HTTP/1.0" 200 22218 divebartheband.com "http://divebartheband.com/contacts.php" "Mozilla/4.0 (compatible; MSIE 6.0; Windows NT 5.1; SV1)" "-"
194.247.12.106 - - [02/Feb/2015:12:06:14 +0100] "POST /livredor/index.php3?rub=ajouter HTTP/1.0" 200 25262 divebartheband.com "http://divebartheband.com/contacts.php" "Mozilla/4.0 (compatible; MSIE 6.0; Windows NT 5.1; SV1)" "-"
91.207.6.138 - - [02/Feb/2015:12:07:07 +0100] "POST /livredor/index.php3?rub=ajouter HTTP/1.1" 200 25262 www.dive-hall.com "http://www.dive-hall.com/contacts.php" "Mozilla/4.0 (compatible; MSIE 5.0; Windows 98; DigExt; pbc4.0.0.0)" "-"
158.222.0.179 - - [02/Feb/2015:12:07:11 +0100] "GET /contacts.php?rub=voir&deb=26904 HTTP/1.1" 200 4869 www.divebartheband.com "http://www.divebartheband.com/" "Mozilla/5.0 (Windows NT 6.1; WOW64) AppleWebKit/537.36 (KHTML, like Gecko) Chrome/34.0.1847.116 Safari/537.36" "-"
188.165.15.13 - - [02/Feb/2015:12:07:47 +0100] "GET /contacts.php?rub=voir&deb=28008 HTTP/1.1" 200 4869 www.dive-hall.com "-" "Mozilla/5.0 (compatible; AhrefsBot/5.0; +http://ahrefs.com/robot/)" "-"
188.165.15.110 - - [02/Feb/2015:12:08:33 +0100] "GET /contacts.php?rub=voir&deb=7992 HTTP/1.1" 200 4869 divebartheband.com "-" "Mozilla/5.0 (compatible; AhrefsBot/5.0; +http://ahrefs.com/robot/)" "-"
188.165.15.44 - - [02/Feb/2015:12:12:53 +0100] "GET /contacts.php?rub=voir&deb=16928 HTTP/1.1" 200 4869 www.dive-hall.com "-" "Mozilla/5.0 (compatible; AhrefsBot/5.0; +http://ahrefs.com/robot/)" "-"
112.111.165.169 - - [02/Feb/2015:12:15:33 +0100] "GET /contacts.php?rub=voir&deb=43840 HTTP/1.1" 200 4869 www.divebartheband.com "-" "Mozilla/4.0 (compatible; MSIE 6.0; Windows NT 5.1; SV1; TencentTraveler ; Mozilla/4.0 (compatible; MSIE 6.0; Windows NT 5.1; SV1) ; .NET CLR 2.0.50727)" "-"
112.111.165.169 - - [02/Feb/2015:12:15:36 +0100] "POST /livredor/index.php3?rub=ajouter HTTP/1.1" 200 25262 www.divebartheband.com "http://www.divebartheband.com/contacts.php?rub=voir&deb=43840" "Mozilla/4.0 (compatible; MSIE 6.0; Windows NT 5.1; SV1; Mozilla/4.0 (compatible; MSIE 6.0; Windows NT 5.1; SV1) )" "-"
112.111.165.169 - - [02/Feb/2015:12:15:39 +0100] "GET /contacts.php?rub=voir&deb=43840 HTTP/1.1" 200 4869 www.divebartheband.com "-" "Mozilla/4.0 (compatible; MSIE 6.0; Windows NT 5.1; SV1; TencentTraveler ; Mozilla/4.0 (compatible; MSIE 6.0; Windows NT 5.1; SV1) ; .NET CLR 2.0.50727)" "-"
113.207.130.182 - - [02/Feb/2015:12:17:24 +0100] "GET /contacts.php?rub=voir&deb=25696 HTTP/1.0" 200 4869 www.divebartheband.com "http://www.divebartheband.com/" "Mozilla/5.0 (Windows NT 6.1; WOW64) AppleWebKit/537.36 (KHTML, like Gecko) Chrome/34.0.1847.116 Safari/537.36" "-"
37.59.101.107 - - [02/Feb/2015:12:18:42 +0100] "POST /livredor/index.php3?rub=ajouter HTTP/1.1" 200 25262 www.dive-hall.com "http://www.dive-hall.com/contacts.php" "Mozilla/4.0 (compatible; MSIE 6.0; Windows NT 5.1; SV1)" "-"
37.59.101.107 - - [02/Feb/2015:12:19:42 +0100] "POST /livredor/index.php3?rub=ajouter HTTP/1.1" 200 25262 divebartheband.com "http://divebartheband.com/contacts.php" "Mozilla/4.0 (compatible; MSIE 6.0; Windows NT 5.1; SV1)" "-"
118.97.95.182 - - [02/Feb/2015:12:21:30 +0100] "POST /livredor/index.php3?rub=ajouter HTTP/1.0" 200 25262 www.dive-hall.com "http://www.dive-hall.com/contacts.php" "Mozilla/4.0 (compatible; MSIE 6.0; Windows NT 5.1; SV1)" "172.17.164.194"
118.97.95.182 - - [02/Feb/2015:12:22:38 +0100] "POST /livredor/index.php3?rub=ajouter HTTP/1.0" 200 25262 divebartheband.com "http://divebartheband.com/contacts.php" "Mozilla/4.0 (compatible; MSIE 6.0; Windows NT 5.1; SV1)" "172.17.164.194"
118.97.95.182 - - [02/Feb/2015:12:23:35 +0100] "POST /livredor/index.php3?rub=ajouter HTTP/1.0" 200 25262 www.dive-hall.com "http://www.dive-hall.com/contacts.php" "Mozilla/4.0 (compatible; MSIE 6.0; Windows NT 5.1; SV1)" "172.17.164.194"
119.28.3.200 - - [02/Feb/2015:12:24:51 +0100] "POST /livredor/index.php3?rub=ajouter HTTP/1.0" 200 25262 divebartheband.com "http://divebartheband.com/contacts.php" "Mozilla/4.0 (compatible; MSIE 6.0; Windows NT 5.1; SV1)" "-"
208.115.113.92 - - [02/Feb/2015:12:25:02 +0100] "GET /robots.txt HTTP/1.1" 404 823 divebartheband.com "-" "Mozilla/5.0 (compatible; DotBot/1.1; http://www.opensiteexplorer.org/dotbot, help@moz.com)" "-"
175.42.95.7 - - [02/Feb/2015:12:26:05 +0100] "GET /contacts.php?rub=voir&deb=43840 HTTP/1.1" 200 4869 www.divebartheband.com "-" "Mozilla/4.0 (compatible; MSIE 6.0; Windows NT 5.1; SV1; TencentTraveler ; Mozilla/4.0 (compatible; MSIE 6.0; Windows NT 5.1; SV1) ; .NET CLR 2.0.50727)" "-"
46.161.41.34 - - [02/Feb/2015:12:26:05 +0100] "GET /contacts.php HTTP/1.1" 200 4869 divebartheband.com "-" "Mozilla/4.0 (compatible; MSIE 6.0; Windows NT 5.1; SV1)" "-"
46.161.41.34 - - [02/Feb/2015:12:26:05 +0100] "POST /livredor/index.php3?rub=ajouter HTTP/1.1" 200 25262 divebartheband.com "http://divebartheband.com/contacts.php" "Mozilla/4.0 (compatible; MSIE 6.0; Windows NT 5.1; SV1)" "-"
46.161.41.34 - - [02/Feb/2015:12:26:07 +0100] "GET /contacts.php HTTP/1.1" 200 4869 www.dive-hall.com "-" "Mozilla/4.0 (compatible; MSIE 6.0; Windows NT 5.1; SV1)" "-"
175.42.95.7 - - [02/Feb/2015:12:26:08 +0100] "POST /livredor/index.php3?rub=ajouter HTTP/1.1" 200 25262 www.divebartheband.com "http://www.divebartheband.com/contacts.php?rub=voir&deb=43840" "Mozilla/4.0 (compatible; MSIE 6.0; Windows NT 5.1; SV1; Mozilla/4.0 (compatible; MSIE 6.0; Windows NT 5.1; SV1) )" "-"
46.161.41.34 - - [02/Feb/2015:12:26:10 +0100] "POST /livredor/index.php3?rub=ajouter HTTP/1.1" 200 25262 www.dive-hall.com "http://www.dive-hall.com/contacts.php" "Mozilla/4.0 (compatible; MSIE 6.0; Windows NT 5.1; SV1)" "-"
175.42.95.7 - - [02/Feb/2015:12:26:10 +0100] "GET /contacts.php?rub=voir&deb=43840 HTTP/1.1" 200 4869 www.divebartheband.com "-" "Mozilla/4.0 (compatible; MSIE 6.0; Windows NT 5.1; SV1; TencentTraveler ; Mozilla/4.0 (compatible; MSIE 6.0; Windows NT 5.1; SV1) ; .NET CLR 2.0.50727)" "-"
200.145.14.64 - - [02/Feb/2015:12:27:54 +0100] "GET /contacts.php HTTP/1.1" 200 4869 www.dive-hall.com "-" "Mozilla/4.0 (compatible; MSIE 6.0; Windows NT 5.1; SV1)" "-"
200.145.14.64 - - [02/Feb/2015:12:28:06 +0100] "POST /livredor/index.php3?rub=ajouter HTTP/1.1" 200 25262 www.dive-hall.com "http://www.dive-hall.com/contacts.php" "Mozilla/4.0 (compatible; MSIE 6.0; Windows NT 5.1; SV1)" "-"
118.97.95.182 - - [02/Feb/2015:12:29:40 +0100] "POST /livredor/index.php3?rub=ajouter HTTP/1.0" 200 25262 divebartheband.com "http://divebartheband.com/contacts.php" "Mozilla/4.0 (compatible; MSIE 6.0; Windows NT 5.1; SV1)" "172.17.164.194"
86.106.137.3 - - [02/Feb/2015:12:30:32 +0100] "POST /livredor/index.php3?rub=ajouter HTTP/1.1" 200 25262 www.dive-hall.com "http://www.dive-hall.com/contacts.php" "Mozilla/4.0 (compatible; MSIE 6.0; Windows NT 5.1; SV1)" "-"
118.97.95.182 - - [02/Feb/2015:12:32:37 +0100] "POST /livredor/index.php3?rub=ajouter HTTP/1.0" 200 25262 divebartheband.com "http://divebartheband.com/contacts.php" "Mozilla/4.0 (compatible; MSIE 6.0; Windows NT 5.1; SV1)" "172.17.164.194"
118.97.95.182 - - [02/Feb/2015:12:32:41 +0100] "POST /livredor/index.php3?rub=ajouter HTTP/1.0" 200 25262 www.dive-hall.com "http://www.dive-hall.com/contacts.php" "Mozilla/4.0 (compatible; MSIE 6.0; Windows NT 5.1; SV1)" "172.17.164.194"
118.97.95.182 - - [02/Feb/2015:12:32:45 +0100] "POST /livredor/index.php3?rub=ajouter HTTP/1.0" 200 25262 www.dive-hall.com "http://www.dive-hall.com/contacts.php" "Mozilla/4.0 (compatible; MSIE 6.0; Windows NT 5.1; SV1)" "172.17.164.194"
157.55.39.205 - - [02/Feb/2015:12:34:18 +0100] "GET / HTTP/1.1" 200 1598 divebartheband.com "-" "Mozilla/5.0 (compatible; bingbot/2.0; +http://www.bing.com/bingbot.htm)" "-"
188.165.15.36 - - [02/Feb/2015:12:36:02 +0100] "GET /contacts.php?rub=voir&deb=21112 HTTP/1.1" 200 4869 www.dive-hall.com "-" "Mozilla/5.0 (compatible; AhrefsBot/5.0; +http://ahrefs.com/robot/)" "-"
188.165.15.211 - - [02/Feb/2015:12:37:18 +0100] "GET /contacts.php?rub=voir&deb=24728 HTTP/1.1" 200 4869 divebartheband.com "-" "Mozilla/5.0 (compatible; AhrefsBot/5.0; +http://ahrefs.com/robot/)" "-"
27.159.226.101 - - [02/Feb/2015:12:38:17 +0100] "GET /contacts.php?rub=voir&deb=2288 HTTP/1.1" 200 4869 www.divebartheband.com "-" "Mozilla/4.0 (compatible; MSIE 6.0; Windows NT 5.1)" "-"
27.159.226.101 - - [02/Feb/2015:12:38:19 +0100] "POST /livredor/index.php3?rub=ajouter HTTP/1.1" 200 25262 www.divebartheband.com "http://www.divebartheband.com/contacts.php?rub=voir&deb=2288" "Mozilla/4.0 (compatible; MSIE 6.0; Windows NT 5.1)" "-"
27.159.226.101 - - [02/Feb/2015:12:44:44 +0100] "GET /contacts.php?rub=voir&deb=2288 HTTP/1.1" 200 4869 www.divebartheband.com "-" "Mozilla/4.0 (compatible; MSIE 6.0; Windows NT 5.1; SV1; Mozilla/4.0 (compatible; MSIE 6.0; Windows NT 5.1; SV1) ; .NET CLR 2.0.50727 ; .NET CLR 4.0.30319)" "-"
85.214.41.45 - - [02/Feb/2015:12:46:26 +0100] "GET /contacts.php?rub=voir&deb=27824 HTTP/1.1" 200 4869 www.divebartheband.com "http://www.divebartheband.com/" "Mozilla/5.0 (Windows NT 6.1; WOW64) AppleWebKit/537.36 (KHTML, like Gecko) Chrome/34.0.1847.116 Safari/537.36" "-"
46.161.41.34 - - [02/Feb/2015:12:50:04 +0100] "GET /contacts.php HTTP/1.1" 200 4869 divebartheband.com "-" "Mozilla/4.0 (compatible; MSIE 6.0; Windows NT 5.1; SV1)" "-"
188.165.15.55 - - [02/Feb/2015:12:51:26 +0100] "GET /contacts.php?rub=voir&deb=32968 HTTP/1.1" 200 4869 www.dive-hall.com "-" "Mozilla/5.0 (compatible; AhrefsBot/5.0; +http://ahrefs.com/robot/)" "-"
194.247.12.106 - - [02/Feb/2015:12:51:58 +0100] "POST /livredor/index.php3?rub=ajouter HTTP/1.0" 200 19321 www.dive-hall.com "http://www.dive-hall.com/contacts.php" "Mozilla/4.0 (compatible; MSIE 6.0; Windows NT 5.1; SV1)" "-"
188.165.15.110 - - [02/Feb/2015:12:53:20 +0100] "GET /contacts.php?rub=voir&deb=25736 HTTP/1.1" 200 4869 divebartheband.com "-" "Mozilla/5.0 (compatible; AhrefsBot/5.0; +http://ahrefs.com/robot/)" "-"
188.165.15.204 - - [02/Feb/2015:12:56:46 +0100] "GET /contacts.php?rub=voir&deb=25184 HTTP/1.1" 200 4869 www.dive-hall.com "-" "Mozilla/5.0 (compatible; AhrefsBot/5.0; +http://ahrefs.com/robot/)" "-"
188.165.15.202 - - [02/Feb/2015:12:59:41 +0100] "GET /contacts.php?rub=voir&deb=1648 HTTP/1.1" 200 4869 www.dive-hall.com "-" "Mozilla/5.0 (compatible; AhrefsBot/5.0; +http://ahrefs.com/robot/)" "-"
219.93.183.103 - - [02/Feb/2015:13:01:49 +0100] "POST /livredor/index.php3?rub=ajouter HTTP/1.1" 200 25262 www.dive-hall.com "http://www.dive-hall.com/contacts.php" "Mozilla/4.0 (compatible; MSIE 6.0; Windows NT 5.1; SV1)" "-"
119.28.3.200 - - [02/Feb/2015:13:01:56 +0100] "POST /livredor/index.php3?rub=ajouter HTTP/1.0" 200 25262 divebartheband.com "http://divebartheband.com/contacts.php" "Mozilla/4.0 (compatible; MSIE 6.0; Windows NT 5.1; SV1)" "-"
188.165.15.110 - - [02/Feb/2015:13:02:50 +0100] "GET /contacts.php?rub=voir&deb=36000 HTTP/1.1" 200 4869 divebartheband.com "-" "Mozilla/5.0 (compatible; AhrefsBot/5.0; +http://ahrefs.com/robot/)" "-"
188.165.15.202 - - [02/Feb/2015:13:04:12 +0100] "GET /contacts.php?rub=voir&deb=19592 HTTP/1.1" 200 4869 www.dive-hall.com "-" "Mozilla/5.0 (compatible; AhrefsBot/5.0; +http://ahrefs.com/robot/)" "-"
195.154.167.95 - - [02/Feb/2015:13:04:20 +0100] "GET /contacts.php?rub=voir&deb=28312 HTTP/1.0" 200 4869 www.dive-hall.com "-" "Mozilla/5.0 (Windows NT 6.1; WOW64; rv:12.0) Gecko/20100101 Firefox/12.0" "-"
91.207.6.138 - - [02/Feb/2015:13:06:16 +0100] "POST /livredor/index.php3?rub=ajouter HTTP/1.1" 200 25262 www.dive-hall.com "http://www.dive-hall.com/contacts.php" "Mozilla/4.0 (compatible; MSIE 5.5; Windows 98; QXW0337t)" "-"
188.165.15.176 - - [02/Feb/2015:13:07:05 +0100] "GET /contacts.php?rub=voir&deb=17128 HTTP/1.1" 200 4869 www.dive-hall.com "-" "Mozilla/5.0 (compatible; AhrefsBot/5.0; +http://ahrefs.com/robot/)" "-"
188.165.15.129 - - [02/Feb/2015:13:07:48 +0100] "GET /contacts.php?rub=voir&deb=35992 HTTP/1.1" 200 4869 divebartheband.com "-" "Mozilla/5.0 (compatible; AhrefsBot/5.0; +http://ahrefs.com/robot/)" "-"
188.165.15.55 - - [02/Feb/2015:13:09:53 +0100] "GET /contacts.php?rub=voir&deb=29576 HTTP/1.1" 200 4869 www.dive-hall.com "-" "Mozilla/5.0 (compatible; AhrefsBot/5.0; +http://ahrefs.com/robot/)" "-"
46.161.41.34 - - [02/Feb/2015:13:12:31 +0100] "GET /contacts.php HTTP/1.1" 200 4869 divebartheband.com "-" "Mozilla/4.0 (compatible; MSIE 6.0; Windows NT 5.1; SV1)" "-"
46.161.41.34 - - [02/Feb/2015:13:12:31 +0100] "POST /livredor/index.php3?rub=ajouter HTTP/1.1" 200 25262 divebartheband.com "http://divebartheband.com/contacts.php" "Mozilla/4.0 (compatible; MSIE 6.0; Windows NT 5.1; SV1)" "-"
46.161.41.34 - - [02/Feb/2015:13:12:35 +0100] "GET /contacts.php HTTP/1.1" 200 4869 www.dive-hall.com "-" "Mozilla/4.0 (compatible; MSIE 6.0; Windows NT 5.1; SV1)" "-"
46.161.41.34 - - [02/Feb/2015:13:12:35 +0100] "POST /livredor/index.php3?rub=ajouter HTTP/1.1" 200 25262 www.dive-hall.com "http://www.dive-hall.com/contacts.php" "Mozilla/4.0 (compatible; MSIE 6.0; Windows NT 5.1; SV1)" "-"
118.97.95.182 - - [02/Feb/2015:13:15:43 +0100] "POST /livredor/index.php3?rub=ajouter HTTP/1.0" 200 25262 divebartheband.com "http://divebartheband.com/contacts.php" "Mozilla/4.0 (compatible; MSIE 6.0; Windows NT 5.1; SV1)" "172.17.164.194"
118.97.95.182 - - [02/Feb/2015:13:18:51 +0100] "POST /livredor/index.php3?rub=ajouter HTTP/1.0" 200 25262 www.dive-hall.com "http://www.dive-hall.com/contacts.php" "Mozilla/4.0 (compatible; MSIE 6.0; Windows NT 5.1; SV1)" "172.17.164.194"
118.97.95.182 - - [02/Feb/2015:13:20:59 +0100] "POST /livredor/index.php3?rub=ajouter HTTP/1.0" 200 25262 www.dive-hall.com "http://www.dive-hall.com/contacts.php" "Mozilla/4.0 (compatible; MSIE 6.0; Windows NT 5.1; SV1)" "172.17.164.194"
118.97.95.182 - - [02/Feb/2015:13:21:42 +0100] "POST /livredor/index.php3?rub=ajouter HTTP/1.0" 200 25262 divebartheband.com "http://divebartheband.com/contacts.php" "Mozilla/4.0 (compatible; MSIE 6.0; Windows NT 5.1; SV1)" "172.17.164.194"
188.165.15.97 - - [02/Feb/2015:13:25:52 +0100] "GET /contacts.php?rub=voir&deb=32592 HTTP/1.1" 200 4869 divebartheband.com "-" "Mozilla/5.0 (compatible; AhrefsBot/5.0; +http://ahrefs.com/robot/)" "-"
86.106.137.3 - - [02/Feb/2015:13:27:28 +0100] "POST /livredor/index.php3?rub=ajouter HTTP/1.1" 200 25262 www.dive-hall.com "http://www.dive-hall.com/contacts.php" "Mozilla/4.0 (compatible; MSIE 6.0; Windows NT 5.1; SV1)" "-"
61.92.38.158 - - [02/Feb/2015:13:30:11 +0100] "GET /contacts.php HTTP/1.1" 200 4869 www.dive-hall.com "-" "Mozilla/5.0 (Windows; U; Windows NT 6.1; en-US; rv:1.9.2b1) Gecko/20091014 Firefox/3.6b1 GTB5" "-"
61.92.38.158 - - [02/Feb/2015:13:30:20 +0100] "POST /livredor/index.php3?rub=ajouter HTTP/1.1" 200 25262 www.dive-hall.com "http://www.dive-hall.com/contacts.php" "Mozilla/5.0 (Windows; U; Windows NT 6.1; en-US; rv:1.9.2b1) Gecko/20091014 Firefox/3.6b1 GTB5" "-"
188.165.15.121 - - [02/Feb/2015:13:30:42 +0100] "GET /contacts.php?rub=voir&deb=31912 HTTP/1.1" 200 4869 www.dive-hall.com "-" "Mozilla/5.0 (compatible; AhrefsBot/5.0; +http://ahrefs.com/robot/)" "-"
188.165.15.13 - - [02/Feb/2015:13:30:45 +0100] "GET /contacts.php?rub=voir&deb=39688 HTTP/1.1" 200 4869 www.dive-hall.com "-" "Mozilla/5.0 (compatible; AhrefsBot/5.0; +http://ahrefs.com/robot/)" "-"
188.165.15.129 - - [02/Feb/2015:13:33:58 +0100] "GET /contacts.php?rub=voir&deb=30088 HTTP/1.1" 200 4869 divebartheband.com "-" "Mozilla/5.0 (compatible; AhrefsBot/5.0; +http://ahrefs.com/robot/)" "-"
219.93.183.103 - - [02/Feb/2015:13:34:24 +0100] "POST /livredor/index.php3?rub=ajouter HTTP/1.1" 200 25262 www.dive-hall.com "http://www.dive-hall.com/contacts.php" "Mozilla/4.0 (compatible; MSIE 6.0; Windows NT 5.1; SV1)" "-"
92.222.98.237 - - [02/Feb/2015:13:34:30 +0100] "GET /contacts.php?rub=voir&deb=13896 HTTP/1.1" 200 4869 www.divebartheband.com "http://www.divebartheband.com/" "Mozilla/5.0 (Windows NT 6.1; WOW64) AppleWebKit/537.36 (KHTML, like Gecko) Chrome/34.0.1847.116 Safari/537.36" "-"
46.161.41.34 - - [02/Feb/2015:13:34:40 +0100] "GET /contacts.php HTTP/1.1" 200 4869 www.dive-hall.com "-" "Mozilla/4.0 (compatible; MSIE 6.0; Windows NT 5.1; SV1)" "-"
46.161.41.34 - - [02/Feb/2015:13:34:40 +0100] "POST /livredor/index.php3?rub=ajouter HTTP/1.1" 200 25262 www.dive-hall.com "http://www.dive-hall.com/contacts.php" "Mozilla/4.0 (compatible; MSIE 6.0; Windows NT 5.1; SV1)" "-"
46.161.41.34 - - [02/Feb/2015:13:34:41 +0100] "GET /contacts.php HTTP/1.1" 200 4869 divebartheband.com "-" "Mozilla/4.0 (compatible; MSIE 6.0; Windows NT 5.1; SV1)" "-"
46.161.41.34 - - [02/Feb/2015:13:34:42 +0100] "POST /livredor/index.php3?rub=ajouter HTTP/1.1" 200 25262 divebartheband.com "http://divebartheband.com/contacts.php" "Mozilla/4.0 (compatible; MSIE 6.0; Windows NT 5.1; SV1)" "-"
188.165.15.13 - - [02/Feb/2015:13:35:16 +0100] "GET /contacts.php?rub=voir&deb=23960 HTTP/1.1" 200 4869 www.dive-hall.com "-" "Mozilla/5.0 (compatible; AhrefsBot/5.0; +http://ahrefs.com/robot/)" "-"
118.97.95.182 - - [02/Feb/2015:13:35:17 +0100] "POST /livredor/index.php3?rub=ajouter HTTP/1.0" 200 25262 divebartheband.com "http://divebartheband.com/contacts.php" "Mozilla/4.0 (compatible; MSIE 6.0; Windows NT 5.1; SV1)" "172.17.164.194"
188.165.15.204 - - [02/Feb/2015:13:38:35 +0100] "GET /contacts.php?rub=voir&deb=18400 HTTP/1.1" 200 4869 divebartheband.com "-" "Mozilla/5.0 (compatible; AhrefsBot/5.0; +http://ahrefs.com/robot/)" "-"
188.165.15.13 - - [02/Feb/2015:13:38:47 +0100] "GET /contacts.php?rub=voir&deb=392 HTTP/1.1" 200 4869 www.dive-hall.com "-" "Mozilla/5.0 (compatible; AhrefsBot/5.0; +http://ahrefs.com/robot/)" "-"
36.248.187.135 - - [02/Feb/2015:13:41:46 +0100] "GET /contacts.php?rub=voir&deb=43840 HTTP/1.1" 200 4869 www.divebartheband.com "-" "Mozilla/4.0 (compatible; MSIE 6.0; Windows NT 5.1; SV1; TencentTraveler ; Mozilla/4.0 (compatible; MSIE 6.0; Windows NT 5.1; SV1) ; .NET CLR 2.0.50727)" "-"
36.248.187.135 - - [02/Feb/2015:13:41:47 +0100] "POST /livredor/index.php3?rub=ajouter HTTP/1.1" 200 25262 www.divebartheband.com "http://www.divebartheband.com/contacts.php?rub=voir&deb=43840" "Mozilla/4.0 (compatible; MSIE 6.0; Windows NT 5.1; SV1; Mozilla/4.0 (compatible; MSIE 6.0; Windows NT 5.1; SV1) )" "-"
36.248.187.135 - - [02/Feb/2015:13:41:50 +0100] "GET /contacts.php?rub=voir&deb=43840 HTTP/1.1" 200 4869 www.divebartheband.com "-" "Mozilla/4.0 (compatible; MSIE 6.0; Windows NT 5.1; SV1; TencentTraveler ; Mozilla/4.0 (compatible; MSIE 6.0; Windows NT 5.1; SV1) ; .NET CLR 2.0.50727)" "-"
27.159.222.136 - - [02/Feb/2015:13:43:12 +0100] "GET /contacts.php?rub=voir&deb=1912 HTTP/1.1" 200 4869 www.divebartheband.com "-" "Mozilla/4.0 (compatible; MSIE 6.0; Windows NT 5.1; SV1; Mozilla/4.0 (compatible; MSIE 6.0; Windows NT 5.1; SV1) ; .NET CLR 2.0.50727 ; .NET CLR 4.0.30319)" "-"
27.159.222.136 - - [02/Feb/2015:13:43:13 +0100] "POST /livredor/index.php3?rub=ajouter HTTP/1.1" 200 25262 www.divebartheband.com "http://www.divebartheband.com/contacts.php?rub=voir&deb=1912" "Mozilla/4.0 (compatible; MSIE 6.0; Windows NT 5.1; SV1; Mozilla/4.0 (compatible; MSIE 6.0; Windows NT 5.1; SV1) ; .NET CLR 1.0.3705)" "-"
27.159.222.136 - - [02/Feb/2015:13:43:20 +0100] "GET /contacts.php?rub=voir&deb=1912 HTTP/1.1" 200 4869 www.divebartheband.com "-" "Mozilla/4.0 (compatible; MSIE 6.0; Windows NT 5.1; SV1)" "-"
194.247.12.106 - - [02/Feb/2015:13:46:55 +0100] "POST /livredor/index.php3?rub=ajouter HTTP/1.0" 200 25262 www.dive-hall.com "http://www.dive-hall.com/contacts.php" "Mozilla/4.0 (compatible; MSIE 6.0; Windows NT 5.1; SV1)" "-"
119.28.3.200 - - [02/Feb/2015:13:47:05 +0100] "POST /livredor/index.php3?rub=ajouter HTTP/1.0" 200 25262 divebartheband.com "http://divebartheband.com/contacts.php" "Mozilla/4.0 (compatible; MSIE 6.0; Windows NT 5.1; SV1)" "-"
37.29.109.246 - - [02/Feb/2015:13:47:14 +0100] "POST /livredor/index.php3?rub=ajouter HTTP/1.1" 200 25262 divebartheband.com "http://divebartheband.com/contacts.php" "Mozilla/4.0 (compatible; MSIE 6.0; Windows NT 5.1; SV1)" "-"
194.247.12.106 - - [02/Feb/2015:13:48:22 +0100] "POST /livredor/index.php3?rub=ajouter HTTP/1.0" 200 25262 www.dive-hall.com "http://www.dive-hall.com/contacts.php" "Mozilla/4.0 (compatible; MSIE 6.0; Windows NT 5.1; SV1)" "-"
188.165.15.208 - - [02/Feb/2015:13:49:24 +0100] "GET /contacts.php?rub=voir&deb=36104 HTTP/1.1" 200 4869 divebartheband.com "-" "Mozilla/5.0 (compatible; AhrefsBot/5.0; +http://ahrefs.com/robot/)" "-"
188.165.15.44 - - [02/Feb/2015:13:49:52 +0100] "GET /contacts.php?rub=voir&deb=18880 HTTP/1.1" 200 4869 www.dive-hall.com "-" "Mozilla/5.0 (compatible; AhrefsBot/5.0; +http://ahrefs.com/robot/)" "-"
91.207.6.138 - - [02/Feb/2015:13:53:10 +0100] "POST /livredor/index.php3?rub=ajouter HTTP/1.1" 200 25262 www.dive-hall.com "http://www.dive-hall.com/contacts.php" "Mozilla/4.0 (compatible; MSIE 6.0; Windows NT 5.0; 2.5.0.0)" "-"
188.165.15.121 - - [02/Feb/2015:13:56:18 +0100] "GET /contacts.php?rub=voir&deb=36520 HTTP/1.1" 200 4869 www.dive-hall.com "-" "Mozilla/5.0 (compatible; AhrefsBot/5.0; +http://ahrefs.com/robot/)" "-"
46.161.41.34 - - [02/Feb/2015:13:56:31 +0100] "GET /contacts.php HTTP/1.1" 200 4869 divebartheband.com "-" "Mozilla/4.0 (compatible; MSIE 6.0; Windows NT 5.1; SV1)" "-"
46.161.41.34 - - [02/Feb/2015:13:56:31 +0100] "POST /livredor/index.php3?rub=ajouter HTTP/1.1" 200 25262 divebartheband.com "http://divebartheband.com/contacts.php" "Mozilla/4.0 (compatible; MSIE 6.0; Windows NT 5.1; SV1)" "-"
46.161.41.34 - - [02/Feb/2015:13:56:45 +0100] "GET /contacts.php HTTP/1.1" 200 4869 www.dive-hall.com "-" "Mozilla/4.0 (compatible; MSIE 6.0; Windows NT 5.1; SV1)" "-"
46.161.41.34 - - [02/Feb/2015:13:56:46 +0100] "POST /livredor/index.php3?rub=ajouter HTTP/1.1" 200 25262 www.dive-hall.com "http://www.dive-hall.com/contacts.php" "Mozilla/4.0 (compatible; MSIE 6.0; Windows NT 5.1; SV1)" "-"
188.165.15.205 - - [02/Feb/2015:13:56:52 +0100] "GET /contacts.php?rub=voir&deb=33672 HTTP/1.1" 200 4869 divebartheband.com "-" "Mozilla/5.0 (compatible; AhrefsBot/5.0; +http://ahrefs.com/robot/)" "-"
213.135.234.6 - - [02/Feb/2015:13:59:33 +0100] "POST /livredor/index.php3?rub=ajouter HTTP/1.1" 200 25262 www.dive-hall.com "http://www.dive-hall.com/contacts.php" "Mozilla/4.0 (compatible; MSIE 6.0; Windows NT 5.1; SV1)" "-"
159.104.6.90 - - [02/Feb/2015:14:00:08 +0100] "POST /livredor/index.php3?rub=ajouter HTTP/1.0" 200 25262 divebartheband.com "http://divebartheband.com/contacts.php" "Mozilla/4.0 (compatible; MSIE 6.0; Windows NT 5.1; SV1)" "-"
188.165.15.55 - - [02/Feb/2015:14:00:57 +0100] "GET /contacts.php?rub=voir&deb=14624 HTTP/1.1" 200 4869 www.dive-hall.com "-" "Mozilla/5.0 (compatible; AhrefsBot/5.0; +http://ahrefs.com/robot/)" "-"
188.165.15.129 - - [02/Feb/2015:14:01:03 +0100] "GET /contacts.php?rub=voir&deb=18192 HTTP/1.1" 200 4869 divebartheband.com "-" "Mozilla/5.0 (compatible; AhrefsBot/5.0; +http://ahrefs.com/robot/)" "-"
