183.252.52.84 - - [02/Feb/2015:02:48:51 +0100] "GET /contacts.php?rub=voir&deb=43840 HTTP/1.1" 200 4869 www.divebartheband.com "-" "Mozilla/4.0 (compatible; MSIE 6.0; Windows NT 5.1; SV1; TencentTraveler ; Mozilla/4.0 (compatible; MSIE 6.0; Windows NT 5.1; SV1) ; .NET CLR 2.0.50727)" "-"
91.207.6.138 - - [02/Feb/2015:02:49:11 +0100] "POST /livredor/index.php3?rub=ajouter HTTP/1.1" 200 25262 www.dive-hall.com "http://www.dive-hall.com/contacts.php" "Mozilla/5.0 (X11; U; Linux i686; en-CA; rv:1.9.0.3) Gecko/2008092921 IceCat/3.0.3-g1" "-"
188.165.15.176 - - [02/Feb/2015:02:49:30 +0100] "GET /contacts.php?rub=voir&deb=44424 HTTP/1.1" 200 4869 dive-hall.com "-" "Mozilla/5.0 (compatible; AhrefsBot/5.0; +http://ahrefs.com/robot/)" "-"
88.150.136.178 - - [02/Feb/2015:02:53:57 +0100] "GET /contacts.php HTTP/1.0" 200 4869 www.dive-hall.com "-" "Mozilla/5.0 (Windows; U; MSIE 7.0; Windows NT 6.0; en-US)" "-"
88.150.136.178 - - [02/Feb/2015:02:53:57 +0100] "POST /livredor/index.php3?rub=ajouter HTTP/1.0" 200 25262 www.dive-hall.com "http://www.dive-hall.com/contacts.php" "Mozilla/5.0 (Windows; U; MSIE 7.0; Windows NT 6.0; en-US)" "-"
118.97.95.182 - - [02/Feb/2015:02:57:13 +0100] "POST /livredor/index.php3?rub=ajouter HTTP/1.0" 200 25262 www.dive-hall.com "http://www.dive-hall.com/contacts.php" "Mozilla/4.0 (compatible; MSIE 6.0; Windows NT 5.1; SV1)" "172.17.164.194"
188.165.15.110 - - [02/Feb/2015:02:58:17 +0100] "GET /videos.html HTTP/1.1" 200 2935 www.divebartheband.com "-" "Mozilla/5.0 (compatible; AhrefsBot/5.0; +http://ahrefs.com/robot/)" "-"
188.165.15.44 - - [02/Feb/2015:02:58:24 +0100] "GET /contacts.php?rub=voir&deb=25272 HTTP/1.1" 200 4869 www.dive-hall.com "-" "Mozilla/5.0 (compatible; AhrefsBot/5.0; +http://ahrefs.com/robot/)" "-"
118.97.95.182 - - [02/Feb/2015:02:58:47 +0100] "POST /livredor/index.php3?rub=ajouter HTTP/1.0" 200 25262 www.dive-hall.com "http://www.dive-hall.com/contacts.php" "Mozilla/4.0 (compatible; MSIE 6.0; Windows NT 5.1; SV1)" "172.17.164.194"
46.161.41.34 - - [02/Feb/2015:02:59:46 +0100] "GET /contacts.php HTTP/1.1" 200 4869 www.dive-hall.com "-" "Mozilla/4.0 (compatible; MSIE 6.0; Windows NT 5.1; SV1)" "-"
46.161.41.34 - - [02/Feb/2015:02:59:46 +0100] "POST /livredor/index.php3?rub=ajouter HTTP/1.1" 200 25262 www.dive-hall.com "http://www.dive-hall.com/contacts.php" "Mozilla/4.0 (compatible; MSIE 6.0; Windows NT 5.1; SV1)" "-"
194.247.12.106 - - [02/Feb/2015:03:01:15 +0100] "POST /livredor/index.php3?rub=ajouter HTTP/1.0" 200 25262 divebartheband.com "http://divebartheband.com/contacts.php" "Mozilla/4.0 (compatible; MSIE 6.0; Windows NT 5.1; SV1)" "-"
188.165.15.204 - - [02/Feb/2015:03:01:52 +0100] "GET /contacts.php?rub=voir&deb=34824 HTTP/1.1" 200 4869 divebartheband.com "-" "Mozilla/5.0 (compatible; AhrefsBot/5.0; +http://ahrefs.com/robot/)" "-"
188.165.15.129 - - [02/Feb/2015:03:02:28 +0100] "GET /contacts.php?rub=voir&deb=15704 HTTP/1.1" 200 4869 www.dive-hall.com "-" "Mozilla/5.0 (compatible; AhrefsBot/5.0; +http://ahrefs.com/robot/)" "-"
27.153.250.169 - - [02/Feb/2015:03:02:54 +0100] "GET /contacts.php?rub=voir&deb=43840 HTTP/1.1" 200 4869 www.divebartheband.com "-" "Mozilla/4.0 (compatible; MSIE 6.0; Windows NT 5.1; SV1; TencentTraveler ; Mozilla/4.0 (compatible; MSIE 6.0; Windows NT 5.1; SV1) ; .NET CLR 2.0.50727)" "-"
27.153.250.169 - - [02/Feb/2015:03:02:55 +0100] "POST /livredor/index.php3?rub=ajouter HTTP/1.1" 200 25262 www.divebartheband.com "http://www.divebartheband.com/contacts.php?rub=voir&deb=43840" "Mozilla/4.0 (compatible; MSIE 6.0; Windows NT 5.1; SV1; Mozilla/4.0 (compatible; MSIE 6.0; Windows NT 5.1; SV1) )" "-"
27.153.250.169 - - [02/Feb/2015:03:02:56 +0100] "GET /contacts.php?rub=voir&deb=43840 HTTP/1.1" 200 4869 www.divebartheband.com "-" "Mozilla/4.0 (compatible; MSIE 6.0; Windows NT 5.1; SV1; TencentTraveler ; Mozilla/4.0 (compatible; MSIE 6.0; Windows NT 5.1; SV1) ; .NET CLR 2.0.50727)" "-"
37.29.109.246 - - [02/Feb/2015:03:05:54 +0100] "POST /livredor/index.php3?rub=ajouter HTTP/1.1" 200 25262 www.dive-hall.com "http://www.dive-hall.com/contacts.php" "Mozilla/4.0 (compatible; MSIE 6.0; Windows NT 5.1; SV1)" "-"
91.207.6.138 - - [02/Feb/2015:03:05:54 +0100] "POST /livredor/index.php3?rub=ajouter HTTP/1.1" 200 25262 www.dive-hall.com "http://www.dive-hall.com/contacts.php" "Opera/9.00 (Macintosh; PPC Mac OS X; U; es)" "-"
119.28.3.200 - - [02/Feb/2015:03:06:04 +0100] "POST /livredor/index.php3?rub=ajouter HTTP/1.0" 200 25262 divebartheband.com "http://divebartheband.com/contacts.php" "Mozilla/4.0 (compatible; MSIE 6.0; Windows NT 5.1; SV1)" "-"
118.97.95.182 - - [02/Feb/2015:03:06:53 +0100] "POST /livredor/index.php3?rub=ajouter HTTP/1.0" 200 25262 www.dive-hall.com "http://www.dive-hall.com/contacts.php" "Mozilla/4.0 (compatible; MSIE 6.0; Windows NT 5.1; SV1)" "172.17.164.194"
194.247.12.106 - - [02/Feb/2015:03:07:47 +0100] "POST /livredor/index.php3?rub=ajouter HTTP/1.0" 200 25262 divebartheband.com "http://divebartheband.com/contacts.php" "Mozilla/4.0 (compatible; MSIE 6.0; Windows NT 5.1; SV1)" "-"
188.165.15.97 - - [02/Feb/2015:03:08:59 +0100] "GET /contacts.php?rub=voir&deb=36496 HTTP/1.1" 200 4869 divebartheband.com "-" "Mozilla/5.0 (compatible; AhrefsBot/5.0; +http://ahrefs.com/robot/)" "-"
194.247.12.106 - - [02/Feb/2015:03:10:20 +0100] "POST /livredor/index.php3?rub=ajouter HTTP/1.0" 200 25262 divebartheband.com "http://divebartheband.com/contacts.php" "Mozilla/4.0 (compatible; MSIE 6.0; Windows NT 5.1; SV1)" "-"
119.28.3.200 - - [02/Feb/2015:03:10:25 +0100] "POST /livredor/index.php3?rub=ajouter HTTP/1.0" 200 25262 www.dive-hall.com "http://www.dive-hall.com/contacts.php" "Mozilla/4.0 (compatible; MSIE 6.0; Windows NT 5.1; SV1)" "-"
208.115.113.82 - - [02/Feb/2015:03:12:06 +0100] "GET /photos_EP.html HTTP/1.1" 200 4892 divebartheband.com "-" "Mozilla/5.0 (compatible; DotBot/1.1; http://www.opensiteexplorer.org/dotbot, help@moz.com)" "-"
188.165.15.204 - - [02/Feb/2015:03:14:20 +0100] "GET /contacts.php?rub=voir&deb=18232 HTTP/1.1" 200 4869 divebartheband.com "-" "Mozilla/5.0 (compatible; AhrefsBot/5.0; +http://ahrefs.com/robot/)" "-"
118.97.95.182 - - [02/Feb/2015:03:15:18 +0100] "POST /livredor/index.php3?rub=ajouter HTTP/1.0" 200 25262 divebartheband.com "http://divebartheband.com/contacts.php" "Mozilla/4.0 (compatible; MSIE 6.0; Windows NT 5.1; SV1)" "172.17.164.194"
118.97.95.182 - - [02/Feb/2015:03:15:48 +0100] "POST /livredor/index.php3?rub=ajouter HTTP/1.0" 200 25262 www.dive-hall.com "http://www.dive-hall.com/contacts.php" "Mozilla/4.0 (compatible; MSIE 6.0; Windows NT 5.1; SV1)" "172.17.164.194"
119.28.3.200 - - [02/Feb/2015:03:17:45 +0100] "POST /livredor/index.php3?rub=ajouter HTTP/1.0" 200 25262 www.dive-hall.com "http://www.dive-hall.com/contacts.php" "Mozilla/4.0 (compatible; MSIE 6.0; Windows NT 5.1; SV1)" "-"
119.28.3.200 - - [02/Feb/2015:03:17:53 +0100] "POST /livredor/index.php3?rub=ajouter HTTP/1.0" 200 25262 divebartheband.com "http://divebartheband.com/contacts.php" "Mozilla/4.0 (compatible; MSIE 6.0; Windows NT 5.1; SV1)" "-"
46.161.41.34 - - [02/Feb/2015:03:22:35 +0100] "GET /contacts.php HTTP/1.1" 200 4869 divebartheband.com "-" "Mozilla/4.0 (compatible; MSIE 6.0; Windows NT 5.1; SV1)" "-"
46.161.41.34 - - [02/Feb/2015:03:22:38 +0100] "POST /livredor/index.php3?rub=ajouter HTTP/1.1" 200 25262 divebartheband.com "http://divebartheband.com/contacts.php" "Mozilla/4.0 (compatible; MSIE 6.0; Windows NT 5.1; SV1)" "-"
46.161.41.34 - - [02/Feb/2015:03:22:39 +0100] "GET /contacts.php HTTP/1.1" 200 4869 www.dive-hall.com "-" "Mozilla/4.0 (compatible; MSIE 6.0; Windows NT 5.1; SV1)" "-"
46.161.41.34 - - [02/Feb/2015:03:22:39 +0100] "POST /livredor/index.php3?rub=ajouter HTTP/1.1" 200 25262 www.dive-hall.com "http://www.dive-hall.com/contacts.php" "Mozilla/4.0 (compatible; MSIE 6.0; Windows NT 5.1; SV1)" "-"
91.207.6.138 - - [02/Feb/2015:03:22:48 +0100] "POST /livredor/index.php3?rub=ajouter HTTP/1.1" 200 25262 www.dive-hall.com "http://www.dive-hall.com/contacts.php" "Mozilla/5.0 (Windows; U; Windows NT 6.0; de; rv:1.9.1.7) Gecko/20091221 Firefox/3.5.7 (.NET CLR 1.1.4322; .NET CLR 2.0.50727; .NET CLR 3.0.30729; .NET CLR 3.5.30729)" "-"
36.248.187.190 - - [02/Feb/2015:03:22:51 +0100] "GET /contacts.php?rub=voir&deb=43840 HTTP/1.1" 200 4869 www.divebartheband.com "-" "Mozilla/4.0 (compatible; MSIE 6.0; Windows NT 5.1; SV1; TencentTraveler ; Mozilla/4.0 (compatible; MSIE 6.0; Windows NT 5.1; SV1) ; .NET CLR 2.0.50727)" "-"
36.248.187.190 - - [02/Feb/2015:03:22:56 +0100] "POST /livredor/index.php3?rub=ajouter HTTP/1.1" 200 25262 www.divebartheband.com "http://www.divebartheband.com/contacts.php?rub=voir&deb=43840" "Mozilla/4.0 (compatible; MSIE 6.0; Windows NT 5.1; SV1; Mozilla/4.0 (compatible; MSIE 6.0; Windows NT 5.1; SV1) )" "-"
36.248.187.190 - - [02/Feb/2015:03:23:02 +0100] "GET /contacts.php?rub=voir&deb=43840 HTTP/1.1" 200 4869 www.divebartheband.com "-" "Mozilla/4.0 (compatible; MSIE 6.0; Windows NT 5.1; SV1; TencentTraveler ; Mozilla/4.0 (compatible; MSIE 6.0; Windows NT 5.1; SV1) ; .NET CLR 2.0.50727)" "-"
188.165.15.211 - - [02/Feb/2015:03:23:40 +0100] "GET /contacts.php?rub=voir&deb=14752 HTTP/1.1" 200 4869 divebartheband.com "-" "Mozilla/5.0 (compatible; AhrefsBot/5.0; +http://ahrefs.com/robot/)" "-"
188.165.15.208 - - [02/Feb/2015:03:25:32 +0100] "GET /contacts.php?rub=voir&deb=24768 HTTP/1.1" 200 4869 divebartheband.com "-" "Mozilla/5.0 (compatible; AhrefsBot/5.0; +http://ahrefs.com/robot/)" "-"
188.165.15.129 - - [02/Feb/2015:03:26:07 +0100] "GET /contacts.php?rub=voir&deb=1616 HTTP/1.1" 200 4869 www.dive-hall.com "-" "Mozilla/5.0 (compatible; AhrefsBot/5.0; +http://ahrefs.com/robot/)" "-"
58.22.70.121 - - [02/Feb/2015:03:28:37 +0100] "GET /contacts.php?rub=voir&deb=43840 HTTP/1.1" 200 4869 www.divebartheband.com "-" "Mozilla/4.0 (compatible; MSIE 6.0; Windows NT 5.1; SV1; TencentTraveler ; Mozilla/4.0 (compatible; MSIE 6.0; Windows NT 5.1; SV1) ; .NET CLR 2.0.50727)" "-"
58.22.70.121 - - [02/Feb/2015:03:28:39 +0100] "POST /livredor/index.php3?rub=ajouter HTTP/1.1" 200 25262 www.divebartheband.com "http://www.divebartheband.com/contacts.php?rub=voir&deb=43840" "Mozilla/4.0 (compatible; MSIE 6.0; Windows NT 5.1; SV1; Mozilla/4.0 (compatible; MSIE 6.0; Windows NT 5.1; SV1) )" "-"
58.22.70.121 - - [02/Feb/2015:03:28:41 +0100] "GET /contacts.php?rub=voir&deb=43840 HTTP/1.1" 200 4869 www.divebartheband.com "-" "Mozilla/4.0 (compatible; MSIE 6.0; Windows NT 5.1; SV1; TencentTraveler ; Mozilla/4.0 (compatible; MSIE 6.0; Windows NT 5.1; SV1) ; .NET CLR 2.0.50727)" "-"
118.97.95.182 - - [02/Feb/2015:03:29:37 +0100] "POST /livredor/index.php3?rub=ajouter HTTP/1.0" 200 25262 divebartheband.com "http://divebartheband.com/contacts.php" "Mozilla/4.0 (compatible; MSIE 6.0; Windows NT 5.1; SV1)" "172.17.164.194"
204.12.197.106 - - [02/Feb/2015:03:29:54 +0100] "GET /contacts.php?rub=voir&deb=24696 HTTP/1.0" 200 4869 www.dive-hall.com "http://www.dive-hall.com/contacts.php?rub=voir&deb=24696" "Mozilla/5.0 (Windows NT 6.3) AppleWebKit/537.36 (KHTML, like Gecko) Chrome/39.0.2171.71 Safari/537.36" "-"
118.97.95.182 - - [02/Feb/2015:03:30:03 +0100] "POST /livredor/index.php3?rub=ajouter HTTP/1.0" 200 25262 www.dive-hall.com "http://www.dive-hall.com/contacts.php" "Mozilla/4.0 (compatible; MSIE 6.0; Windows NT 5.1; SV1)" "172.17.164.194"
192.99.33.150 - - [02/Feb/2015:03:31:40 +0100] "GET /contacts.php?rub=voir&deb=27824 HTTP/1.1" 200 4869 www.divebartheband.com "http://www.divebartheband.com/" "Mozilla/5.0 (X11; Ubuntu; Linux i686; rv:22.0) Gecko/20100101 Firefox/22.0" "-"
192.99.33.150 - - [02/Feb/2015:03:31:40 +0100] "GET /contacts.html HTTP/1.1" 300 582 www.divebartheband.com "http://www.divebartheband.com/contacts.php?rub=voir&deb=27824" "Mozilla/5.0 (X11; Ubuntu; Linux i686; rv:22.0) Gecko/20100101 Firefox/22.0" "-"
210.57.208.14 - - [02/Feb/2015:03:34:36 +0100] "GET /contacts.php HTTP/1.1" 200 4869 www.dive-hall.com "-" "Mozilla/5.0 (Windows; U; MSIE 7.0; Windows NT 6.0; en-US)" "-"
117.169.1.127 - - [02/Feb/2015:03:34:50 +0100] "POST /livredor/index.php3?rub=ajouter HTTP/1.1" 200 25262 www.dive-hall.com "http://www.dive-hall.com/contacts.php" "Mozilla/5.0 (Windows; U; MSIE 7.0; Windows NT 6.0; en-US)" "-"
188.165.15.202 - - [02/Feb/2015:03:35:17 +0100] "GET /contacts.php?rub=voir&deb=26016 HTTP/1.1" 200 4869 www.dive-hall.com "-" "Mozilla/5.0 (compatible; AhrefsBot/5.0; +http://ahrefs.com/robot/)" "-"
118.163.151.173 - - [02/Feb/2015:03:35:20 +0100] "GET /contacts.php HTTP/1.1" 200 4869 www.dive-hall.com "-" "Mozilla/5.0 (Windows; U; Windows NT 6.1; en-US; rv:1.9.2b1) Gecko/20091014 Firefox/3.6b1 GTB5" "-"
118.163.151.173 - - [02/Feb/2015:03:35:21 +0100] "POST /livredor/index.php3?rub=ajouter HTTP/1.1" 200 25262 www.dive-hall.com "http://www.dive-hall.com/contacts.php" "Mozilla/5.0 (Windows; U; Windows NT 6.1; en-US; rv:1.9.2b1) Gecko/20091014 Firefox/3.6b1 GTB5" "-"
175.42.95.186 - - [02/Feb/2015:03:35:36 +0100] "GET /contacts.php?rub=voir&deb=43840 HTTP/1.1" 200 4869 www.divebartheband.com "-" "Mozilla/4.0 (compatible; MSIE 6.0; Windows NT 5.1; SV1; TencentTraveler ; Mozilla/4.0 (compatible; MSIE 6.0; Windows NT 5.1; SV1) ; .NET CLR 2.0.50727)" "-"
175.42.95.186 - - [02/Feb/2015:03:35:43 +0100] "POST /livredor/index.php3?rub=ajouter HTTP/1.1" 200 25262 www.divebartheband.com "http://www.divebartheband.com/contacts.php?rub=voir&deb=43840" "Mozilla/4.0 (compatible; MSIE 6.0; Windows NT 5.1; SV1; Mozilla/4.0 (compatible; MSIE 6.0; Windows NT 5.1; SV1) )" "-"
175.42.95.186 - - [02/Feb/2015:03:35:49 +0100] "GET /contacts.php?rub=voir&deb=43840 HTTP/1.1" 200 4869 www.divebartheband.com "-" "Mozilla/4.0 (compatible; MSIE 6.0; Windows NT 5.1; SV1; TencentTraveler ; Mozilla/4.0 (compatible; MSIE 6.0; Windows NT 5.1; SV1) ; .NET CLR 2.0.50727)" "-"
188.165.15.202 - - [02/Feb/2015:03:37:09 +0100] "GET /contacts.php?rub=voir&deb=41168 HTTP/1.1" 200 4869 www.dive-hall.com "-" "Mozilla/5.0 (compatible; AhrefsBot/5.0; +http://ahrefs.com/robot/)" "-"
91.207.6.138 - - [02/Feb/2015:03:39:13 +0100] "POST /livredor/index.php3?rub=ajouter HTTP/1.1" 200 25262 www.dive-hall.com "http://www.dive-hall.com/contacts.php" "Mozilla/5.0 (X11; U; Linux i686; ru-RU; rv:1.9.2a1pre) Gecko/20090405 Ubuntu/9.04 (jaunty) Firefox/3.6a1pre" "-"
46.161.41.34 - - [02/Feb/2015:03:45:11 +0100] "GET /contacts.php HTTP/1.1" 200 4869 divebartheband.com "-" "Mozilla/4.0 (compatible; MSIE 6.0; Windows NT 5.1; SV1)" "-"
46.161.41.34 - - [02/Feb/2015:03:45:11 +0100] "POST /livredor/index.php3?rub=ajouter HTTP/1.1" 200 25262 divebartheband.com "http://divebartheband.com/contacts.php" "Mozilla/4.0 (compatible; MSIE 6.0; Windows NT 5.1; SV1)" "-"
46.161.41.34 - - [02/Feb/2015:03:45:12 +0100] "GET /contacts.php HTTP/1.1" 200 4869 www.dive-hall.com "-" "Mozilla/4.0 (compatible; MSIE 6.0; Windows NT 5.1; SV1)" "-"
46.161.41.34 - - [02/Feb/2015:03:45:12 +0100] "POST /livredor/index.php3?rub=ajouter HTTP/1.1" 200 25262 www.dive-hall.com "http://www.dive-hall.com/contacts.php" "Mozilla/4.0 (compatible; MSIE 6.0; Windows NT 5.1; SV1)" "-"
188.165.15.165 - - [02/Feb/2015:03:45:23 +0100] "GET /contacts.php?rub=voir&deb=7344 HTTP/1.1" 200 4869 www.dive-hall.com "-" "Mozilla/5.0 (compatible; AhrefsBot/5.0; +http://ahrefs.com/robot/)" "-"
194.247.12.106 - - [02/Feb/2015:03:53:56 +0100] "POST /livredor/index.php3?rub=ajouter HTTP/1.0" 200 25262 divebartheband.com "http://divebartheband.com/contacts.php" "Mozilla/4.0 (compatible; MSIE 6.0; Windows NT 5.1; SV1)" "-"
188.165.15.55 - - [02/Feb/2015:03:56:47 +0100] "GET /contacts.php?rub=voir&deb=25776 HTTP/1.1" 200 4869 www.dive-hall.com "-" "Mozilla/5.0 (compatible; AhrefsBot/5.0; +http://ahrefs.com/robot/)" "-"
91.207.6.138 - - [02/Feb/2015:03:57:58 +0100] "POST /livredor/index.php3?rub=ajouter HTTP/1.1" 200 25262 www.dive-hall.com "http://www.dive-hall.com/contacts.php" "Mozilla/4.0 (compatible; MSIE 6.0b; Windows 98; YComp 5.0.0.0)" "-"
213.135.234.6 - - [02/Feb/2015:04:00:45 +0100] "POST /livredor/index.php3?rub=ajouter HTTP/1.1" 200 25262 www.dive-hall.com "http://www.dive-hall.com/contacts.php" "Mozilla/4.0 (compatible; MSIE 6.0; Windows NT 5.1; SV1)" "-"
118.97.95.182 - - [02/Feb/2015:04:00:53 +0100] "POST /livredor/index.php3?rub=ajouter HTTP/1.0" 200 25262 divebartheband.com "http://divebartheband.com/contacts.php" "Mozilla/4.0 (compatible; MSIE 6.0; Windows NT 5.1; SV1)" "172.17.164.194"
194.247.12.106 - - [02/Feb/2015:04:01:43 +0100] "POST /livredor/index.php3?rub=ajouter HTTP/1.0" 200 25262 divebartheband.com "http://divebartheband.com/contacts.php" "Mozilla/4.0 (compatible; MSIE 6.0; Windows NT 5.1; SV1)" "-"
118.97.95.182 - - [02/Feb/2015:04:03:37 +0100] "POST /livredor/index.php3?rub=ajouter HTTP/1.0" 200 25262 www.dive-hall.com "http://www.dive-hall.com/contacts.php" "Mozilla/4.0 (compatible; MSIE 6.0; Windows NT 5.1; SV1)" "172.17.164.194"
37.221.162.226 - - [02/Feb/2015:04:03:47 +0100] "POST /livredor/index.php3?rub=ajouter HTTP/1.1" 200 25262 divebartheband.com "http://divebartheband.com/contacts.php" "Mozilla/4.0 (compatible; MSIE 6.0; Windows NT 5.1; SV1)" "-"
118.97.95.182 - - [02/Feb/2015:04:06:16 +0100] "POST /livredor/index.php3?rub=ajouter HTTP/1.0" 200 25262 www.dive-hall.com "http://www.dive-hall.com/contacts.php" "Mozilla/4.0 (compatible; MSIE 6.0; Windows NT 5.1; SV1)" "172.17.164.194"
159.104.6.90 - - [02/Feb/2015:04:06:49 +0100] "POST /livredor/index.php3?rub=ajouter HTTP/1.0" 200 25262 divebartheband.com "http://divebartheband.com/contacts.php" "Mozilla/4.0 (compatible; MSIE 6.0; Windows NT 5.1; SV1)" "-"
46.161.41.34 - - [02/Feb/2015:04:07:29 +0100] "GET /contacts.php HTTP/1.1" 200 4869 divebartheband.com "-" "Mozilla/4.0 (compatible; MSIE 6.0; Windows NT 5.1; SV1)" "-"
46.161.41.34 - - [02/Feb/2015:04:07:29 +0100] "POST /livredor/index.php3?rub=ajouter HTTP/1.1" 200 25262 divebartheband.com "http://divebartheband.com/contacts.php" "Mozilla/4.0 (compatible; MSIE 6.0; Windows NT 5.1; SV1)" "-"
46.161.41.34 - - [02/Feb/2015:04:07:39 +0100] "GET /contacts.php HTTP/1.1" 200 4869 www.dive-hall.com "-" "Mozilla/4.0 (compatible; MSIE 6.0; Windows NT 5.1; SV1)" "-"
46.161.41.34 - - [02/Feb/2015:04:07:40 +0100] "POST /livredor/index.php3?rub=ajouter HTTP/1.1" 200 25262 www.dive-hall.com "http://www.dive-hall.com/contacts.php" "Mozilla/4.0 (compatible; MSIE 6.0; Windows NT 5.1; SV1)" "-"
188.165.15.13 - - [02/Feb/2015:04:09:07 +0100] "GET /contacts.php?rub=voir&deb=28000 HTTP/1.1" 200 4869 www.dive-hall.com "-" "Mozilla/5.0 (compatible; AhrefsBot/5.0; +http://ahrefs.com/robot/)" "-"
118.97.95.182 - - [02/Feb/2015:04:09:51 +0100] "POST /livredor/index.php3?rub=ajouter HTTP/1.0" 200 25262 divebartheband.com "http://divebartheband.com/contacts.php" "Mozilla/4.0 (compatible; MSIE 6.0; Windows NT 5.1; SV1)" "172.17.164.194"
5.9.202.130 - - [02/Feb/2015:04:12:22 +0100] "GET /contacts.php?rub=voir&deb=27824 HTTP/1.1" 200 4869 www.divebartheband.com "http://www.divebartheband.com/" "Mozilla/5.0 (Windows NT 6.1; Win64; x64) AppleWebKit/537.36 (KHTML, like Gecko) Chrome/40.0.2214.85 Safari/537.36" "-"
208.115.113.82 - - [02/Feb/2015:04:12:25 +0100] "GET /contacts.php?rub=voir&deb=4896 HTTP/1.1" 200 4869 divebartheband.com "-" "Mozilla/5.0 (compatible; DotBot/1.1; http://www.opensiteexplorer.org/dotbot, help@moz.com)" "-"
208.115.113.82 - - [02/Feb/2015:04:12:28 +0100] "GET /contacts.php?rub=voir&deb=33640 HTTP/1.1" 200 4869 divebartheband.com "-" "Mozilla/5.0 (compatible; DotBot/1.1; http://www.opensiteexplorer.org/dotbot, help@moz.com)" "-"
86.106.137.4 - - [02/Feb/2015:04:13:16 +0100] "POST /livredor/index.php3?rub=ajouter HTTP/1.1" 200 25262 divebartheband.com "http://divebartheband.com/contacts.php" "Mozilla/4.0 (compatible; MSIE 6.0; Windows NT 5.1; SV1)" "-"
118.97.95.182 - - [02/Feb/2015:04:14:13 +0100] "POST /livredor/index.php3?rub=ajouter HTTP/1.0" 200 25262 www.dive-hall.com "http://www.dive-hall.com/contacts.php" "Mozilla/4.0 (compatible; MSIE 6.0; Windows NT 5.1; SV1)" "172.17.164.194"
62.210.215.112 - - [02/Feb/2015:04:15:39 +0100] "GET /wp-content/plugins/nextgen-gallery/xml/media-rss.php HTTP/1.1" 404 823 www.dive-hall.com "-" "Mozilla/5.0 (X11; Linux i686) AppleWebKit/537.36 (KHTML, like Gecko) Chrome/30.0.1599.66 Safari/537.36" "-"
91.207.6.138 - - [02/Feb/2015:04:19:35 +0100] "POST /livredor/index.php3?rub=ajouter HTTP/1.1" 200 25262 www.dive-hall.com "http://www.dive-hall.com/contacts.php" "Mozilla/5.0 (X11; U; Linux i686; en-GB; rv:1.9.1.11) Gecko/20100819 Iceweasel/3.5.11 (like Firefox/3.5.11)" "-"
188.165.15.129 - - [02/Feb/2015:04:22:26 +0100] "GET /contacts.php?rub=voir&deb=39800 HTTP/1.1" 200 4869 divebartheband.com "-" "Mozilla/5.0 (compatible; AhrefsBot/5.0; +http://ahrefs.com/robot/)" "-"
208.115.113.92 - - [02/Feb/2015:04:25:35 +0100] "GET /robots.txt HTTP/1.1" 404 823 divebartheband.com "-" "Mozilla/5.0 (compatible; DotBot/1.1; http://www.opensiteexplorer.org/dotbot, help@moz.com)" "-"
188.165.15.202 - - [02/Feb/2015:04:27:38 +0100] "GET /contacts.php?rub=voir&deb=40472 HTTP/1.1" 200 4869 www.dive-hall.com "-" "Mozilla/5.0 (compatible; AhrefsBot/5.0; +http://ahrefs.com/robot/)" "-"
46.161.41.34 - - [02/Feb/2015:04:29:28 +0100] "GET /contacts.php HTTP/1.1" 200 4869 divebartheband.com "-" "Mozilla/4.0 (compatible; MSIE 6.0; Windows NT 5.1; SV1)" "-"
46.161.41.34 - - [02/Feb/2015:04:29:30 +0100] "POST /livredor/index.php3?rub=ajouter HTTP/1.1" 200 25262 divebartheband.com "http://divebartheband.com/contacts.php" "Mozilla/4.0 (compatible; MSIE 6.0; Windows NT 5.1; SV1)" "-"
46.161.41.34 - - [02/Feb/2015:04:29:44 +0100] "GET /contacts.php HTTP/1.1" 200 4869 www.dive-hall.com "-" "Mozilla/4.0 (compatible; MSIE 6.0; Windows NT 5.1; SV1)" "-"
46.161.41.34 - - [02/Feb/2015:04:29:47 +0100] "POST /livredor/index.php3?rub=ajouter HTTP/1.1" 200 25262 www.dive-hall.com "http://www.dive-hall.com/contacts.php" "Mozilla/4.0 (compatible; MSIE 6.0; Windows NT 5.1; SV1)" "-"
219.93.183.102 - - [02/Feb/2015:04:31:07 +0100] "POST /livredor/index.php3?rub=ajouter HTTP/1.1" 200 25262 www.dive-hall.com "http://www.dive-hall.com/contacts.php" "Mozilla/4.0 (compatible; MSIE 6.0; Windows NT 5.1; SV1)" "-"
118.97.95.182 - - [02/Feb/2015:04:35:13 +0100] "POST /livredor/index.php3?rub=ajouter HTTP/1.0" 200 25262 divebartheband.com "http://divebartheband.com/contacts.php" "Mozilla/4.0 (compatible; MSIE 6.0; Windows NT 5.1; SV1)" "172.17.164.194"
118.97.95.182 - - [02/Feb/2015:04:35:55 +0100] "POST /livredor/index.php3?rub=ajouter HTTP/1.0" 200 25262 www.dive-hall.com "http://www.dive-hall.com/contacts.php" "Mozilla/4.0 (compatible; MSIE 6.0; Windows NT 5.1; SV1)" "172.17.164.194"
118.97.95.182 - - [02/Feb/2015:04:36:00 +0100] "POST /livredor/index.php3?rub=ajouter HTTP/1.0" 200 25262 divebartheband.com "http://divebartheband.com/contacts.php" "Mozilla/4.0 (compatible; MSIE 6.0; Windows NT 5.1; SV1)" "172.17.164.194"
119.28.3.200 - - [02/Feb/2015:04:36:28 +0100] "POST /livredor/index.php3?rub=ajouter HTTP/1.0" 200 25262 divebartheband.com "http://divebartheband.com/contacts.php" "Mozilla/4.0 (compatible; MSIE 6.0; Windows NT 5.1; SV1)" "-"
91.207.6.138 - - [02/Feb/2015:04:36:41 +0100] "POST /livredor/index.php3?rub=ajouter HTTP/1.1" 200 25262 www.dive-hall.com "http://www.dive-hall.com/contacts.php" "Opera/9.80 (X11; Linux i686; U; en) Presto/2.5.27 Version/10.60" "-"
180.76.5.150 - - [02/Feb/2015:04:42:09 +0100] "GET /contacts.html HTTP/1.1" 300 423 www.dive-hall.com "-" "Mozilla/5.0 (compatible; Baiduspider/2.0; +http://www.baidu.com/search/spider.html)" "-"
118.97.95.182 - - [02/Feb/2015:04:42:59 +0100] "POST /livredor/index.php3?rub=ajouter HTTP/1.0" 200 25262 www.dive-hall.com "http://www.dive-hall.com/contacts.php" "Mozilla/4.0 (compatible; MSIE 6.0; Windows NT 5.1; SV1)" "172.17.164.194"
194.247.12.106 - - [02/Feb/2015:04:43:44 +0100] "POST /livredor/index.php3?rub=ajouter HTTP/1.0" 200 25262 divebartheband.com "http://divebartheband.com/contacts.php" "Mozilla/4.0 (compatible; MSIE 6.0; Windows NT 5.1; SV1)" "-"
157.55.39.130 - - [02/Feb/2015:04:44:22 +0100] "GET /robots.txt HTTP/1.1" 404 823 www.divebartheband.com "-" "Mozilla/5.0 (compatible; bingbot/2.0; +http://www.bing.com/bingbot.htm)" "-"
157.55.39.130 - - [02/Feb/2015:04:44:24 +0100] "GET / HTTP/1.1" 200 1598 www.divebartheband.com "-" "Mozilla/5.0 (compatible; bingbot/2.0; +http://www.bing.com/bingbot.htm)" "-"
68.180.228.168 - - [02/Feb/2015:04:48:00 +0100] "GET /robots.txt HTTP/1.1" 404 823 dive-hall.com "-" "Mozilla/5.0 (compatible; Yahoo! Slurp; http://help.yahoo.com/help/us/ysearch/slurp)" "-"
68.180.228.168 - - [02/Feb/2015:04:48:01 +0100] "GET /site.html HTTP/1.1" 200 7042 dive-hall.com "-" "Mozilla/5.0 (compatible; Yahoo! Slurp; http://help.yahoo.com/help/us/ysearch/slurp)" "-"
117.169.1.190 - - [02/Feb/2015:04:48:15 +0100] "GET /contacts.php HTTP/1.1" 200 4869 www.dive-hall.com "-" "Mozilla/4.0 (compatible; MSIE 6.0; Windows NT 5.1; SV1)" "-"
117.169.1.190 - - [02/Feb/2015:04:48:17 +0100] "POST /livredor/index.php3?rub=ajouter HTTP/1.1" 200 25262 www.dive-hall.com "http://www.dive-hall.com/contacts.php" "Mozilla/4.0 (compatible; MSIE 6.0; Windows NT 5.1; SV1)" "-"
46.161.41.34 - - [02/Feb/2015:04:51:54 +0100] "GET /contacts.php HTTP/1.1" 200 4869 divebartheband.com "-" "Mozilla/4.0 (compatible; MSIE 6.0; Windows NT 5.1; SV1)" "-"
46.161.41.34 - - [02/Feb/2015:04:51:54 +0100] "POST /livredor/index.php3?rub=ajouter HTTP/1.1" 200 25262 divebartheband.com "http://divebartheband.com/contacts.php" "Mozilla/4.0 (compatible; MSIE 6.0; Windows NT 5.1; SV1)" "-"
46.161.41.34 - - [02/Feb/2015:04:52:07 +0100] "GET /contacts.php HTTP/1.1" 200 4869 www.dive-hall.com "-" "Mozilla/4.0 (compatible; MSIE 6.0; Windows NT 5.1; SV1)" "-"
46.161.41.34 - - [02/Feb/2015:04:52:07 +0100] "POST /livredor/index.php3?rub=ajouter HTTP/1.1" 200 25262 www.dive-hall.com "http://www.dive-hall.com/contacts.php" "Mozilla/4.0 (compatible; MSIE 6.0; Windows NT 5.1; SV1)" "-"
188.165.15.165 - - [02/Feb/2015:04:54:09 +0100] "GET /contacts.php?rub=voir&deb=32744 HTTP/1.1" 200 4869 www.dive-hall.com "-" "Mozilla/5.0 (compatible; AhrefsBot/5.0; +http://ahrefs.com/robot/)" "-"
91.207.6.138 - - [02/Feb/2015:04:54:31 +0100] "POST /livredor/index.php3?rub=ajouter HTTP/1.1" 200 25262 www.dive-hall.com "http://www.dive-hall.com/contacts.php" "Mozilla/5.0 (X11; U; Linux i686; en-US; rv:1.8.1.12) Gecko/20080201 Firefox/2.0.0.12 Mnenhy/0.7.5.666" "-"
188.165.15.23 - - [02/Feb/2015:04:55:59 +0100] "GET /contacts.php?rub=voir&deb=20520 HTTP/1.1" 200 4869 divebartheband.com "-" "Mozilla/5.0 (compatible; AhrefsBot/5.0; +http://ahrefs.com/robot/)" "-"
221.176.14.83 - - [02/Feb/2015:05:01:10 +0100] "GET /contacts.php?rub=voir&deb=43840 HTTP/1.1" 200 4869 www.divebartheband.com "http://www.divebartheband.com/" "Mozilla/5.0 (Windows NT 6.1; WOW64) AppleWebKit/537.36 (KHTML, like Gecko) Chrome/34.0.1847.116 Safari/537.36" "-"
213.238.175.29 - - [02/Feb/2015:05:08:28 +0100] "GET /contacts.php?rub=voir&deb=12432 HTTP/1.1" 200 4869 www.divebartheband.com "-" "Mozilla/4.0 (compatible; MSIE 6.0; Windows NT 5.1; SV1)" "-"
213.238.175.29 - - [02/Feb/2015:05:08:28 +0100] "POST /livredor/index.php3?rub=ajouter HTTP/1.1" 200 25262 www.divebartheband.com "http://www.divebartheband.com/contacts.php?rub=voir&deb=12432" "Mozilla/4.0 (compatible; MSIE 6.0; Windows NT 5.1; SV1)" "-"
213.238.175.29 - - [02/Feb/2015:05:08:28 +0100] "GET /livredor/index.php3?rub=ajouter HTTP/1.1" 200 2452 www.divebartheband.com "-" "Mozilla/4.0 (compatible; MSIE 6.0; Windows NT 5.1; SV1)" "-"
213.238.175.29 - - [02/Feb/2015:05:08:29 +0100] "GET /contacts.php?rub=voir&deb=12432 HTTP/1.1" 200 4869 www.divebartheband.com "-" "Mozilla/4.0 (compatible; MSIE 6.0; Windows NT 5.1; SV1)" "-"
213.238.175.29 - - [02/Feb/2015:05:08:29 +0100] "GET / HTTP/1.1" 200 1598 www.divebartheband.com "-" "Mozilla/4.0 (compatible; MSIE 6.0; Windows NT 5.1; SV1)" "-"
213.238.175.29 - - [02/Feb/2015:05:08:29 +0100] "GET /livredor/contacts.php HTTP/1.1" 404 823 www.divebartheband.com "-" "Mozilla/4.0 (compatible; MSIE 6.0; Windows NT 5.1; SV1)" "-"
213.238.175.29 - - [02/Feb/2015:05:08:29 +0100] "GET /livredor/index.php3?rub=voir&deb=8 HTTP/1.1" 200 19019 www.divebartheband.com "-" "Mozilla/4.0 (compatible; MSIE 6.0; Windows NT 5.1; SV1)" "-"
213.238.175.29 - - [02/Feb/2015:05:08:29 +0100] "GET /livredor/index.php3?rub=voir&deb=44688 HTTP/1.1" 200 6826 www.divebartheband.com "-" "Mozilla/4.0 (compatible; MSIE 6.0; Windows NT 5.1; SV1)" "-"
213.238.175.29 - - [02/Feb/2015:05:08:30 +0100] "GET / HTTP/1.1" 200 1598 divebartheband.com "-" "Mozilla/4.0 (compatible; MSIE 6.0; Windows NT 5.1; SV1)" "-"
213.238.175.29 - - [02/Feb/2015:05:08:30 +0100] "GET /Photos.html HTTP/1.1" 301 249 www.divebartheband.com "-" "Mozilla/4.0 (compatible; MSIE 6.0; Windows NT 5.1; SV1)" "-"
213.238.175.29 - - [02/Feb/2015:05:08:30 +0100] "GET /photos.html HTTP/1.1" 200 2430 www.divebartheband.com "-" "Mozilla/4.0 (compatible; MSIE 6.0; Windows NT 5.1; SV1)" "-"
213.238.175.29 - - [02/Feb/2015:05:08:31 +0100] "GET /videos.html HTTP/1.1" 200 2935 www.divebartheband.com "-" "Mozilla/4.0 (compatible; MSIE 6.0; Windows NT 5.1; SV1)" "-"
213.238.175.29 - - [02/Feb/2015:05:08:31 +0100] "GET /news.html HTTP/1.1" 200 3449 www.divebartheband.com "-" "Mozilla/4.0 (compatible; MSIE 6.0; Windows NT 5.1; SV1)" "-"
213.238.175.29 - - [02/Feb/2015:05:08:31 +0100] "GET /contacts.html HTTP/1.1" 300 423 www.divebartheband.com "-" "Mozilla/4.0 (compatible; MSIE 6.0; Windows NT 5.1; SV1)" "-"
213.238.175.29 - - [02/Feb/2015:05:08:31 +0100] "GET /contacts.php?rub=voir HTTP/1.1" 200 4869 www.divebartheband.com "-" "Mozilla/4.0 (compatible; MSIE 6.0; Windows NT 5.1; SV1)" "-"
188.165.15.165 - - [02/Feb/2015:05:11:41 +0100] "GET /contacts.php?rub=voir&deb=12288 HTTP/1.1" 200 4869 www.dive-hall.com "-" "Mozilla/5.0 (compatible; AhrefsBot/5.0; +http://ahrefs.com/robot/)" "-"
194.247.12.106 - - [02/Feb/2015:05:12:58 +0100] "POST /livredor/index.php3?rub=ajouter HTTP/1.0" 200 25262 www.dive-hall.com "http://www.dive-hall.com/contacts.php" "Mozilla/4.0 (compatible; MSIE 6.0; Windows NT 5.1; SV1)" "-"
91.207.6.138 - - [02/Feb/2015:05:14:20 +0100] "POST /livredor/index.php3?rub=ajouter HTTP/1.1" 200 25262 www.dive-hall.com "http://www.dive-hall.com/contacts.php" "Opera/9.64 (X11; Linux i686; U; tr) Presto/2.1.1" "-"
46.161.41.34 - - [02/Feb/2015:05:14:26 +0100] "GET /contacts.php HTTP/1.1" 200 4869 divebartheband.com "-" "Mozilla/4.0 (compatible; MSIE 6.0; Windows NT 5.1; SV1)" "-"
46.161.41.34 - - [02/Feb/2015:05:14:26 +0100] "POST /livredor/index.php3?rub=ajouter HTTP/1.1" 200 25262 divebartheband.com "http://divebartheband.com/contacts.php" "Mozilla/4.0 (compatible; MSIE 6.0; Windows NT 5.1; SV1)" "-"
46.161.41.34 - - [02/Feb/2015:05:14:58 +0100] "GET /contacts.php HTTP/1.1" 200 4869 www.dive-hall.com "-" "Mozilla/4.0 (compatible; MSIE 6.0; Windows NT 5.1; SV1)" "-"
46.161.41.34 - - [02/Feb/2015:05:14:58 +0100] "POST /livredor/index.php3?rub=ajouter HTTP/1.1" 200 25262 www.dive-hall.com "http://www.dive-hall.com/contacts.php" "Mozilla/4.0 (compatible; MSIE 6.0; Windows NT 5.1; SV1)" "-"
188.165.15.204 - - [02/Feb/2015:05:17:07 +0100] "GET /contacts.php?rub=voir&deb=33072 HTTP/1.1" 200 4869 www.dive-hall.com "-" "Mozilla/5.0 (compatible; AhrefsBot/5.0; +http://ahrefs.com/robot/)" "-"
213.238.175.29 - - [02/Feb/2015:05:21:26 +0100] "GET /contacts.php?rub=voir&deb=13568 HTTP/1.1" 200 4869 www.divebartheband.com "-" "Mozilla/4.0 (compatible; MSIE 6.0; Windows NT 5.1; SV1)" "-"
213.238.175.29 - - [02/Feb/2015:05:21:27 +0100] "POST /livredor/index.php3?rub=ajouter HTTP/1.1" 200 25262 www.divebartheband.com "http://www.divebartheband.com/contacts.php?rub=voir&deb=13568" "Mozilla/4.0 (compatible; MSIE 6.0; Windows NT 5.1; SV1)" "-"
213.238.175.29 - - [02/Feb/2015:05:21:27 +0100] "GET /livredor/index.php3?rub=ajouter HTTP/1.1" 200 2452 www.divebartheband.com "-" "Mozilla/4.0 (compatible; MSIE 6.0; Windows NT 5.1; SV1)" "-"
213.238.175.29 - - [02/Feb/2015:05:21:27 +0100] "GET /contacts.php?rub=voir&deb=13568 HTTP/1.1" 200 4869 www.divebartheband.com "-" "Mozilla/4.0 (compatible; MSIE 6.0; Windows NT 5.1; SV1)" "-"
213.238.175.29 - - [02/Feb/2015:05:21:27 +0100] "GET / HTTP/1.1" 200 1598 www.divebartheband.com "-" "Mozilla/4.0 (compatible; MSIE 6.0; Windows NT 5.1; SV1)" "-"
213.238.175.29 - - [02/Feb/2015:05:21:27 +0100] "GET /livredor/contacts.php HTTP/1.1" 404 823 www.divebartheband.com "-" "Mozilla/4.0 (compatible; MSIE 6.0; Windows NT 5.1; SV1)" "-"
213.238.175.29 - - [02/Feb/2015:05:21:28 +0100] "GET /livredor/index.php3?rub=voir&deb=8 HTTP/1.1" 200 19019 www.divebartheband.com "-" "Mozilla/4.0 (compatible; MSIE 6.0; Windows NT 5.1; SV1)" "-"
213.238.175.29 - - [02/Feb/2015:05:21:28 +0100] "GET /livredor/index.php3?rub=voir&deb=44688 HTTP/1.1" 200 6826 www.divebartheband.com "-" "Mozilla/4.0 (compatible; MSIE 6.0; Windows NT 5.1; SV1)" "-"
213.238.175.29 - - [02/Feb/2015:05:21:28 +0100] "GET / HTTP/1.1" 200 1598 divebartheband.com "-" "Mozilla/4.0 (compatible; MSIE 6.0; Windows NT 5.1; SV1)" "-"
213.238.175.29 - - [02/Feb/2015:05:21:29 +0100] "GET /Photos.html HTTP/1.1" 301 249 www.divebartheband.com "-" "Mozilla/4.0 (compatible; MSIE 6.0; Windows NT 5.1; SV1)" "-"
213.238.175.29 - - [02/Feb/2015:05:21:29 +0100] "GET /photos.html HTTP/1.1" 200 2430 www.divebartheband.com "-" "Mozilla/4.0 (compatible; MSIE 6.0; Windows NT 5.1; SV1)" "-"
213.238.175.29 - - [02/Feb/2015:05:21:29 +0100] "GET /videos.html HTTP/1.1" 200 2935 www.divebartheband.com "-" "Mozilla/4.0 (compatible; MSIE 6.0; Windows NT 5.1; SV1)" "-"
213.238.175.29 - - [02/Feb/2015:05:21:29 +0100] "GET /news.html HTTP/1.1" 200 3449 www.divebartheband.com "-" "Mozilla/4.0 (compatible; MSIE 6.0; Windows NT 5.1; SV1)" "-"
213.238.175.29 - - [02/Feb/2015:05:21:29 +0100] "GET /contacts.html HTTP/1.1" 300 423 www.divebartheband.com "-" "Mozilla/4.0 (compatible; MSIE 6.0; Windows NT 5.1; SV1)" "-"
213.238.175.29 - - [02/Feb/2015:05:21:29 +0100] "GET /contacts.php?rub=voir HTTP/1.1" 200 4869 www.divebartheband.com "-" "Mozilla/4.0 (compatible; MSIE 6.0; Windows NT 5.1; SV1)" "-"
188.165.15.129 - - [02/Feb/2015:05:23:56 +0100] "GET /contacts.php?rub=voir&deb=27432 HTTP/1.1" 200 4869 divebartheband.com "-" "Mozilla/5.0 (compatible; AhrefsBot/5.0; +http://ahrefs.com/robot/)" "-"
86.106.137.3 - - [02/Feb/2015:05:24:40 +0100] "POST /livredor/index.php3?rub=ajouter HTTP/1.1" 200 25262 www.dive-hall.com "http://www.dive-hall.com/contacts.php" "Mozilla/4.0 (compatible; MSIE 6.0; Windows NT 5.1; SV1)" "-"
86.106.137.3 - - [02/Feb/2015:05:24:47 +0100] "POST /livredor/index.php3?rub=ajouter HTTP/1.1" 200 25262 divebartheband.com "http://divebartheband.com/contacts.php" "Mozilla/4.0 (compatible; MSIE 6.0; Windows NT 5.1; SV1)" "-"
188.165.15.110 - - [02/Feb/2015:05:25:04 +0100] "GET /contacts.php?rub=voir&deb=13368 HTTP/1.1" 200 4869 divebartheband.com "-" "Mozilla/5.0 (compatible; AhrefsBot/5.0; +http://ahrefs.com/robot/)" "-"
194.247.12.106 - - [02/Feb/2015:05:25:36 +0100] "POST /livredor/index.php3?rub=ajouter HTTP/1.0" 200 25262 www.dive-hall.com "http://www.dive-hall.com/contacts.php" "Mozilla/4.0 (compatible; MSIE 6.0; Windows NT 5.1; SV1)" "-"
194.247.12.106 - - [02/Feb/2015:05:25:38 +0100] "POST /livredor/index.php3?rub=ajouter HTTP/1.0" 200 25262 divebartheband.com "http://divebartheband.com/contacts.php" "Mozilla/4.0 (compatible; MSIE 6.0; Windows NT 5.1; SV1)" "-"
188.165.15.36 - - [02/Feb/2015:05:26:59 +0100] "GET /contacts.php?rub=voir&deb=29784 HTTP/1.1" 200 4869 www.dive-hall.com "-" "Mozilla/5.0 (compatible; AhrefsBot/5.0; +http://ahrefs.com/robot/)" "-"
118.97.95.182 - - [02/Feb/2015:05:27:24 +0100] "POST /livredor/index.php3?rub=ajouter HTTP/1.0" 200 25262 divebartheband.com "http://divebartheband.com/contacts.php" "Mozilla/4.0 (compatible; MSIE 6.0; Windows NT 5.1; SV1)" "172.17.164.194"
118.97.95.182 - - [02/Feb/2015:05:27:26 +0100] "POST /livredor/index.php3?rub=ajouter HTTP/1.0" 200 25262 www.dive-hall.com "http://www.dive-hall.com/contacts.php" "Mozilla/4.0 (compatible; MSIE 6.0; Windows NT 5.1; SV1)" "172.17.164.194"
111.7.131.135 - - [02/Feb/2015:05:27:45 +0100] "GET /contacts.php HTTP/1.1" 200 4869 www.dive-hall.com "-" "Mozilla/5.0 (Windows; U; MSIE 7.0; Windows NT 6.0; en-US)" "-"
111.7.131.135 - - [02/Feb/2015:05:27:47 +0100] "POST /livredor/index.php3?rub=ajouter HTTP/1.1" 200 25262 www.dive-hall.com "http://www.dive-hall.com/contacts.php" "Mozilla/5.0 (Windows; U; MSIE 7.0; Windows NT 6.0; en-US)" "-"
188.165.15.55 - - [02/Feb/2015:05:29:04 +0100] "GET /contacts.php?rub=voir&deb=31992 HTTP/1.1" 200 4869 www.dive-hall.com "-" "Mozilla/5.0 (compatible; AhrefsBot/5.0; +http://ahrefs.com/robot/)" "-"
194.247.12.106 - - [02/Feb/2015:05:29:25 +0100] "POST /livredor/index.php3?rub=ajouter HTTP/1.0" 200 25262 www.dive-hall.com "http://www.dive-hall.com/contacts.php" "Mozilla/4.0 (compatible; MSIE 6.0; Windows NT 5.1; SV1)" "-"
37.59.101.107 - - [02/Feb/2015:05:29:49 +0100] "POST /livredor/index.php3?rub=ajouter HTTP/1.1" 200 25262 divebartheband.com "http://divebartheband.com/contacts.php" "Mozilla/4.0 (compatible; MSIE 6.0; Windows NT 5.1; SV1)" "-"
123.241.212.99 - - [02/Feb/2015:05:30:16 +0100] "GET /contacts.php HTTP/1.1" 200 4869 www.dive-hall.com "-" "Mozilla/5.0 (Windows; U; MSIE 7.0; Windows NT 6.0; en-US)" "-"
123.241.212.99 - - [02/Feb/2015:05:30:18 +0100] "POST /livredor/index.php3?rub=ajouter HTTP/1.1" 200 25262 www.dive-hall.com "http://www.dive-hall.com/contacts.php" "Mozilla/5.0 (Windows; U; MSIE 7.0; Windows NT 6.0; en-US)" "-"
194.247.12.106 - - [02/Feb/2015:05:31:18 +0100] "POST /livredor/index.php3?rub=ajouter HTTP/1.0" 200 25262 divebartheband.com "http://divebartheband.com/contacts.php" "Mozilla/4.0 (compatible; MSIE 6.0; Windows NT 5.1; SV1)" "-"
194.247.12.106 - - [02/Feb/2015:05:32:57 +0100] "POST /livredor/index.php3?rub=ajouter HTTP/1.0" 200 25262 www.dive-hall.com "http://www.dive-hall.com/contacts.php" "Mozilla/4.0 (compatible; MSIE 6.0; Windows NT 5.1; SV1)" "-"
37.59.101.107 - - [02/Feb/2015:05:33:02 +0100] "POST /livredor/index.php3?rub=ajouter HTTP/1.1" 200 25262 www.dive-hall.com "http://www.dive-hall.com/contacts.php" "Mozilla/4.0 (compatible; MSIE 6.0; Windows NT 5.1; SV1)" "-"
194.247.12.106 - - [02/Feb/2015:05:33:20 +0100] "POST /livredor/index.php3?rub=ajouter HTTP/1.0" 200 25262 divebartheband.com "http://divebartheband.com/contacts.php" "Mozilla/4.0 (compatible; MSIE 6.0; Windows NT 5.1; SV1)" "-"
91.207.6.138 - - [02/Feb/2015:05:35:44 +0100] "POST /livredor/index.php3?rub=ajouter HTTP/1.1" 200 25262 www.dive-hall.com "http://www.dive-hall.com/contacts.php" "Mozilla/5.0 (Windows; U; Windows NT 6.0; en-US; rv:1.8.1.12) Gecko/20080203 K-Meleon/1.1.4" "-"
118.97.95.182 - - [02/Feb/2015:05:37:07 +0100] "POST /livredor/index.php3?rub=ajouter HTTP/1.0" 200 25262 divebartheband.com "http://divebartheband.com/contacts.php" "Mozilla/4.0 (compatible; MSIE 6.0; Windows NT 5.1; SV1)" "172.17.164.194"
118.97.95.182 - - [02/Feb/2015:05:37:21 +0100] "POST /livredor/index.php3?rub=ajouter HTTP/1.0" 200 25262 www.dive-hall.com "http://www.dive-hall.com/contacts.php" "Mozilla/4.0 (compatible; MSIE 6.0; Windows NT 5.1; SV1)" "172.17.164.194"
46.161.41.34 - - [02/Feb/2015:05:37:30 +0100] "GET /contacts.php HTTP/1.1" 200 4869 divebartheband.com "-" "Mozilla/4.0 (compatible; MSIE 6.0; Windows NT 5.1; SV1)" "-"
46.161.41.34 - - [02/Feb/2015:05:37:30 +0100] "POST /livredor/index.php3?rub=ajouter HTTP/1.1" 200 25262 divebartheband.com "http://divebartheband.com/contacts.php" "Mozilla/4.0 (compatible; MSIE 6.0; Windows NT 5.1; SV1)" "-"
46.161.41.34 - - [02/Feb/2015:05:37:56 +0100] "GET /contacts.php HTTP/1.1" 200 4869 www.dive-hall.com "-" "Mozilla/4.0 (compatible; MSIE 6.0; Windows NT 5.1; SV1)" "-"
46.161.41.34 - - [02/Feb/2015:05:37:56 +0100] "POST /livredor/index.php3?rub=ajouter HTTP/1.1" 200 25262 www.dive-hall.com "http://www.dive-hall.com/contacts.php" "Mozilla/4.0 (compatible; MSIE 6.0; Windows NT 5.1; SV1)" "-"
219.93.183.102 - - [02/Feb/2015:05:38:29 +0100] "POST /livredor/index.php3?rub=ajouter HTTP/1.1" 200 25262 www.dive-hall.com "http://www.dive-hall.com/contacts.php" "Mozilla/4.0 (compatible; MSIE 6.0; Windows NT 5.1; SV1)" "-"
119.28.3.200 - - [02/Feb/2015:05:38:56 +0100] "POST /livredor/index.php3?rub=ajouter HTTP/1.0" 200 25262 divebartheband.com "http://divebartheband.com/contacts.php" "Mozilla/4.0 (compatible; MSIE 6.0; Windows NT 5.1; SV1)" "-"
37.59.101.107 - - [02/Feb/2015:05:39:39 +0100] "POST /livredor/index.php3?rub=ajouter HTTP/1.1" 200 25262 divebartheband.com "http://divebartheband.com/contacts.php" "Mozilla/4.0 (compatible; MSIE 6.0; Windows NT 5.1; SV1)" "-"
142.54.173.19 - - [02/Feb/2015:05:40:42 +0100] "GET /contacts.php?rub=voir&deb=4456 HTTP/1.0" 200 4869 www.divebartheband.com "http://www.divebartheband.com/contacts.php?rub=voir&deb=4456" "Mozilla/5.0 (Windows NT 6.1) AppleWebKit/537.36 (KHTML, like Gecko) Chrome/39.0.2171.71 Safari/537.36" "-"
119.28.3.200 - - [02/Feb/2015:05:41:25 +0100] "POST /livredor/index.php3?rub=ajouter HTTP/1.0" 200 25262 www.dive-hall.com "http://www.dive-hall.com/contacts.php" "Mozilla/4.0 (compatible; MSIE 6.0; Windows NT 5.1; SV1)" "-"
194.247.12.106 - - [02/Feb/2015:05:41:54 +0100] "POST /livredor/index.php3?rub=ajouter HTTP/1.0" 200 25262 divebartheband.com "http://divebartheband.com/contacts.php" "Mozilla/4.0 (compatible; MSIE 6.0; Windows NT 5.1; SV1)" "-"
118.97.95.182 - - [02/Feb/2015:05:45:53 +0100] "POST /livredor/index.php3?rub=ajouter HTTP/1.0" 200 25262 divebartheband.com "http://divebartheband.com/contacts.php" "Mozilla/4.0 (compatible; MSIE 6.0; Windows NT 5.1; SV1)" "172.17.164.194"
37.59.101.107 - - [02/Feb/2015:05:46:24 +0100] "POST /livredor/index.php3?rub=ajouter HTTP/1.1" 200 25262 www.dive-hall.com "http://www.dive-hall.com/contacts.php" "Mozilla/4.0 (compatible; MSIE 6.0; Windows NT 5.1; SV1)" "-"
188.165.15.13 - - [02/Feb/2015:05:47:06 +0100] "GET /contacts.php?rub=voir&deb=8056 HTTP/1.1" 200 4869 www.dive-hall.com "-" "Mozilla/5.0 (compatible; AhrefsBot/5.0; +http://ahrefs.com/robot/)" "-"
188.165.15.205 - - [02/Feb/2015:05:47:09 +0100] "GET /contacts.php?rub=voir&deb=11208 HTTP/1.1" 200 4869 divebartheband.com "-" "Mozilla/5.0 (compatible; AhrefsBot/5.0; +http://ahrefs.com/robot/)" "-"
188.165.15.205 - - [02/Feb/2015:05:47:46 +0100] "GET /contacts.php?rub=voir&deb=12888 HTTP/1.1" 200 4869 divebartheband.com "-" "Mozilla/5.0 (compatible; AhrefsBot/5.0; +http://ahrefs.com/robot/)" "-"
213.238.175.29 - - [02/Feb/2015:05:48:37 +0100] "GET /contacts.php?rub=voir&deb=2288 HTTP/1.1" 200 4869 www.dive-hall.com "-" "Mozilla/4.0 (compatible; MSIE 6.0; Windows NT 5.1; SV1)" "-"
213.238.175.29 - - [02/Feb/2015:05:48:37 +0100] "POST /livredor/index.php3?rub=ajouter HTTP/1.1" 200 25262 www.dive-hall.com "http://www.dive-hall.com/contacts.php?rub=voir&deb=2288" "Mozilla/4.0 (compatible; MSIE 6.0; Windows NT 5.1; SV1)" "-"
213.238.175.29 - - [02/Feb/2015:05:48:38 +0100] "GET /livredor/index.php3?rub=ajouter HTTP/1.1" 200 2452 www.dive-hall.com "-" "Mozilla/4.0 (compatible; MSIE 6.0; Windows NT 5.1; SV1)" "-"
213.238.175.29 - - [02/Feb/2015:05:48:38 +0100] "GET /contacts.php?rub=voir&deb=2288 HTTP/1.1" 200 4869 www.dive-hall.com "-" "Mozilla/4.0 (compatible; MSIE 6.0; Windows NT 5.1; SV1)" "-"
213.238.175.29 - - [02/Feb/2015:05:48:38 +0100] "GET / HTTP/1.1" 200 1598 www.dive-hall.com "-" "Mozilla/4.0 (compatible; MSIE 6.0; Windows NT 5.1; SV1)" "-"
213.238.175.29 - - [02/Feb/2015:05:48:38 +0100] "GET /livredor/contacts.php HTTP/1.1" 404 823 www.dive-hall.com "-" "Mozilla/4.0 (compatible; MSIE 6.0; Windows NT 5.1; SV1)" "-"
213.238.175.29 - - [02/Feb/2015:05:48:38 +0100] "GET /livredor/index.php3?rub=voir&deb=8 HTTP/1.1" 200 19019 www.dive-hall.com "-" "Mozilla/4.0 (compatible; MSIE 6.0; Windows NT 5.1; SV1)" "-"
213.238.175.29 - - [02/Feb/2015:05:48:39 +0100] "GET /livredor/index.php3?rub=voir&deb=44688 HTTP/1.1" 200 6826 www.dive-hall.com "-" "Mozilla/4.0 (compatible; MSIE 6.0; Windows NT 5.1; SV1)" "-"
213.238.175.29 - - [02/Feb/2015:05:48:39 +0100] "GET /Photos.html HTTP/1.1" 301 244 www.dive-hall.com "-" "Mozilla/4.0 (compatible; MSIE 6.0; Windows NT 5.1; SV1)" "-"
213.238.175.29 - - [02/Feb/2015:05:48:39 +0100] "GET /photos.html HTTP/1.1" 200 2430 www.dive-hall.com "-" "Mozilla/4.0 (compatible; MSIE 6.0; Windows NT 5.1; SV1)" "-"
213.238.175.29 - - [02/Feb/2015:05:48:39 +0100] "GET /videos.html HTTP/1.1" 200 2935 www.dive-hall.com "-" "Mozilla/4.0 (compatible; MSIE 6.0; Windows NT 5.1; SV1)" "-"
213.238.175.29 - - [02/Feb/2015:05:48:40 +0100] "GET /news.html HTTP/1.1" 200 3449 www.dive-hall.com "-" "Mozilla/4.0 (compatible; MSIE 6.0; Windows NT 5.1; SV1)" "-"
213.238.175.29 - - [02/Feb/2015:05:48:40 +0100] "GET /contacts.html HTTP/1.1" 300 423 www.dive-hall.com "-" "Mozilla/4.0 (compatible; MSIE 6.0; Windows NT 5.1; SV1)" "-"
213.238.175.29 - - [02/Feb/2015:05:48:40 +0100] "GET /contacts.php?rub=voir HTTP/1.1" 200 4869 www.dive-hall.com "-" "Mozilla/4.0 (compatible; MSIE 6.0; Windows NT 5.1; SV1)" "-"
188.165.15.165 - - [02/Feb/2015:05:49:14 +0100] "GET /contacts.php?rub=voir&deb=28176 HTTP/1.1" 200 4869 www.dive-hall.com "-" "Mozilla/5.0 (compatible; AhrefsBot/5.0; +http://ahrefs.com/robot/)" "-"
188.165.15.202 - - [02/Feb/2015:05:50:12 +0100] "GET /contacts.php?rub=voir&deb=39184 HTTP/1.1" 200 4869 www.dive-hall.com "-" "Mozilla/5.0 (compatible; AhrefsBot/5.0; +http://ahrefs.com/robot/)" "-"
188.165.15.13 - - [02/Feb/2015:05:52:06 +0100] "GET /contacts.php?rub=voir&deb=31512 HTTP/1.1" 200 4869 www.dive-hall.com "-" "Mozilla/5.0 (compatible; AhrefsBot/5.0; +http://ahrefs.com/robot/)" "-"
180.76.4.84 - - [02/Feb/2015:05:53:00 +0100] "GET / HTTP/1.1" 200 1598 www.divebartheband.com "-" "Mozilla/4.0 (compatible; MSIE 7.0; Windows NT 6.0)" "-"
188.165.15.208 - - [02/Feb/2015:05:54:53 +0100] "GET /contacts.php?rub=voir&deb=31656 HTTP/1.1" 200 4869 divebartheband.com "-" "Mozilla/5.0 (compatible; AhrefsBot/5.0; +http://ahrefs.com/robot/)" "-"
118.97.95.182 - - [02/Feb/2015:05:55:21 +0100] "POST /livredor/index.php3?rub=ajouter HTTP/1.0" 200 25262 www.dive-hall.com "http://www.dive-hall.com/contacts.php" "Mozilla/4.0 (compatible; MSIE 6.0; Windows NT 5.1; SV1)" "172.17.164.194"
91.207.6.138 - - [02/Feb/2015:05:55:47 +0100] "POST /livredor/index.php3?rub=ajouter HTTP/1.1" 200 25262 www.dive-hall.com "http://www.dive-hall.com/contacts.php" "Opera/7.53 (Windows NT 5.1; U) [ja]" "-"
213.238.175.29 - - [02/Feb/2015:05:55:49 +0100] "GET /contacts.php?rub=voir&deb=3160 HTTP/1.1" 200 4869 www.dive-hall.com "-" "Mozilla/4.0 (compatible; MSIE 6.0; Windows NT 5.1; SV1)" "-"
213.238.175.29 - - [02/Feb/2015:05:55:49 +0100] "POST /livredor/index.php3?rub=ajouter HTTP/1.1" 200 25262 www.dive-hall.com "http://www.dive-hall.com/contacts.php?rub=voir&deb=3160" "Mozilla/4.0 (compatible; MSIE 6.0; Windows NT 5.1; SV1)" "-"
213.238.175.29 - - [02/Feb/2015:05:55:50 +0100] "GET /livredor/index.php3?rub=ajouter HTTP/1.1" 200 2452 www.dive-hall.com "-" "Mozilla/4.0 (compatible; MSIE 6.0; Windows NT 5.1; SV1)" "-"
213.238.175.29 - - [02/Feb/2015:05:55:50 +0100] "GET /contacts.php?rub=voir&deb=3160 HTTP/1.1" 200 4869 www.dive-hall.com "-" "Mozilla/4.0 (compatible; MSIE 6.0; Windows NT 5.1; SV1)" "-"
213.238.175.29 - - [02/Feb/2015:05:55:50 +0100] "GET / HTTP/1.1" 200 1598 www.dive-hall.com "-" "Mozilla/4.0 (compatible; MSIE 6.0; Windows NT 5.1; SV1)" "-"
213.238.175.29 - - [02/Feb/2015:05:55:50 +0100] "GET /livredor/contacts.php HTTP/1.1" 404 823 www.dive-hall.com "-" "Mozilla/4.0 (compatible; MSIE 6.0; Windows NT 5.1; SV1)" "-"
213.238.175.29 - - [02/Feb/2015:05:55:50 +0100] "GET /livredor/index.php3?rub=voir&deb=8 HTTP/1.1" 200 19019 www.dive-hall.com "-" "Mozilla/4.0 (compatible; MSIE 6.0; Windows NT 5.1; SV1)" "-"
213.238.175.29 - - [02/Feb/2015:05:55:51 +0100] "GET /livredor/index.php3?rub=voir&deb=44688 HTTP/1.1" 200 6826 www.dive-hall.com "-" "Mozilla/4.0 (compatible; MSIE 6.0; Windows NT 5.1; SV1)" "-"
213.238.175.29 - - [02/Feb/2015:05:55:51 +0100] "GET /Photos.html HTTP/1.1" 301 244 www.dive-hall.com "-" "Mozilla/4.0 (compatible; MSIE 6.0; Windows NT 5.1; SV1)" "-"
213.238.175.29 - - [02/Feb/2015:05:55:51 +0100] "GET /photos.html HTTP/1.1" 200 2430 www.dive-hall.com "-" "Mozilla/4.0 (compatible; MSIE 6.0; Windows NT 5.1; SV1)" "-"
213.238.175.29 - - [02/Feb/2015:05:55:51 +0100] "GET /videos.html HTTP/1.1" 200 2935 www.dive-hall.com "-" "Mozilla/4.0 (compatible; MSIE 6.0; Windows NT 5.1; SV1)" "-"
213.238.175.29 - - [02/Feb/2015:05:55:52 +0100] "GET /news.html HTTP/1.1" 200 3449 www.dive-hall.com "-" "Mozilla/4.0 (compatible; MSIE 6.0; Windows NT 5.1; SV1)" "-"
213.238.175.29 - - [02/Feb/2015:05:55:52 +0100] "GET /contacts.html HTTP/1.1" 300 423 www.dive-hall.com "-" "Mozilla/4.0 (compatible; MSIE 6.0; Windows NT 5.1; SV1)" "-"
213.238.175.29 - - [02/Feb/2015:05:55:52 +0100] "GET /contacts.php?rub=voir HTTP/1.1" 200 4869 www.dive-hall.com "-" "Mozilla/4.0 (compatible; MSIE 6.0; Windows NT 5.1; SV1)" "-"
188.165.15.97 - - [02/Feb/2015:05:56:26 +0100] "GET /contacts.php?rub=voir&deb=30320 HTTP/1.1" 200 4869 divebartheband.com "-" "Mozilla/5.0 (compatible; AhrefsBot/5.0; +http://ahrefs.com/robot/)" "-"
83.179.31.115 - - [02/Feb/2015:05:56:57 +0100] "POST /livredor/index.php3?rub=ajouter HTTP/1.1" 200 25262 divebartheband.com "http://divebartheband.com/contacts.php" "Mozilla/4.0 (compatible; MSIE 6.0; Windows NT 5.1; SV1)" "-"
213.238.175.29 - - [02/Feb/2015:05:57:09 +0100] "GET /contacts.php?rub=voir&deb=1504 HTTP/1.1" 200 4869 www.divebartheband.com "-" "Mozilla/4.0 (compatible; MSIE 6.0; Windows NT 5.1; SV1)" "-"
213.238.175.29 - - [02/Feb/2015:05:57:10 +0100] "POST /livredor/index.php3?rub=ajouter HTTP/1.1" 200 25262 www.divebartheband.com "http://www.divebartheband.com/contacts.php?rub=voir&deb=1504" "Mozilla/4.0 (compatible; MSIE 6.0; Windows NT 5.1; SV1)" "-"
