188.165.15.55 - - [02/Feb/2015:22:03:54 +0100] "GET /contacts.php?rub=voir&deb=17960 HTTP/1.1" 200 4869 www.dive-hall.com "-" "Mozilla/5.0 (compatible; AhrefsBot/5.0; +http://ahrefs.com/robot/)" "-"
188.165.15.205 - - [02/Feb/2015:22:08:07 +0100] "GET /contacts.php?rub=voir&deb=5400 HTTP/1.1" 200 4869 divebartheband.com "-" "Mozilla/5.0 (compatible; AhrefsBot/5.0; +http://ahrefs.com/robot/)" "-"
37.59.101.107 - - [02/Feb/2015:22:09:36 +0100] "POST /livredor/index.php3?rub=ajouter HTTP/1.1" 200 25262 www.dive-hall.com "http://www.dive-hall.com/contacts.php" "Mozilla/4.0 (compatible; MSIE 6.0; Windows NT 5.1; SV1)" "-"
188.165.15.29 - - [02/Feb/2015:22:09:42 +0100] "GET /contacts.php?rub=voir&deb=19616 HTTP/1.1" 200 4869 www.dive-hall.com "-" "Mozilla/5.0 (compatible; AhrefsBot/5.0; +http://ahrefs.com/robot/)" "-"
188.165.15.240 - - [02/Feb/2015:22:11:54 +0100] "GET /contacts.php?rub=voir&deb=30872 HTTP/1.1" 200 4869 divebartheband.com "-" "Mozilla/5.0 (compatible; AhrefsBot/5.0; +http://ahrefs.com/robot/)" "-"
118.97.95.182 - - [02/Feb/2015:22:13:03 +0100] "POST /livredor/index.php3?rub=ajouter HTTP/1.0" 200 25262 www.dive-hall.com "http://www.dive-hall.com/contacts.php" "Mozilla/4.0 (compatible; MSIE 6.0; Windows NT 5.1; SV1)" "172.17.164.194"
188.165.15.44 - - [02/Feb/2015:22:13:14 +0100] "GET /contacts.php?rub=voir&deb=28576 HTTP/1.1" 200 4869 www.dive-hall.com "-" "Mozilla/5.0 (compatible; AhrefsBot/5.0; +http://ahrefs.com/robot/)" "-"
208.115.113.92 - - [02/Feb/2015:22:13:26 +0100] "GET /contacts.php?rub=voir&deb=34816 HTTP/1.1" 200 4869 divebartheband.com "-" "Mozilla/5.0 (compatible; DotBot/1.1; http://www.opensiteexplorer.org/dotbot, help@moz.com)" "-"
208.115.113.92 - - [02/Feb/2015:22:13:30 +0100] "GET /contacts.php?rub=voir&deb=1248 HTTP/1.1" 200 4869 divebartheband.com "-" "Mozilla/5.0 (compatible; DotBot/1.1; http://www.opensiteexplorer.org/dotbot, help@moz.com)" "-"
37.59.101.107 - - [02/Feb/2015:22:13:45 +0100] "POST /livredor/index.php3?rub=ajouter HTTP/1.1" 200 25262 divebartheband.com "http://divebartheband.com/contacts.php" "Mozilla/4.0 (compatible; MSIE 6.0; Windows NT 5.1; SV1)" "-"
37.59.101.107 - - [02/Feb/2015:22:13:56 +0100] "POST /livredor/index.php3?rub=ajouter HTTP/1.1" 200 25262 www.dive-hall.com "http://www.dive-hall.com/contacts.php" "Mozilla/4.0 (compatible; MSIE 6.0; Windows NT 5.1; SV1)" "-"
91.207.6.138 - - [02/Feb/2015:22:15:00 +0100] "POST /livredor/index.php3?rub=ajouter HTTP/1.1" 200 25262 www.dive-hall.com "http://www.dive-hall.com/contacts.php" "Mozilla/5.0 (Windows; U; Windows NT 5.1; en-US) AppleWebKit/530.7 (KHTML, like Gecko) Chrome/2.0.175.0 Safari/530.7" "-"
188.165.15.32 - - [02/Feb/2015:22:16:40 +0100] "GET /contacts.php?rub=voir&deb=33120 HTTP/1.1" 200 4869 divebartheband.com "-" "Mozilla/5.0 (compatible; AhrefsBot/5.0; +http://ahrefs.com/robot/)" "-"
175.42.95.7 - - [02/Feb/2015:22:17:43 +0100] "GET /contacts.php?rub=voir&deb=43840 HTTP/1.1" 200 4869 www.divebartheband.com "-" "Mozilla/4.0 (compatible; MSIE 6.0; Windows NT 5.1; SV1; TencentTraveler ; Mozilla/4.0 (compatible; MSIE 6.0; Windows NT 5.1; SV1) ; .NET CLR 2.0.50727)" "-"
118.97.95.182 - - [02/Feb/2015:22:17:53 +0100] "POST /livredor/index.php3?rub=ajouter HTTP/1.0" 200 25262 divebartheband.com "http://divebartheband.com/contacts.php" "Mozilla/4.0 (compatible; MSIE 6.0; Windows NT 5.1; SV1)" "172.17.164.194"
185.68.154.178 - - [02/Feb/2015:22:18:53 +0100] "GET /contacts.php?rub=voir&deb=35104 HTTP/1.1" 200 4869 divebartheband.com "-" "Mozilla/5.0 (Windows; U; Windows NT 6.1; en-US; rv:1.9.2b1) Gecko/20091014 Firefox/3.6b1 GTB5" "-"
188.165.120.116 - - [02/Feb/2015:22:18:53 +0100] "GET /contacts.php?rub=voir&deb=27824 HTTP/1.1" 200 4869 www.divebartheband.com "http://www.divebartheband.com/" "Mozilla/5.0 (Windows NT 6.1; WOW64) AppleWebKit/537.36 (KHTML, like Gecko) Chrome/36.0.1985.125 Safari/537.36" "-"
185.68.154.178 - - [02/Feb/2015:22:19:01 +0100] "POST /livredor/index.php3?rub=ajouter HTTP/1.1" 200 25262 divebartheband.com "http://divebartheband.com/contacts.php?rub=voir&deb=35104" "Mozilla/5.0 (Windows; U; Windows NT 6.1; en-US; rv:1.9.2b1) Gecko/20091014 Firefox/3.6b1 GTB5" "-"
188.165.15.176 - - [02/Feb/2015:22:19:23 +0100] "GET /contacts.php?rub=voir&deb=40704 HTTP/1.1" 200 4869 www.dive-hall.com "-" "Mozilla/5.0 (compatible; AhrefsBot/5.0; +http://ahrefs.com/robot/)" "-"
80.149.233.237 - - [02/Feb/2015:22:19:59 +0100] "GET /contacts.php?rub=voir&deb=35104 HTTP/1.1" 200 4869 divebartheband.com "-" "Mozilla/5.0 (Windows; U; Windows NT 6.1; en-US; rv:1.9.2b1) Gecko/20091014 Firefox/3.6b1 GTB5" "-"
202.106.169.228 - - [02/Feb/2015:22:20:22 +0100] "GET / HTTP/1.1" 200 1598 divebartheband.com "-" "Mozilla/5.0 (Windows; U; Windows NT 6.1; en-US; rv:1.9.2b1) Gecko/20091014 Firefox/3.6b1 GTB5" "-"
202.106.169.228 - - [02/Feb/2015:22:20:24 +0100] "GET /livredor/contacts.php HTTP/1.1" 404 823 divebartheband.com "-" "Mozilla/5.0 (Windows; U; Windows NT 6.1; en-US; rv:1.9.2b1) Gecko/20091014 Firefox/3.6b1 GTB5" "-"
117.166.43.205 - - [02/Feb/2015:22:20:45 +0100] "GET /livredor/contacts.php HTTP/1.1" 404 823 divebartheband.com "-" "Mozilla/5.0 (Windows; U; Windows NT 6.1; en-US; rv:1.9.2b1) Gecko/20091014 Firefox/3.6b1 GTB5" "-"
186.91.90.188 - - [02/Feb/2015:22:20:48 +0100] "GET /livredor/contacts.php HTTP/1.1" 404 823 divebartheband.com "-" "Mozilla/5.0 (Windows; U; Windows NT 6.1; en-US; rv:1.9.2b1) Gecko/20091014 Firefox/3.6b1 GTB5" "-"
186.91.90.188 - - [02/Feb/2015:22:20:51 +0100] "GET /livredor/index.php3?rub=voir&deb=8 HTTP/1.1" 200 19019 divebartheband.com "-" "Mozilla/5.0 (Windows; U; Windows NT 6.1; en-US; rv:1.9.2b1) Gecko/20091014 Firefox/3.6b1 GTB5" "-"
186.91.90.188 - - [02/Feb/2015:22:20:58 +0100] "GET /livredor/index.php3?rub=voir&deb=44688 HTTP/1.1" 200 6826 divebartheband.com "-" "Mozilla/5.0 (Windows; U; Windows NT 6.1; en-US; rv:1.9.2b1) Gecko/20091014 Firefox/3.6b1 GTB5" "-"
186.91.90.188 - - [02/Feb/2015:22:21:02 +0100] "GET /Photos.html HTTP/1.1" 301 245 divebartheband.com "-" "Mozilla/5.0 (Windows; U; Windows NT 6.1; en-US; rv:1.9.2b1) Gecko/20091014 Firefox/3.6b1 GTB5" "-"
186.91.90.188 - - [02/Feb/2015:22:21:31 +0100] "GET /photos.html HTTP/1.1" 200 2430 divebartheband.com "-" "Mozilla/5.0 (Windows; U; Windows NT 6.1; en-US; rv:1.9.2b1) Gecko/20091014 Firefox/3.6b1 GTB5" "-"
186.91.90.188 - - [02/Feb/2015:22:21:33 +0100] "GET /videos.html HTTP/1.1" 200 2935 divebartheband.com "-" "Mozilla/5.0 (Windows; U; Windows NT 6.1; en-US; rv:1.9.2b1) Gecko/20091014 Firefox/3.6b1 GTB5" "-"
186.91.90.188 - - [02/Feb/2015:22:21:37 +0100] "GET /news.html HTTP/1.1" 200 3449 divebartheband.com "-" "Mozilla/5.0 (Windows; U; Windows NT 6.1; en-US; rv:1.9.2b1) Gecko/20091014 Firefox/3.6b1 GTB5" "-"
94.23.202.60 - - [02/Feb/2015:22:21:51 +0100] "GET /contacts.php?rub=voir&deb=24920 HTTP/1.1" 200 4869 www.dive-hall.com "http://www.dive-hall.com/" "Mozilla/5.0 (Windows NT 5.1; rv:34.0) Gecko/20100101 Firefox/34.0" "-"
186.91.90.188 - - [02/Feb/2015:22:21:59 +0100] "GET /contacts.html HTTP/1.1" 300 423 divebartheband.com "-" "Mozilla/5.0 (Windows; U; Windows NT 6.1; en-US; rv:1.9.2b1) Gecko/20091014 Firefox/3.6b1 GTB5" "-"
188.165.15.202 - - [02/Feb/2015:22:22:42 +0100] "GET /contacts.php?rub=voir&deb=16160 HTTP/1.1" 200 4869 www.dive-hall.com "-" "Mozilla/5.0 (compatible; AhrefsBot/5.0; +http://ahrefs.com/robot/)" "-"
117.169.1.47 - - [02/Feb/2015:22:22:42 +0100] "GET /contacts.html HTTP/1.1" 300 423 divebartheband.com "-" "Mozilla/5.0 (Windows; U; Windows NT 6.1; en-US; rv:1.9.2b1) Gecko/20091014 Firefox/3.6b1 GTB5" "-"
117.169.1.47 - - [02/Feb/2015:22:23:03 +0100] "GET /contacts.php?rub=voir HTTP/1.1" 200 4869 divebartheband.com "-" "Mozilla/5.0 (Windows; U; Windows NT 6.1; en-US; rv:1.9.2b1) Gecko/20091014 Firefox/3.6b1 GTB5" "-"
188.165.15.129 - - [02/Feb/2015:22:23:21 +0100] "GET /contacts.php?rub=voir&deb=16480 HTTP/1.1" 200 4869 www.dive-hall.com "-" "Mozilla/5.0 (compatible; AhrefsBot/5.0; +http://ahrefs.com/robot/)" "-"
46.161.41.34 - - [02/Feb/2015:22:23:35 +0100] "GET /contacts.php HTTP/1.1" 200 4869 divebartheband.com "-" "Mozilla/4.0 (compatible; MSIE 6.0; Windows NT 5.1; SV1)" "-"
46.161.41.34 - - [02/Feb/2015:22:23:35 +0100] "POST /livredor/index.php3?rub=ajouter HTTP/1.1" 200 25262 divebartheband.com "http://divebartheband.com/contacts.php" "Mozilla/4.0 (compatible; MSIE 6.0; Windows NT 5.1; SV1)" "-"
46.161.41.34 - - [02/Feb/2015:22:23:38 +0100] "GET /contacts.php HTTP/1.1" 200 4869 www.dive-hall.com "-" "Mozilla/4.0 (compatible; MSIE 6.0; Windows NT 5.1; SV1)" "-"
46.161.41.34 - - [02/Feb/2015:22:23:42 +0100] "POST /livredor/index.php3?rub=ajouter HTTP/1.1" 200 25262 www.dive-hall.com "http://www.dive-hall.com/contacts.php" "Mozilla/4.0 (compatible; MSIE 6.0; Windows NT 5.1; SV1)" "-"
188.165.15.169 - - [02/Feb/2015:22:24:46 +0100] "GET /contacts.php?rub=voir&deb=26952 HTTP/1.1" 200 4869 divebartheband.com "-" "Mozilla/5.0 (compatible; AhrefsBot/5.0; +http://ahrefs.com/robot/)" "-"
193.110.157.151 - - [02/Feb/2015:22:24:59 +0100] "GET /contacts.php HTTP/1.1" 200 4869 www.dive-hall.com "-" "Mozilla/4.0 (compatible; MSIE 6.0; Windows NT 5.1; SV1)" "-"
183.227.219.248 - - [02/Feb/2015:22:25:22 +0100] "GET /contacts.php HTTP/1.1" 200 4869 www.dive-hall.com "-" "Mozilla/5.0 (Windows; U; Windows NT 6.1; en-US; rv:1.9.2b1) Gecko/20091014 Firefox/3.6b1 GTB5" "-"
183.227.219.248 - - [02/Feb/2015:22:25:25 +0100] "POST /livredor/index.php3?rub=ajouter HTTP/1.1" 200 25262 www.dive-hall.com "http://www.dive-hall.com/contacts.php" "Mozilla/5.0 (Windows; U; Windows NT 6.1; en-US; rv:1.9.2b1) Gecko/20091014 Firefox/3.6b1 GTB5" "-"
188.165.15.211 - - [02/Feb/2015:22:25:29 +0100] "GET /contacts.php?rub=voir&deb=7480 HTTP/1.1" 200 4869 divebartheband.com "-" "Mozilla/5.0 (compatible; AhrefsBot/5.0; +http://ahrefs.com/robot/)" "-"
5.9.2.67 - - [02/Feb/2015:22:25:40 +0100] "GET / HTTP/1.0" 200 1598 divebartheband.com "-" "Mozilla/5.0 (Macintosh; U; Intel Mac OS X; en-US; rv:1.8.0.7) Gecko/20060909 Firefox/1.5.0.7" "-"
5.9.2.67 - - [02/Feb/2015:22:25:40 +0100] "GET /site.html HTTP/1.0" 200 7042 divebartheband.com "-" "Mozilla/5.0 (Macintosh; U; Intel Mac OS X; en-US; rv:1.8.0.7) Gecko/20060909 Firefox/1.5.0.7" "-"
5.9.2.67 - - [02/Feb/2015:22:25:40 +0100] "GET /contacts.php HTTP/1.0" 200 4869 divebartheband.com "-" "Mozilla/5.0 (Macintosh; U; Intel Mac OS X; en-US; rv:1.8.0.7) Gecko/20060909 Firefox/1.5.0.7" "-"
5.9.2.67 - - [02/Feb/2015:22:25:40 +0100] "GET /contacts.php?rub=voir HTTP/1.0" 200 4869 divebartheband.com "-" "Mozilla/5.0 (Macintosh; U; Intel Mac OS X; en-US; rv:1.8.0.7) Gecko/20060909 Firefox/1.5.0.7" "-"
5.9.2.67 - - [02/Feb/2015:22:25:40 +0100] "GET /contacts.html HTTP/1.0" 300 423 divebartheband.com "-" "Mozilla/5.0 (Macintosh; U; Intel Mac OS X; en-US; rv:1.8.0.7) Gecko/20060909 Firefox/1.5.0.7" "-"
5.9.2.67 - - [02/Feb/2015:22:25:40 +0100] "GET /Photos.html HTTP/1.0" 301 245 divebartheband.com "-" "Mozilla/5.0 (Macintosh; U; Intel Mac OS X; en-US; rv:1.8.0.7) Gecko/20060909 Firefox/1.5.0.7" "-"
5.9.2.67 - - [02/Feb/2015:22:25:40 +0100] "GET /news.html HTTP/1.0" 200 3449 divebartheband.com "-" "Mozilla/5.0 (Macintosh; U; Intel Mac OS X; en-US; rv:1.8.0.7) Gecko/20060909 Firefox/1.5.0.7" "-"
5.9.2.67 - - [02/Feb/2015:22:25:41 +0100] "GET /videos.html HTTP/1.0" 200 2935 divebartheband.com "-" "Mozilla/5.0 (Macintosh; U; Intel Mac OS X; en-US; rv:1.8.0.7) Gecko/20060909 Firefox/1.5.0.7" "-"
5.9.2.67 - - [02/Feb/2015:22:25:41 +0100] "GET /photos.html HTTP/1.0" 200 2430 divebartheband.com "-" "Mozilla/5.0 (Macintosh; U; Intel Mac OS X; en-US; rv:1.8.0.7) Gecko/20060909 Firefox/1.5.0.7" "-"
5.9.2.67 - - [02/Feb/2015:22:25:41 +0100] "GET /photos_bastille.html HTTP/1.0" 200 5095 divebartheband.com "-" "Mozilla/5.0 (Macintosh; U; Intel Mac OS X; en-US; rv:1.8.0.7) Gecko/20060909 Firefox/1.5.0.7" "-"
5.9.2.67 - - [02/Feb/2015:22:25:41 +0100] "GET /Contacts.php HTTP/1.0" 301 246 divebartheband.com "-" "Mozilla/5.0 (Macintosh; U; Intel Mac OS X; en-US; rv:1.8.0.7) Gecko/20060909 Firefox/1.5.0.7" "-"
5.9.2.67 - - [02/Feb/2015:22:25:41 +0100] "GET /News.html HTTP/1.0" 301 243 divebartheband.com "-" "Mozilla/5.0 (Macintosh; U; Intel Mac OS X; en-US; rv:1.8.0.7) Gecko/20060909 Firefox/1.5.0.7" "-"
5.9.2.67 - - [02/Feb/2015:22:25:41 +0100] "GET /Videos.html HTTP/1.0" 301 245 divebartheband.com "-" "Mozilla/5.0 (Macintosh; U; Intel Mac OS X; en-US; rv:1.8.0.7) Gecko/20060909 Firefox/1.5.0.7" "-"
5.9.2.67 - - [02/Feb/2015:22:25:41 +0100] "GET /photos_EP.html HTTP/1.0" 200 4892 divebartheband.com "-" "Mozilla/5.0 (Macintosh; U; Intel Mac OS X; en-US; rv:1.8.0.7) Gecko/20060909 Firefox/1.5.0.7" "-"
5.9.2.67 - - [02/Feb/2015:22:25:41 +0100] "GET /photos_tonairb.html HTTP/1.0" 200 5086 divebartheband.com "-" "Mozilla/5.0 (Macintosh; U; Intel Mac OS X; en-US; rv:1.8.0.7) Gecko/20060909 Firefox/1.5.0.7" "-"
5.9.2.67 - - [02/Feb/2015:22:25:42 +0100] "GET / HTTP/1.0" 200 1598 divebartheband.com "-" "Mozilla/5.0 (Macintosh; U; Intel Mac OS X; en-US; rv:1.8.0.7) Gecko/20060909 Firefox/1.5.0.7" "-"
5.9.2.67 - - [02/Feb/2015:22:25:42 +0100] "GET /site.html HTTP/1.0" 200 7042 divebartheband.com "-" "Mozilla/5.0 (Macintosh; U; Intel Mac OS X; en-US; rv:1.8.0.7) Gecko/20060909 Firefox/1.5.0.7" "-"
5.9.2.67 - - [02/Feb/2015:22:25:42 +0100] "GET /contacts.php HTTP/1.0" 200 4869 divebartheband.com "-" "Mozilla/5.0 (Macintosh; U; Intel Mac OS X; en-US; rv:1.8.0.7) Gecko/20060909 Firefox/1.5.0.7" "-"
5.9.2.67 - - [02/Feb/2015:22:25:42 +0100] "GET /contacts.php?rub=voir HTTP/1.0" 200 4869 divebartheband.com "-" "Mozilla/5.0 (Macintosh; U; Intel Mac OS X; en-US; rv:1.8.0.7) Gecko/20060909 Firefox/1.5.0.7" "-"
5.9.2.67 - - [02/Feb/2015:22:25:42 +0100] "GET /contacts.html HTTP/1.0" 300 423 divebartheband.com "-" "Mozilla/5.0 (Macintosh; U; Intel Mac OS X; en-US; rv:1.8.0.7) Gecko/20060909 Firefox/1.5.0.7" "-"
5.9.2.67 - - [02/Feb/2015:22:25:42 +0100] "GET /Photos.html HTTP/1.0" 301 245 divebartheband.com "-" "Mozilla/5.0 (Macintosh; U; Intel Mac OS X; en-US; rv:1.8.0.7) Gecko/20060909 Firefox/1.5.0.7" "-"
5.9.2.67 - - [02/Feb/2015:22:25:42 +0100] "GET /news.html HTTP/1.0" 200 3449 divebartheband.com "-" "Mozilla/5.0 (Macintosh; U; Intel Mac OS X; en-US; rv:1.8.0.7) Gecko/20060909 Firefox/1.5.0.7" "-"
5.9.2.67 - - [02/Feb/2015:22:25:42 +0100] "GET /videos.html HTTP/1.0" 200 2935 divebartheband.com "-" "Mozilla/5.0 (Macintosh; U; Intel Mac OS X; en-US; rv:1.8.0.7) Gecko/20060909 Firefox/1.5.0.7" "-"
5.9.2.67 - - [02/Feb/2015:22:25:42 +0100] "GET /photos.html HTTP/1.0" 200 2430 divebartheband.com "-" "Mozilla/5.0 (Macintosh; U; Intel Mac OS X; en-US; rv:1.8.0.7) Gecko/20060909 Firefox/1.5.0.7" "-"
5.9.2.67 - - [02/Feb/2015:22:25:42 +0100] "GET /photos_bastille.html HTTP/1.0" 200 5095 divebartheband.com "-" "Mozilla/5.0 (Macintosh; U; Intel Mac OS X; en-US; rv:1.8.0.7) Gecko/20060909 Firefox/1.5.0.7" "-"
5.9.2.67 - - [02/Feb/2015:22:25:42 +0100] "GET /Contacts.php HTTP/1.0" 301 246 divebartheband.com "-" "Mozilla/5.0 (Macintosh; U; Intel Mac OS X; en-US; rv:1.8.0.7) Gecko/20060909 Firefox/1.5.0.7" "-"
5.9.2.67 - - [02/Feb/2015:22:25:42 +0100] "GET /News.html HTTP/1.0" 301 243 divebartheband.com "-" "Mozilla/5.0 (Macintosh; U; Intel Mac OS X; en-US; rv:1.8.0.7) Gecko/20060909 Firefox/1.5.0.7" "-"
5.9.2.67 - - [02/Feb/2015:22:25:42 +0100] "GET /Videos.html HTTP/1.0" 301 245 divebartheband.com "-" "Mozilla/5.0 (Macintosh; U; Intel Mac OS X; en-US; rv:1.8.0.7) Gecko/20060909 Firefox/1.5.0.7" "-"
5.9.2.67 - - [02/Feb/2015:22:25:42 +0100] "GET /photos_EP.html HTTP/1.0" 200 4892 divebartheband.com "-" "Mozilla/5.0 (Macintosh; U; Intel Mac OS X; en-US; rv:1.8.0.7) Gecko/20060909 Firefox/1.5.0.7" "-"
5.9.2.67 - - [02/Feb/2015:22:25:43 +0100] "GET /photos_tonairb.html HTTP/1.0" 200 5086 divebartheband.com "-" "Mozilla/5.0 (Macintosh; U; Intel Mac OS X; en-US; rv:1.8.0.7) Gecko/20060909 Firefox/1.5.0.7" "-"
118.97.95.182 - - [02/Feb/2015:22:28:08 +0100] "POST /livredor/index.php3?rub=ajouter HTTP/1.0" 200 25262 divebartheband.com "http://divebartheband.com/contacts.php" "Mozilla/4.0 (compatible; MSIE 6.0; Windows NT 5.1; SV1)" "172.17.164.194"
61.221.247.178 - - [02/Feb/2015:22:28:35 +0100] "POST /livredor/index.php3?rub=ajouter HTTP/1.1" 200 25262 www.dive-hall.com "http://www.dive-hall.com/contacts.php" "Mozilla/4.0 (compatible; MSIE 6.0; Windows NT 5.1; SV1)" "-"
91.207.6.138 - - [02/Feb/2015:22:30:22 +0100] "POST /livredor/index.php3?rub=ajouter HTTP/1.1" 200 25262 www.dive-hall.com "http://www.dive-hall.com/contacts.php" "Mozilla/5.0 (Macintosh; U; PPC Mac OS X; en) AppleWebKit/85 (KHTML, like Gecko) Safari/85" "-"
188.165.15.32 - - [02/Feb/2015:22:30:29 +0100] "GET /contacts.php?rub=voir&deb=23880 HTTP/1.1" 200 4869 divebartheband.com "-" "Mozilla/5.0 (compatible; AhrefsBot/5.0; +http://ahrefs.com/robot/)" "-"
5.9.2.67 - - [02/Feb/2015:22:30:33 +0100] "GET / HTTP/1.0" 200 1598 dive-hall.com "-" "Mozilla/5.0 (Macintosh; U; Intel Mac OS X; en-US; rv:1.8.0.7) Gecko/20060909 Firefox/1.5.0.7" "-"
5.9.2.67 - - [02/Feb/2015:22:30:33 +0100] "GET /site.html HTTP/1.0" 200 7042 dive-hall.com "-" "Mozilla/5.0 (Macintosh; U; Intel Mac OS X; en-US; rv:1.8.0.7) Gecko/20060909 Firefox/1.5.0.7" "-"
5.9.2.67 - - [02/Feb/2015:22:30:33 +0100] "GET /contacts.php HTTP/1.0" 200 4869 dive-hall.com "-" "Mozilla/5.0 (Macintosh; U; Intel Mac OS X; en-US; rv:1.8.0.7) Gecko/20060909 Firefox/1.5.0.7" "-"
5.9.2.67 - - [02/Feb/2015:22:30:33 +0100] "GET /contacts.php?rub=voir HTTP/1.0" 200 4869 dive-hall.com "-" "Mozilla/5.0 (Macintosh; U; Intel Mac OS X; en-US; rv:1.8.0.7) Gecko/20060909 Firefox/1.5.0.7" "-"
5.9.2.67 - - [02/Feb/2015:22:30:34 +0100] "GET /contacts.html HTTP/1.0" 300 423 dive-hall.com "-" "Mozilla/5.0 (Macintosh; U; Intel Mac OS X; en-US; rv:1.8.0.7) Gecko/20060909 Firefox/1.5.0.7" "-"
5.9.2.67 - - [02/Feb/2015:22:30:34 +0100] "GET /Photos.html HTTP/1.0" 301 240 dive-hall.com "-" "Mozilla/5.0 (Macintosh; U; Intel Mac OS X; en-US; rv:1.8.0.7) Gecko/20060909 Firefox/1.5.0.7" "-"
5.9.2.67 - - [02/Feb/2015:22:30:34 +0100] "GET /news.html HTTP/1.0" 200 3449 dive-hall.com "-" "Mozilla/5.0 (Macintosh; U; Intel Mac OS X; en-US; rv:1.8.0.7) Gecko/20060909 Firefox/1.5.0.7" "-"
5.9.2.67 - - [02/Feb/2015:22:30:34 +0100] "GET /videos.html HTTP/1.0" 200 2935 dive-hall.com "-" "Mozilla/5.0 (Macintosh; U; Intel Mac OS X; en-US; rv:1.8.0.7) Gecko/20060909 Firefox/1.5.0.7" "-"
5.9.2.67 - - [02/Feb/2015:22:30:34 +0100] "GET /photos.html HTTP/1.0" 200 2430 dive-hall.com "-" "Mozilla/5.0 (Macintosh; U; Intel Mac OS X; en-US; rv:1.8.0.7) Gecko/20060909 Firefox/1.5.0.7" "-"
5.9.2.67 - - [02/Feb/2015:22:30:34 +0100] "GET /photos_bastille.html HTTP/1.0" 200 5095 dive-hall.com "-" "Mozilla/5.0 (Macintosh; U; Intel Mac OS X; en-US; rv:1.8.0.7) Gecko/20060909 Firefox/1.5.0.7" "-"
5.9.2.67 - - [02/Feb/2015:22:30:34 +0100] "GET /Contacts.php HTTP/1.0" 301 241 dive-hall.com "-" "Mozilla/5.0 (Macintosh; U; Intel Mac OS X; en-US; rv:1.8.0.7) Gecko/20060909 Firefox/1.5.0.7" "-"
5.9.2.67 - - [02/Feb/2015:22:30:34 +0100] "GET /News.html HTTP/1.0" 301 238 dive-hall.com "-" "Mozilla/5.0 (Macintosh; U; Intel Mac OS X; en-US; rv:1.8.0.7) Gecko/20060909 Firefox/1.5.0.7" "-"
5.9.2.67 - - [02/Feb/2015:22:30:34 +0100] "GET /Videos.html HTTP/1.0" 301 240 dive-hall.com "-" "Mozilla/5.0 (Macintosh; U; Intel Mac OS X; en-US; rv:1.8.0.7) Gecko/20060909 Firefox/1.5.0.7" "-"
5.9.2.67 - - [02/Feb/2015:22:30:34 +0100] "GET /photos_EP.html HTTP/1.0" 200 4892 dive-hall.com "-" "Mozilla/5.0 (Macintosh; U; Intel Mac OS X; en-US; rv:1.8.0.7) Gecko/20060909 Firefox/1.5.0.7" "-"
5.9.2.67 - - [02/Feb/2015:22:30:34 +0100] "GET /photos_tonairb.html HTTP/1.0" 200 5086 dive-hall.com "-" "Mozilla/5.0 (Macintosh; U; Intel Mac OS X; en-US; rv:1.8.0.7) Gecko/20060909 Firefox/1.5.0.7" "-"
5.9.2.67 - - [02/Feb/2015:22:30:34 +0100] "GET / HTTP/1.0" 200 1598 dive-hall.com "-" "Mozilla/5.0 (Macintosh; U; Intel Mac OS X; en-US; rv:1.8.0.7) Gecko/20060909 Firefox/1.5.0.7" "-"
5.9.2.67 - - [02/Feb/2015:22:30:34 +0100] "GET /site.html HTTP/1.0" 200 7042 dive-hall.com "-" "Mozilla/5.0 (Macintosh; U; Intel Mac OS X; en-US; rv:1.8.0.7) Gecko/20060909 Firefox/1.5.0.7" "-"
5.9.2.67 - - [02/Feb/2015:22:30:34 +0100] "GET /contacts.php HTTP/1.0" 200 4869 dive-hall.com "-" "Mozilla/5.0 (Macintosh; U; Intel Mac OS X; en-US; rv:1.8.0.7) Gecko/20060909 Firefox/1.5.0.7" "-"
5.9.2.67 - - [02/Feb/2015:22:30:34 +0100] "GET /contacts.php?rub=voir HTTP/1.0" 200 4869 dive-hall.com "-" "Mozilla/5.0 (Macintosh; U; Intel Mac OS X; en-US; rv:1.8.0.7) Gecko/20060909 Firefox/1.5.0.7" "-"
5.9.2.67 - - [02/Feb/2015:22:30:34 +0100] "GET /contacts.html HTTP/1.0" 300 423 dive-hall.com "-" "Mozilla/5.0 (Macintosh; U; Intel Mac OS X; en-US; rv:1.8.0.7) Gecko/20060909 Firefox/1.5.0.7" "-"
5.9.2.67 - - [02/Feb/2015:22:30:34 +0100] "GET /Photos.html HTTP/1.0" 301 240 dive-hall.com "-" "Mozilla/5.0 (Macintosh; U; Intel Mac OS X; en-US; rv:1.8.0.7) Gecko/20060909 Firefox/1.5.0.7" "-"
5.9.2.67 - - [02/Feb/2015:22:30:34 +0100] "GET /news.html HTTP/1.0" 200 3449 dive-hall.com "-" "Mozilla/5.0 (Macintosh; U; Intel Mac OS X; en-US; rv:1.8.0.7) Gecko/20060909 Firefox/1.5.0.7" "-"
5.9.2.67 - - [02/Feb/2015:22:30:34 +0100] "GET /videos.html HTTP/1.0" 200 2935 dive-hall.com "-" "Mozilla/5.0 (Macintosh; U; Intel Mac OS X; en-US; rv:1.8.0.7) Gecko/20060909 Firefox/1.5.0.7" "-"
5.9.2.67 - - [02/Feb/2015:22:30:34 +0100] "GET /photos.html HTTP/1.0" 200 2430 dive-hall.com "-" "Mozilla/5.0 (Macintosh; U; Intel Mac OS X; en-US; rv:1.8.0.7) Gecko/20060909 Firefox/1.5.0.7" "-"
5.9.2.67 - - [02/Feb/2015:22:30:34 +0100] "GET /photos_bastille.html HTTP/1.0" 200 5095 dive-hall.com "-" "Mozilla/5.0 (Macintosh; U; Intel Mac OS X; en-US; rv:1.8.0.7) Gecko/20060909 Firefox/1.5.0.7" "-"
5.9.2.67 - - [02/Feb/2015:22:30:34 +0100] "GET /Contacts.php HTTP/1.0" 301 241 dive-hall.com "-" "Mozilla/5.0 (Macintosh; U; Intel Mac OS X; en-US; rv:1.8.0.7) Gecko/20060909 Firefox/1.5.0.7" "-"
5.9.2.67 - - [02/Feb/2015:22:30:34 +0100] "GET /News.html HTTP/1.0" 301 238 dive-hall.com "-" "Mozilla/5.0 (Macintosh; U; Intel Mac OS X; en-US; rv:1.8.0.7) Gecko/20060909 Firefox/1.5.0.7" "-"
5.9.2.67 - - [02/Feb/2015:22:30:34 +0100] "GET /Videos.html HTTP/1.0" 301 240 dive-hall.com "-" "Mozilla/5.0 (Macintosh; U; Intel Mac OS X; en-US; rv:1.8.0.7) Gecko/20060909 Firefox/1.5.0.7" "-"
5.9.2.67 - - [02/Feb/2015:22:30:34 +0100] "GET /photos_EP.html HTTP/1.0" 200 4892 dive-hall.com "-" "Mozilla/5.0 (Macintosh; U; Intel Mac OS X; en-US; rv:1.8.0.7) Gecko/20060909 Firefox/1.5.0.7" "-"
5.9.2.67 - - [02/Feb/2015:22:30:34 +0100] "GET /photos_tonairb.html HTTP/1.0" 200 5086 dive-hall.com "-" "Mozilla/5.0 (Macintosh; U; Intel Mac OS X; en-US; rv:1.8.0.7) Gecko/20060909 Firefox/1.5.0.7" "-"
208.115.113.82 - - [02/Feb/2015:22:32:03 +0100] "GET /robots.txt HTTP/1.1" 404 823 divebartheband.com "-" "Mozilla/5.0 (compatible; DotBot/1.1; http://www.opensiteexplorer.org/dotbot, help@moz.com)" "-"
88.150.136.178 - - [02/Feb/2015:22:32:15 +0100] "GET /contacts.php HTTP/1.0" 200 4869 www.dive-hall.com "-" "Mozilla/5.0 (Windows; U; Windows NT 6.1; en-US; rv:1.9.2b1) Gecko/20091014 Firefox/3.6b1 GTB5" "-"
88.150.136.178 - - [02/Feb/2015:22:32:15 +0100] "POST /livredor/index.php3?rub=ajouter HTTP/1.0" 200 25262 www.dive-hall.com "http://www.dive-hall.com/contacts.php" "Mozilla/5.0 (Windows; U; Windows NT 6.1; en-US; rv:1.9.2b1) Gecko/20091014 Firefox/3.6b1 GTB5" "-"
91.200.12.49 - - [02/Feb/2015:22:34:00 +0100] "GET /contacts.php?rub=voir&deb=43840 HTTP/1.1" 200 4869 www.divebartheband.com "-" "Mozilla/4.0 (compatible; MSIE 6.0; Windows NT 5.1)" "-"
91.200.12.49 - - [02/Feb/2015:22:34:01 +0100] "POST /livredor/index.php3?rub=ajouter HTTP/1.1" 200 4072 www.divebartheband.com "http://www.divebartheband.com/contacts.php?rub=voir&deb=43840" "Mozilla/4.0 (compatible; MSIE 6.0; Windows NT 5.1; SV1; Mozilla/4.0 (compatible; MSIE 6.0; Windows NT 5.1; SV1) ; .NET CLR 1.0.3705)" "-"
91.200.12.49 - - [02/Feb/2015:22:34:02 +0100] "GET /contacts.php?rub=voir&deb=43840 HTTP/1.1" 200 4869 www.divebartheband.com "-" "Mozilla/4.0 (compatible; MSIE 6.0; Windows NT 5.1; SV1; Mozilla/4.0 (compatible; MSIE 6.0; Windows NT 5.1; SV1) ; .NET CLR 1.0.3705)" "-"
188.165.15.169 - - [02/Feb/2015:22:36:08 +0100] "GET /contacts.php?rub=voir&deb=9912 HTTP/1.1" 200 4869 divebartheband.com "-" "Mozilla/5.0 (compatible; AhrefsBot/5.0; +http://ahrefs.com/robot/)" "-"
118.97.95.182 - - [02/Feb/2015:22:39:39 +0100] "POST /livredor/index.php3?rub=ajouter HTTP/1.0" 200 25262 divebartheband.com "http://divebartheband.com/contacts.php" "Mozilla/4.0 (compatible; MSIE 6.0; Windows NT 5.1; SV1)" "172.17.164.194"
118.97.95.182 - - [02/Feb/2015:22:39:40 +0100] "POST /livredor/index.php3?rub=ajouter HTTP/1.0" 200 25262 www.dive-hall.com "http://www.dive-hall.com/contacts.php" "Mozilla/4.0 (compatible; MSIE 6.0; Windows NT 5.1; SV1)" "172.17.164.194"
188.165.15.204 - - [02/Feb/2015:22:40:39 +0100] "GET /contacts.php?rub=voir&deb=24048 HTTP/1.1" 200 4869 www.dive-hall.com "-" "Mozilla/5.0 (compatible; AhrefsBot/5.0; +http://ahrefs.com/robot/)" "-"
188.165.15.129 - - [02/Feb/2015:22:40:58 +0100] "GET /contacts.php?rub=voir&deb=33944 HTTP/1.1" 200 4869 divebartheband.com "-" "Mozilla/5.0 (compatible; AhrefsBot/5.0; +http://ahrefs.com/robot/)" "-"
118.97.95.182 - - [02/Feb/2015:22:41:35 +0100] "POST /livredor/index.php3?rub=ajouter HTTP/1.0" 200 25262 www.dive-hall.com "http://www.dive-hall.com/contacts.php" "Mozilla/4.0 (compatible; MSIE 6.0; Windows NT 5.1; SV1)" "172.17.164.194"
188.165.15.169 - - [02/Feb/2015:22:43:11 +0100] "GET /contacts.php?rub=voir&deb=17024 HTTP/1.1" 200 4869 www.divebartheband.com "-" "Mozilla/5.0 (compatible; AhrefsBot/5.0; +http://ahrefs.com/robot/)" "-"
208.110.84.142 - - [02/Feb/2015:22:44:01 +0100] "GET /contacts.php?rub=voir&deb=6176 HTTP/1.0" 200 4869 www.divebartheband.com "http://www.divebartheband.com/contacts.php?rub=voir&deb=6176" "Mozilla/5.0 (Windows NT 6.1; WOW64) AppleWebKit/537.36 (KHTML, like Gecko) Chrome/39.0.2171.65 Safari/537.36 OPR/26.0.1656.24" "-"
157.55.39.205 - - [02/Feb/2015:22:45:40 +0100] "GET / HTTP/1.1" 200 1598 www.divebartheband.com "-" "Mozilla/5.0 (compatible; bingbot/2.0; +http://www.bing.com/bingbot.htm)" "-"
46.161.41.34 - - [02/Feb/2015:22:45:44 +0100] "GET /contacts.php HTTP/1.1" 200 4869 divebartheband.com "-" "Mozilla/4.0 (compatible; MSIE 6.0; Windows NT 5.1; SV1)" "-"
46.161.41.34 - - [02/Feb/2015:22:45:44 +0100] "POST /livredor/index.php3?rub=ajouter HTTP/1.1" 200 25262 divebartheband.com "http://divebartheband.com/contacts.php" "Mozilla/4.0 (compatible; MSIE 6.0; Windows NT 5.1; SV1)" "-"
46.161.41.34 - - [02/Feb/2015:22:45:55 +0100] "GET /contacts.php HTTP/1.1" 200 4869 www.dive-hall.com "-" "Mozilla/4.0 (compatible; MSIE 6.0; Windows NT 5.1; SV1)" "-"
46.161.41.34 - - [02/Feb/2015:22:45:55 +0100] "POST /livredor/index.php3?rub=ajouter HTTP/1.1" 200 25262 www.dive-hall.com "http://www.dive-hall.com/contacts.php" "Mozilla/4.0 (compatible; MSIE 6.0; Windows NT 5.1; SV1)" "-"
91.207.6.138 - - [02/Feb/2015:22:46:22 +0100] "POST /livredor/index.php3?rub=ajouter HTTP/1.1" 200 25262 www.dive-hall.com "http://www.dive-hall.com/contacts.php" "Mozilla/5.0 (Windows; U; Windows NT 5.1; cs) AppleWebKit/522.13.1 (KHTML, like Gecko) Version/3.0.2 Safari/522.13.1" "-"
188.165.15.176 - - [02/Feb/2015:22:46:53 +0100] "GET /contacts.php?rub=voir&deb=35832 HTTP/1.1" 200 4869 www.dive-hall.com "-" "Mozilla/5.0 (compatible; AhrefsBot/5.0; +http://ahrefs.com/robot/)" "-"
188.165.15.240 - - [02/Feb/2015:22:47:51 +0100] "GET /contacts.php?rub=voir&deb=22952 HTTP/1.1" 200 4869 divebartheband.com "-" "Mozilla/5.0 (compatible; AhrefsBot/5.0; +http://ahrefs.com/robot/)" "-"
188.165.15.211 - - [02/Feb/2015:22:48:40 +0100] "GET /contacts.php?rub=voir&deb=36952 HTTP/1.1" 200 4869 divebartheband.com "-" "Mozilla/5.0 (compatible; AhrefsBot/5.0; +http://ahrefs.com/robot/)" "-"
188.165.15.32 - - [02/Feb/2015:22:48:57 +0100] "GET /contacts.php?rub=voir&deb=35832 HTTP/1.1" 200 4869 divebartheband.com "-" "Mozilla/5.0 (compatible; AhrefsBot/5.0; +http://ahrefs.com/robot/)" "-"
188.165.15.110 - - [02/Feb/2015:22:49:32 +0100] "GET /contacts.php?rub=voir&deb=18160 HTTP/1.1" 200 4869 divebartheband.com "-" "Mozilla/5.0 (compatible; AhrefsBot/5.0; +http://ahrefs.com/robot/)" "-"
188.165.15.110 - - [02/Feb/2015:22:50:59 +0100] "GET /contacts.php?rub=voir&deb=43264 HTTP/1.1" 200 4869 divebartheband.com "-" "Mozilla/5.0 (compatible; AhrefsBot/5.0; +http://ahrefs.com/robot/)" "-"
188.165.15.13 - - [02/Feb/2015:22:52:17 +0100] "GET /contacts.php?rub=voir&deb=9616 HTTP/1.1" 200 4869 www.dive-hall.com "-" "Mozilla/5.0 (compatible; AhrefsBot/5.0; +http://ahrefs.com/robot/)" "-"
188.165.15.240 - - [02/Feb/2015:23:00:36 +0100] "GET /contacts.php?rub=voir&deb=34160 HTTP/1.1" 200 4869 divebartheband.com "-" "Mozilla/5.0 (compatible; AhrefsBot/5.0; +http://ahrefs.com/robot/)" "-"
91.207.6.138 - - [02/Feb/2015:23:02:05 +0100] "POST /livredor/index.php3?rub=ajouter HTTP/1.1" 200 25262 www.dive-hall.com "http://www.dive-hall.com/contacts.php" "Mozilla/4.0 (compatible; MSIE 6.0; X11; Linux i686) Opera 7.53 [en]" "-"
188.165.15.204 - - [02/Feb/2015:23:04:49 +0100] "GET /contacts.php?rub=voir&deb=38896 HTTP/1.1" 200 4869 www.dive-hall.com "-" "Mozilla/5.0 (compatible; AhrefsBot/5.0; +http://ahrefs.com/robot/)" "-"
46.161.41.34 - - [02/Feb/2015:23:07:45 +0100] "GET /contacts.php HTTP/1.1" 200 4869 divebartheband.com "-" "Mozilla/4.0 (compatible; MSIE 6.0; Windows NT 5.1; SV1)" "-"
46.161.41.34 - - [02/Feb/2015:23:07:53 +0100] "POST /livredor/index.php3?rub=ajouter HTTP/1.1" 200 25262 divebartheband.com "http://divebartheband.com/contacts.php" "Mozilla/4.0 (compatible; MSIE 6.0; Windows NT 5.1; SV1)" "-"
46.161.41.34 - - [02/Feb/2015:23:08:06 +0100] "GET /contacts.php HTTP/1.1" 200 4869 www.dive-hall.com "-" "Mozilla/4.0 (compatible; MSIE 6.0; Windows NT 5.1; SV1)" "-"
46.161.41.34 - - [02/Feb/2015:23:08:06 +0100] "POST /livredor/index.php3?rub=ajouter HTTP/1.1" 200 25262 www.dive-hall.com "http://www.dive-hall.com/contacts.php" "Mozilla/4.0 (compatible; MSIE 6.0; Windows NT 5.1; SV1)" "-"
